     VMA      LMA     Size Align Out     In      Symbol
80000000 80000000     205c    16 .text
80000000 80000000        0     1         _stext = .
80000000 80000000       52     1         /home/heng/test/rust_riscv/target/riscv32imac-unknown-none-elf/release/build/qemu-virt-rv32/27efcae83b6b67ba/out/qemu_virt_rv32.qemu_virt_rv32.cb72a5cbc198be8f-cgu.0.rcgu.o:(.text.start)
80000000 80000000        0     1                 .Lpcrel_hi0
80000000 80000000        0     1                 $xrv32i2p1_m2p0_a2p1_c2p0_zmmul1p0_zaamo1p0_zalrsc1p0_zca1p0
80000000 80000000        0     1                 _start
80000008 80000008        0     1                 .Lpcrel_hi1
80000010 80000010        0     1                 .Lpcrel_hi2
80000018 80000018        0     1                 .Lpcrel_hi3
80000032 80000032        0     1                 .Lpcrel_hi4
8000003a 8000003a        0     1                 .Lpcrel_hi5
80000060 80000060       9a    16         /home/heng/test/rust_riscv/target/riscv32imac-unknown-none-elf/release/build/qemu-virt-rv32/27efcae83b6b67ba/out/qemu_virt_rv32.qemu_virt_rv32.cb72a5cbc198be8f-cgu.0.rcgu.o:(.text)
80000060 80000060        0     1                 $xrv32i2p1_m2p0_a2p1_c2p0_zmmul1p0_zaamo1p0_zalrsc1p0_zca1p0
80000060 80000060        0     1                 trap_handler
800000fa 800000fa      176     2         /home/heng/test/rust_riscv/target/riscv32imac-unknown-none-elf/release/build/qemu-virt-rv32/27efcae83b6b67ba/out/qemu_virt_rv32.qemu_virt_rv32.cb72a5cbc198be8f-cgu.0.rcgu.o:(.text._RINvCs2wOBtKhbbY5_6kernel11kernel_mainNtNtCshsWMsBEQQ21_14qemu_virt_rv328platform16QemuVirtPlatformEBE_)
800000fa 800000fa      176     1                 kernel::kernel_main::<qemu_virt_rv32::platform::QemuVirtPlatform>
800000fa 800000fa        0     1                 .L0 
800000fa 800000fa        0     1                 $xrv32i2p1_m2p0_a2p1_c2p0_zmmul1p0_zaamo1p0_zalrsc1p0_zca1p0
80000180 80000180        0     1                 .Lpcrel_hi6
80000270 80000270       3c     2         /home/heng/test/rust_riscv/target/riscv32imac-unknown-none-elf/release/build/qemu-virt-rv32/27efcae83b6b67ba/out/qemu_virt_rv32.qemu_virt_rv32.cb72a5cbc198be8f-cgu.0.rcgu.o:(.text._RNCNvMNtNtCs2wOBtKhbbY5_6kernel5shell5shellINtB4_5ShellINtB8_10PlatformIONtNtCshsWMsBEQQ21_14qemu_virt_rv328platform16QemuVirtPlatformEE12find_command0B1d_)
80000270 80000270       3c     1                 <kernel::shell::shell::Shell<kernel::PlatformIO<qemu_virt_rv32::platform::QemuVirtPlatform>>>::find_command::{closure#0}
80000270 80000270        0     1                 .L0 
80000270 80000270        0     1                 $xrv32i2p1_m2p0_a2p1_c2p0_zmmul1p0_zaamo1p0_zalrsc1p0_zca1p0
800002ac 800002ac       b8     2         /home/heng/test/rust_riscv/target/riscv32imac-unknown-none-elf/release/build/qemu-virt-rv32/27efcae83b6b67ba/out/qemu_virt_rv32.qemu_virt_rv32.cb72a5cbc198be8f-cgu.0.rcgu.o:(.text._RNvCs1LDpbjUyPSN_7___rustc17rust_begin_unwind)
800002ac 800002ac       b8     1                 __rustc::rust_begin_unwind
800002ac 800002ac        0     1                 .L0 
800002ac 800002ac        0     1                 $xrv32i2p1_m2p0_a2p1_c2p0_zmmul1p0_zaamo1p0_zalrsc1p0_zca1p0
80000364 80000364       16     2         /home/heng/test/rust_riscv/target/riscv32imac-unknown-none-elf/release/build/qemu-virt-rv32/27efcae83b6b67ba/out/qemu_virt_rv32.qemu_virt_rv32.cb72a5cbc198be8f-cgu.0.rcgu.o:(.text._RNvCshsWMsBEQQ21_14qemu_virt_rv3210timer_tick)
80000364 80000364       16     1                 qemu_virt_rv32::timer_tick
80000364 80000364        0     1                 .L0 
80000364 80000364        0     1                 $xrv32i2p1_m2p0_a2p1_c2p0_zmmul1p0_zaamo1p0_zalrsc1p0_zca1p0
8000037a 8000037a       14     2         /home/heng/test/rust_riscv/target/riscv32imac-unknown-none-elf/release/build/qemu-virt-rv32/27efcae83b6b67ba/out/qemu_virt_rv32.qemu_virt_rv32.cb72a5cbc198be8f-cgu.0.rcgu.o:(.text._RNvCshsWMsBEQQ21_14qemu_virt_rv3214uptime_seconds)
8000037a 8000037a       14     1                 qemu_virt_rv32::uptime_seconds
8000037a 8000037a        0     1                 .L0 
8000037a 8000037a        0     1                 $xrv32i2p1_m2p0_a2p1_c2p0_zmmul1p0_zaamo1p0_zalrsc1p0_zca1p0
8000038e 8000038e        c     2         /home/heng/test/rust_riscv/target/riscv32imac-unknown-none-elf/release/build/qemu-virt-rv32/27efcae83b6b67ba/out/qemu_virt_rv32.qemu_virt_rv32.cb72a5cbc198be8f-cgu.0.rcgu.o:(.text._RNvMNtNtCs2wOBtKhbbY5_6kernel5shell5shellINtB2_5ShellINtB6_10PlatformIONtNtCshsWMsBEQQ21_14qemu_virt_rv328platform16QemuVirtPlatformEE11show_promptB1b_)
8000038e 8000038e        c     1                 <kernel::shell::shell::Shell<kernel::PlatformIO<qemu_virt_rv32::platform::QemuVirtPlatform>>>::show_prompt
8000038e 8000038e        0     1                 .L0 
8000038e 8000038e        0     1                 $xrv32i2p1_m2p0_a2p1_c2p0_zmmul1p0_zaamo1p0_zalrsc1p0_zca1p0
8000039a 8000039a      726     2         /home/heng/test/rust_riscv/target/riscv32imac-unknown-none-elf/release/build/qemu-virt-rv32/27efcae83b6b67ba/out/qemu_virt_rv32.qemu_virt_rv32.cb72a5cbc198be8f-cgu.0.rcgu.o:(.text._RNvMNtNtCs2wOBtKhbbY5_6kernel5shell5shellINtB2_5ShellINtB6_10PlatformIONtNtCshsWMsBEQQ21_14qemu_virt_rv328platform16QemuVirtPlatformEE3runB1b_)
8000039a 8000039a      726     1                 <kernel::shell::shell::Shell<kernel::PlatformIO<qemu_virt_rv32::platform::QemuVirtPlatform>>>::run
8000039a 8000039a        0     1                 .L0 
8000039a 8000039a        0     1                 $xrv32i2p1_m2p0_a2p1_c2p0_zmmul1p0_zaamo1p0_zalrsc1p0_zca1p0
800004b8 800004b8        0     1                 .L0 
800004e8 800004e8        0     1                 .L0 
80000504 80000504        0     1                 .L0 
80000538 80000538        0     1                 .L0 
800005a8 800005a8        0     1                 .L0 
80000ac0 80000ac0       2a     2         /home/heng/test/rust_riscv/target/riscv32imac-unknown-none-elf/release/build/qemu-virt-rv32/27efcae83b6b67ba/out/qemu_virt_rv32.qemu_virt_rv32.cb72a5cbc198be8f-cgu.0.rcgu.o:(.text._RNvMNtNtCshsWMsBEQQ21_14qemu_virt_rv328hal_impl5clintNtB2_5Clint11set_timeout)
80000ac0 80000ac0       2a     1                 <qemu_virt_rv32::hal_impl::clint::Clint>::set_timeout
80000ac0 80000ac0        0     1                 .L0 
80000ac0 80000ac0        0     1                 $xrv32i2p1_m2p0_a2p1_c2p0_zmmul1p0_zaamo1p0_zalrsc1p0_zca1p0
80000aea 80000aea       12     2         /home/heng/test/rust_riscv/target/riscv32imac-unknown-none-elf/release/build/qemu-virt-rv32/27efcae83b6b67ba/out/qemu_virt_rv32.qemu_virt_rv32.cb72a5cbc198be8f-cgu.0.rcgu.o:(.text._RNvNtCs7H6NTKLT7Kb_12riscv_common12startup_rv329bss_range)
80000aea 80000aea       12     1                 riscv_common::startup_rv32::bss_range
80000aea 80000aea        0     1                 .L0 
80000aea 80000aea        0     1                 $xrv32i2p1_m2p0_a2p1_c2p0_zmmul1p0_zaamo1p0_zalrsc1p0_zca1p0
80000afc 80000afc      11e     2         /home/heng/test/rust_riscv/target/riscv32imac-unknown-none-elf/release/build/qemu-virt-rv32/27efcae83b6b67ba/out/qemu_virt_rv32.qemu_virt_rv32.cb72a5cbc198be8f-cgu.0.rcgu.o:(.text._RNvNtCshsWMsBEQQ21_14qemu_virt_rv328commands12write_region)
80000afc 80000afc      11e     1                 qemu_virt_rv32::commands::write_region
80000afc 80000afc        0     1                 .L0 
80000afc 80000afc        0     1                 $xrv32i2p1_m2p0_a2p1_c2p0_zmmul1p0_zaamo1p0_zalrsc1p0_zca1p0
80000c1a 80000c1a       a0     2         /home/heng/test/rust_riscv/target/riscv32imac-unknown-none-elf/release/build/qemu-virt-rv32/27efcae83b6b67ba/out/qemu_virt_rv32.qemu_virt_rv32.cb72a5cbc198be8f-cgu.0.rcgu.o:(.text._RNvNtCshsWMsBEQQ21_14qemu_virt_rv328commands9write_hex)
80000c1a 80000c1a       a0     1                 qemu_virt_rv32::commands::write_hex
80000c1a 80000c1a        0     1                 .L0 
80000c1a 80000c1a        0     1                 $xrv32i2p1_m2p0_a2p1_c2p0_zmmul1p0_zaamo1p0_zalrsc1p0_zca1p0
80000cba 80000cba        e     2         /home/heng/test/rust_riscv/target/riscv32imac-unknown-none-elf/release/build/qemu-virt-rv32/27efcae83b6b67ba/out/qemu_virt_rv32.qemu_virt_rv32.cb72a5cbc198be8f-cgu.0.rcgu.o:(.text._RNvXNtCshsWMsBEQQ21_14qemu_virt_rv328commandsNtB2_11HelpCommandNtNtNtCs2wOBtKhbbY5_6kernel5shell5shell14CommandHandler4help)
80000cba 80000cba        e     1                 <qemu_virt_rv32::commands::HelpCommand as kernel::shell::shell::CommandHandler>::help
80000cba 80000cba        0     1                 .L0 
80000cba 80000cba        0     1                 $xrv32i2p1_m2p0_a2p1_c2p0_zmmul1p0_zaamo1p0_zalrsc1p0_zca1p0
80000cc8 80000cc8      170     2         /home/heng/test/rust_riscv/target/riscv32imac-unknown-none-elf/release/build/qemu-virt-rv32/27efcae83b6b67ba/out/qemu_virt_rv32.qemu_virt_rv32.cb72a5cbc198be8f-cgu.0.rcgu.o:(.text._RNvXNtCshsWMsBEQQ21_14qemu_virt_rv328commandsNtB2_11HelpCommandNtNtNtCs2wOBtKhbbY5_6kernel5shell5shell14CommandHandler7execute)
80000cc8 80000cc8      170     1                 <qemu_virt_rv32::commands::HelpCommand as kernel::shell::shell::CommandHandler>::execute
80000cc8 80000cc8        0     1                 .L0 
80000cc8 80000cc8        0     1                 $xrv32i2p1_m2p0_a2p1_c2p0_zmmul1p0_zaamo1p0_zalrsc1p0_zca1p0
80000e38 80000e38       16     2         /home/heng/test/rust_riscv/target/riscv32imac-unknown-none-elf/release/build/qemu-virt-rv32/27efcae83b6b67ba/out/qemu_virt_rv32.qemu_virt_rv32.cb72a5cbc198be8f-cgu.0.rcgu.o:(.text._RNvXNvNtNtNtCs2wOBtKhbbY5_6kernel5shell5shell7ShellIO9write_fmtINtB2_6WriterINtBa_10PlatformIONtNtCshsWMsBEQQ21_14qemu_virt_rv328platform16QemuVirtPlatformEENtNtCs9modyvJFFaw_4core3fmt5Write9write_strB1y_)
80000e38 80000e38       16     1                 <kernel::shell::shell::ShellIO::write_fmt::Writer<kernel::PlatformIO<qemu_virt_rv32::platform::QemuVirtPlatform>> as core::fmt::Write>::write_str
80000e38 80000e38        0     1                 .L0 
80000e38 80000e38        0     1                 $xrv32i2p1_m2p0_a2p1_c2p0_zmmul1p0_zaamo1p0_zalrsc1p0_zca1p0
80000e4e 80000e4e        c     2         /home/heng/test/rust_riscv/target/riscv32imac-unknown-none-elf/release/build/qemu-virt-rv32/27efcae83b6b67ba/out/qemu_virt_rv32.qemu_virt_rv32.cb72a5cbc198be8f-cgu.0.rcgu.o:(.text._RNvXs0_NtCshsWMsBEQQ21_14qemu_virt_rv328commandsNtB5_13RebootCommandNtNtNtCs2wOBtKhbbY5_6kernel5shell5shell14CommandHandler4help)
80000e4e 80000e4e        c     1                 <qemu_virt_rv32::commands::RebootCommand as kernel::shell::shell::CommandHandler>::help
80000e4e 80000e4e        0     1                 .L0 
80000e4e 80000e4e        0     1                 $xrv32i2p1_m2p0_a2p1_c2p0_zmmul1p0_zaamo1p0_zalrsc1p0_zca1p0
80000e5a 80000e5a       1c     2         /home/heng/test/rust_riscv/target/riscv32imac-unknown-none-elf/release/build/qemu-virt-rv32/27efcae83b6b67ba/out/qemu_virt_rv32.qemu_virt_rv32.cb72a5cbc198be8f-cgu.0.rcgu.o:(.text._RNvXs0_NtCshsWMsBEQQ21_14qemu_virt_rv328commandsNtB5_13RebootCommandNtNtNtCs2wOBtKhbbY5_6kernel5shell5shell14CommandHandler7execute)
80000e5a 80000e5a       1c     1                 <qemu_virt_rv32::commands::RebootCommand as kernel::shell::shell::CommandHandler>::execute
80000e5a 80000e5a        0     1                 .L0 
80000e5a 80000e5a        0     1                 $xrv32i2p1_m2p0_a2p1_c2p0_zmmul1p0_zaamo1p0_zalrsc1p0_zca1p0
80000e76 80000e76        c     2         /home/heng/test/rust_riscv/target/riscv32imac-unknown-none-elf/release/build/qemu-virt-rv32/27efcae83b6b67ba/out/qemu_virt_rv32.qemu_virt_rv32.cb72a5cbc198be8f-cgu.0.rcgu.o:(.text._RNvXs0_NtNtCs2wOBtKhbbY5_6kernel5shell8commandsNtB5_12ClearCommandNtNtB7_5shell14CommandHandler4help)
80000e76 80000e76        c     1                 <kernel::shell::commands::ClearCommand as kernel::shell::shell::CommandHandler>::help
80000e76 80000e76        0     1                 .L0 
80000e76 80000e76        0     1                 $xrv32i2p1_m2p0_a2p1_c2p0_zmmul1p0_zaamo1p0_zalrsc1p0_zca1p0
80000e82 80000e82       12     2         /home/heng/test/rust_riscv/target/riscv32imac-unknown-none-elf/release/build/qemu-virt-rv32/27efcae83b6b67ba/out/qemu_virt_rv32.qemu_virt_rv32.cb72a5cbc198be8f-cgu.0.rcgu.o:(.text._RNvXs1_NtCshsWMsBEQQ21_14qemu_virt_rv328platformNtB5_16QemuVirtPlatformNtNtCs8OxRnXAWDKf_3hal8platform8Platform6reboot)
80000e82 80000e82       12     1                 <qemu_virt_rv32::platform::QemuVirtPlatform as hal::platform::Platform>::reboot
80000e82 80000e82        0     1                 .L0 
80000e82 80000e82        0     1                 $xrv32i2p1_m2p0_a2p1_c2p0_zmmul1p0_zaamo1p0_zalrsc1p0_zca1p0
80000e94 80000e94        e     2         /home/heng/test/rust_riscv/target/riscv32imac-unknown-none-elf/release/build/qemu-virt-rv32/27efcae83b6b67ba/out/qemu_virt_rv32.qemu_virt_rv32.cb72a5cbc198be8f-cgu.0.rcgu.o:(.text._RNvXs1_NtNtCs2wOBtKhbbY5_6kernel5shell8commandsNtB5_14VersionCommandNtNtB7_5shell14CommandHandler4help)
80000e94 80000e94        e     1                 <kernel::shell::commands::VersionCommand as kernel::shell::shell::CommandHandler>::help
80000e94 80000e94        0     1                 .L0 
80000e94 80000e94        0     1                 $xrv32i2p1_m2p0_a2p1_c2p0_zmmul1p0_zaamo1p0_zalrsc1p0_zca1p0
80000ea2 80000ea2        c     2         /home/heng/test/rust_riscv/target/riscv32imac-unknown-none-elf/release/build/qemu-virt-rv32/27efcae83b6b67ba/out/qemu_virt_rv32.qemu_virt_rv32.cb72a5cbc198be8f-cgu.0.rcgu.o:(.text._RNvXs2_NtNtCs2wOBtKhbbY5_6kernel5shell8commandsNtB5_13UptimeCommandNtNtB7_5shell14CommandHandler4help)
80000ea2 80000ea2        c     1                 <kernel::shell::commands::UptimeCommand as kernel::shell::shell::CommandHandler>::help
80000ea2 80000ea2        0     1                 .L0 
80000ea2 80000ea2        0     1                 $xrv32i2p1_m2p0_a2p1_c2p0_zmmul1p0_zaamo1p0_zalrsc1p0_zca1p0
80000eae 80000eae        e     2         /home/heng/test/rust_riscv/target/riscv32imac-unknown-none-elf/release/build/qemu-virt-rv32/27efcae83b6b67ba/out/qemu_virt_rv32.qemu_virt_rv32.cb72a5cbc198be8f-cgu.0.rcgu.o:(.text._RNvXs3_NtNtCs2wOBtKhbbY5_6kernel5shell8commandsNtB5_12PanicCommandNtNtB7_5shell14CommandHandler4help)
80000eae 80000eae        e     1                 <kernel::shell::commands::PanicCommand as kernel::shell::shell::CommandHandler>::help
80000eae 80000eae        0     1                 .L0 
80000eae 80000eae        0     1                 $xrv32i2p1_m2p0_a2p1_c2p0_zmmul1p0_zaamo1p0_zalrsc1p0_zca1p0
80000ebc 80000ebc        c     2         /home/heng/test/rust_riscv/target/riscv32imac-unknown-none-elf/release/build/qemu-virt-rv32/27efcae83b6b67ba/out/qemu_virt_rv32.qemu_virt_rv32.cb72a5cbc198be8f-cgu.0.rcgu.o:(.text._RNvXs_Cs2wOBtKhbbY5_6kernelINtB4_10PlatformIONtNtCshsWMsBEQQ21_14qemu_virt_rv328platform16QemuVirtPlatformENtNtNtB4_5shell5shell7ShellIO10write_byteBL_)
80000ebc 80000ebc        c     1                 <kernel::PlatformIO<qemu_virt_rv32::platform::QemuVirtPlatform> as kernel::shell::shell::ShellIO>::write_byte
80000ebc 80000ebc        0     1                 .L0 
80000ebc 80000ebc        0     1                 $xrv32i2p1_m2p0_a2p1_c2p0_zmmul1p0_zaamo1p0_zalrsc1p0_zca1p0
80000ec8 80000ec8       14     2         /home/heng/test/rust_riscv/target/riscv32imac-unknown-none-elf/release/build/qemu-virt-rv32/27efcae83b6b67ba/out/qemu_virt_rv32.qemu_virt_rv32.cb72a5cbc198be8f-cgu.0.rcgu.o:(.text._RNvXs_Cs2wOBtKhbbY5_6kernelINtB4_10PlatformIONtNtCshsWMsBEQQ21_14qemu_virt_rv328platform16QemuVirtPlatformENtNtNtB4_5shell5shell7ShellIO9read_byteBL_)
80000ec8 80000ec8       14     1                 <kernel::PlatformIO<qemu_virt_rv32::platform::QemuVirtPlatform> as kernel::shell::shell::ShellIO>::read_byte
80000ec8 80000ec8        0     1                 .L0 
80000ec8 80000ec8        0     1                 $xrv32i2p1_m2p0_a2p1_c2p0_zmmul1p0_zaamo1p0_zalrsc1p0_zca1p0
80000edc 80000edc        c     2         /home/heng/test/rust_riscv/target/riscv32imac-unknown-none-elf/release/build/qemu-virt-rv32/27efcae83b6b67ba/out/qemu_virt_rv32.qemu_virt_rv32.cb72a5cbc198be8f-cgu.0.rcgu.o:(.text._RNvXs_Cs2wOBtKhbbY5_6kernelINtB4_10PlatformIONtNtCshsWMsBEQQ21_14qemu_virt_rv328platform16QemuVirtPlatformENtNtNtB4_5shell5shell7ShellIO9write_strBL_)
80000edc 80000edc        c     1                 <kernel::PlatformIO<qemu_virt_rv32::platform::QemuVirtPlatform> as kernel::shell::shell::ShellIO>::write_str
80000edc 80000edc        0     1                 .L0 
80000edc 80000edc        0     1                 $xrv32i2p1_m2p0_a2p1_c2p0_zmmul1p0_zaamo1p0_zalrsc1p0_zca1p0
80000ee8 80000ee8        e     2         /home/heng/test/rust_riscv/target/riscv32imac-unknown-none-elf/release/build/qemu-virt-rv32/27efcae83b6b67ba/out/qemu_virt_rv32.qemu_virt_rv32.cb72a5cbc198be8f-cgu.0.rcgu.o:(.text._RNvXs_NtCshsWMsBEQQ21_14qemu_virt_rv328commandsNtB4_14MeminfoCommandNtNtNtCs2wOBtKhbbY5_6kernel5shell5shell14CommandHandler4help)
80000ee8 80000ee8        e     1                 <qemu_virt_rv32::commands::MeminfoCommand as kernel::shell::shell::CommandHandler>::help
80000ee8 80000ee8        0     1                 .L0 
80000ee8 80000ee8        0     1                 $xrv32i2p1_m2p0_a2p1_c2p0_zmmul1p0_zaamo1p0_zalrsc1p0_zca1p0
80000ef6 80000ef6       ee     2         /home/heng/test/rust_riscv/target/riscv32imac-unknown-none-elf/release/build/qemu-virt-rv32/27efcae83b6b67ba/out/qemu_virt_rv32.qemu_virt_rv32.cb72a5cbc198be8f-cgu.0.rcgu.o:(.text._RNvXs_NtCshsWMsBEQQ21_14qemu_virt_rv328commandsNtB4_14MeminfoCommandNtNtNtCs2wOBtKhbbY5_6kernel5shell5shell14CommandHandler7execute)
80000ef6 80000ef6       ee     1                 <qemu_virt_rv32::commands::MeminfoCommand as kernel::shell::shell::CommandHandler>::execute
80000ef6 80000ef6        0     1                 .L0 
80000ef6 80000ef6        0     1                 $xrv32i2p1_m2p0_a2p1_c2p0_zmmul1p0_zaamo1p0_zalrsc1p0_zca1p0
80000fe4 80000fe4       2c     2         /home/heng/test/rust_riscv/target/riscv32imac-unknown-none-elf/release/build/qemu-virt-rv32/27efcae83b6b67ba/out/qemu_virt_rv32.qemu_virt_rv32.cb72a5cbc198be8f-cgu.0.rcgu.o:(.text._RNvXs_NtCshsWMsBEQQ21_14qemu_virt_rv328platformNtB4_11QemuConsoleNtNtCs8OxRnXAWDKf_3hal6serial10SerialPort4init)
80000fe4 80000fe4       2c     1                 <qemu_virt_rv32::platform::QemuConsole as hal::serial::SerialPort>::init
80000fe4 80000fe4        0     1                 .L0 
80000fe4 80000fe4        0     1                 $xrv32i2p1_m2p0_a2p1_c2p0_zmmul1p0_zaamo1p0_zalrsc1p0_zca1p0
80001010 80001010       10     2         /home/heng/test/rust_riscv/target/riscv32imac-unknown-none-elf/release/build/qemu-virt-rv32/27efcae83b6b67ba/out/qemu_virt_rv32.qemu_virt_rv32.cb72a5cbc198be8f-cgu.0.rcgu.o:(.text._RNvXs_NtCshsWMsBEQQ21_14qemu_virt_rv328platformNtB4_11QemuConsoleNtNtCs8OxRnXAWDKf_3hal6serial10SerialPort4putc)
80001010 80001010       10     1                 <qemu_virt_rv32::platform::QemuConsole as hal::serial::SerialPort>::putc
80001010 80001010        0     1                 .L0 
80001010 80001010        0     1                 $xrv32i2p1_m2p0_a2p1_c2p0_zmmul1p0_zaamo1p0_zalrsc1p0_zca1p0
80001020 80001020        c     2         /home/heng/test/rust_riscv/target/riscv32imac-unknown-none-elf/release/build/qemu-virt-rv32/27efcae83b6b67ba/out/qemu_virt_rv32.qemu_virt_rv32.cb72a5cbc198be8f-cgu.0.rcgu.o:(.text._RNvXs_NtNtCs2wOBtKhbbY5_6kernel5shell8commandsNtB4_11EchoCommandNtNtB6_5shell14CommandHandler4help)
80001020 80001020        c     1                 <kernel::shell::commands::EchoCommand as kernel::shell::shell::CommandHandler>::help
80001020 80001020        0     1                 .L0 
80001020 80001020        0     1                 $xrv32i2p1_m2p0_a2p1_c2p0_zmmul1p0_zaamo1p0_zalrsc1p0_zca1p0
8000102c 8000102c       16     2         /home/heng/test/rust_riscv/target/riscv32imac-unknown-none-elf/release/build/qemu-virt-rv32/27efcae83b6b67ba/out/qemu_virt_rv32.qemu_virt_rv32.cb72a5cbc198be8f-cgu.0.rcgu.o:(.text._RNvXsd_NtCs9modyvJFFaw_4core5arrayAhj100_INtNtNtB7_3ops5index5IndexINtNtBI_5range7RangeTojEE5indexCshsWMsBEQQ21_14qemu_virt_rv32)
8000102c 8000102c       16     1                 <[u8; 256] as core::ops::index::Index<core::ops::range::RangeTo<usize>>>::index
8000102c 8000102c        0     1                 .L0 
8000102c 8000102c        0     1                 $xrv32i2p1_m2p0_a2p1_c2p0_zmmul1p0_zaamo1p0_zalrsc1p0_zca1p0
80001042 80001042       16     2         /home/heng/test/rust_riscv/target/riscv32imac-unknown-none-elf/release/build/qemu-virt-rv32/27efcae83b6b67ba/out/qemu_virt_rv32.qemu_virt_rv32.cb72a5cbc198be8f-cgu.0.rcgu.o:(.text._RNvYINtCs2wOBtKhbbY5_6kernel10PlatformIONtNtCshsWMsBEQQ21_14qemu_virt_rv328platform16QemuVirtPlatformENtNtNtB5_5shell5shell7ShellIO9write_fmtBG_)
80001042 80001042       16     1                 <kernel::PlatformIO<qemu_virt_rv32::platform::QemuVirtPlatform> as kernel::shell::shell::ShellIO>::write_fmt
80001042 80001042        0     1                 .L0 
80001042 80001042        0     1                 $xrv32i2p1_m2p0_a2p1_c2p0_zmmul1p0_zaamo1p0_zalrsc1p0_zca1p0
80001058 80001058       90     2         /home/heng/test/rust_riscv/target/riscv32imac-unknown-none-elf/release/build/qemu-virt-rv32/27efcae83b6b67ba/out/qemu_virt_rv32.qemu_virt_rv32.cb72a5cbc198be8f-cgu.0.rcgu.o:(.text._RNvYINtNvNtNtNtCs2wOBtKhbbY5_6kernel5shell5shell7ShellIO9write_fmt6WriterINtBd_10PlatformIONtNtCshsWMsBEQQ21_14qemu_virt_rv328platform16QemuVirtPlatformEENtNtCs9modyvJFFaw_4core3fmt5Write10write_charB1v_)
80001058 80001058       90     1                 <kernel::shell::shell::ShellIO::write_fmt::Writer<kernel::PlatformIO<qemu_virt_rv32::platform::QemuVirtPlatform>> as core::fmt::Write>::write_char
80001058 80001058        0     1                 .L0 
80001058 80001058        0     1                 $xrv32i2p1_m2p0_a2p1_c2p0_zmmul1p0_zaamo1p0_zalrsc1p0_zca1p0
800010e8 800010e8      1b8     2         /home/heng/test/rust_riscv/target/riscv32imac-unknown-none-elf/release/build/qemu-virt-rv32/27efcae83b6b67ba/out/qemu_virt_rv32.qemu_virt_rv32.cb72a5cbc198be8f-cgu.0.rcgu.o:(.text._RNvYINtNvNtNtNtCs2wOBtKhbbY5_6kernel5shell5shell7ShellIO9write_fmt6WriterINtBd_10PlatformIONtNtCshsWMsBEQQ21_14qemu_virt_rv328platform16QemuVirtPlatformEENtNtCs9modyvJFFaw_4core3fmt5Write9write_fmtB1v_)
800010e8 800010e8      1b8     1                 <kernel::shell::shell::ShellIO::write_fmt::Writer<kernel::PlatformIO<qemu_virt_rv32::platform::QemuVirtPlatform>> as core::fmt::Write>::write_fmt
800010e8 800010e8        0     1                 .L0 
800010e8 800010e8        0     1                 $xrv32i2p1_m2p0_a2p1_c2p0_zmmul1p0_zaamo1p0_zalrsc1p0_zca1p0
800012a0 800012a0        8     2         /home/heng/test/rust_riscv/target/riscv32imac-unknown-none-elf/release/build/qemu-virt-rv32/27efcae83b6b67ba/out/qemu_virt_rv32.qemu_virt_rv32.cb72a5cbc198be8f-cgu.0.rcgu.o:(.text._RNvYNCNvCshsWMsBEQQ21_14qemu_virt_rv3211kernel_main0INtNtNtCs9modyvJFFaw_4core3ops8function6FnOnceuE9call_onceB6_)
800012a0 800012a0        8     1                 <qemu_virt_rv32::kernel_main::{closure#0} as core::ops::function::FnOnce<()>>::call_once
800012a0 800012a0        0     1                 .L0 
800012a0 800012a0        0     1                 $xrv32i2p1_m2p0_a2p1_c2p0_zmmul1p0_zaamo1p0_zalrsc1p0_zca1p0
800012a8 800012a8        8     2         /home/heng/test/rust_riscv/target/riscv32imac-unknown-none-elf/release/build/qemu-virt-rv32/27efcae83b6b67ba/out/qemu_virt_rv32.qemu_virt_rv32.cb72a5cbc198be8f-cgu.0.rcgu.o:(.text._RNvYNCNvCshsWMsBEQQ21_14qemu_virt_rv3211kernel_mains_0INtNtNtCs9modyvJFFaw_4core3ops8function6FnOnceTmEE9call_onceB6_)
800012a8 800012a8        8     1                 <qemu_virt_rv32::kernel_main::{closure#1} as core::ops::function::FnOnce<(u32,)>>::call_once
800012a8 800012a8        0     1                 .L0 
800012a8 800012a8        0     1                 $xrv32i2p1_m2p0_a2p1_c2p0_zmmul1p0_zaamo1p0_zalrsc1p0_zca1p0
800012b0 800012b0       36     2         /home/heng/test/rust_riscv/target/riscv32imac-unknown-none-elf/release/build/qemu-virt-rv32/27efcae83b6b67ba/out/qemu_virt_rv32.qemu_virt_rv32.cb72a5cbc198be8f-cgu.0.rcgu.o:(.text._RNvYNtNtCshsWMsBEQQ21_14qemu_virt_rv328platform11QemuConsoleNtNtCs8OxRnXAWDKf_3hal6serial10SerialPort4putsB6_)
800012b0 800012b0       36     1                 <qemu_virt_rv32::platform::QemuConsole as hal::serial::SerialPort>::puts
800012b0 800012b0        0     1                 .L0 
800012b0 800012b0        0     1                 $xrv32i2p1_m2p0_a2p1_c2p0_zmmul1p0_zaamo1p0_zalrsc1p0_zca1p0
800012e6 800012e6       5c     2         /home/heng/test/rust_riscv/target/riscv32imac-unknown-none-elf/release/build/qemu-virt-rv32/27efcae83b6b67ba/out/qemu_virt_rv32.qemu_virt_rv32.cb72a5cbc198be8f-cgu.0.rcgu.o:(.text.kernel_main)
800012e6 800012e6        0     1                 .L0 
800012e6 800012e6        0     1                 $xrv32i2p1_m2p0_a2p1_c2p0_zmmul1p0_zaamo1p0_zalrsc1p0_zca1p0
800012e6 800012e6       5c     1                 kernel_main
80001342 80001342       10     2         /home/heng/test/rust_riscv/target/riscv32imac-unknown-none-elf/release/build/qemu-virt-rv32/27efcae83b6b67ba/out/qemu_virt_rv32.qemu_virt_rv32.cb72a5cbc198be8f-cgu.0.rcgu.o:(.text.unlikely._RNvNtCs9modyvJFFaw_4core9panicking9panic_fmt)
80001342 80001342       10     1                 core::panicking::panic_fmt
80001342 80001342        0     1                 .L0 
80001342 80001342        0     1                 .L0 
80001342 80001342        0     1                 $xrv32i2p1_m2p0_a2p1_c2p0_zmmul1p0_zaamo1p0_zalrsc1p0_zca1p0
80001342 80001342        0     1                 .L0 
80001352 80001352        0     1                 .L0 
80001352 80001352      218     2         /home/heng/test/rust_riscv/target/riscv32imac-unknown-none-elf/release/build/qemu-virt-rv32/27efcae83b6b67ba/out/qemu_virt_rv32.qemu_virt_rv32.cb72a5cbc198be8f-cgu.0.rcgu.o:(.text._RNvNtNtCs9modyvJFFaw_4core3str8converts9from_utf8)
80001352 80001352      218     1                 core::str::converts::from_utf8
80001352 80001352        0     1                 .L0 
80001352 80001352        0     1                 .L0 
80001352 80001352        0     1                 $xrv32i2p1_m2p0_a2p1_c2p0_zmmul1p0_zaamo1p0_zalrsc1p0_zca1p0
80001352 80001352        0     1                 .L0 
80001370 80001370        0     1                 .L0 
80001378 80001378        0     1                 .L0 
8000137c 8000137c        0     1                 .L0 
8000137e 8000137e        0     1                 .L0 
80001382 80001382        0     1                 .L0 
80001384 80001384        0     1                 .L0 
80001388 80001388        0     1                 .L0 
800013e4 800013e4        0     1                 .L0 
800013e8 800013e8        0     1                 .L0 
800013f0 800013f0        0     1                 .L0 
8000142a 8000142a        0     1                 .L0 
80001526 80001526        0     1                 .L0 
80001534 80001534        0     1                 .L0 
8000153a 8000153a        0     1                 .L0 
8000156a 8000156a        0     1                 .L0 
8000156a 8000156a       12     2         /home/heng/test/rust_riscv/target/riscv32imac-unknown-none-elf/release/build/qemu-virt-rv32/27efcae83b6b67ba/out/qemu_virt_rv32.qemu_virt_rv32.cb72a5cbc198be8f-cgu.0.rcgu.o:(.text.unlikely._RNvNtNtCs9modyvJFFaw_4core5slice5index16slice_index_fail)
8000156a 8000156a       12     1                 core::slice::index::slice_index_fail
8000156a 8000156a        0     1                 .L0 
8000156a 8000156a        0     1                 .L0 
8000156a 8000156a        0     1                 $xrv32i2p1_m2p0_a2p1_c2p0_zmmul1p0_zaamo1p0_zalrsc1p0_zca1p0
8000156a 8000156a        0     1                 .L0 
80001574 80001574        0     1                 .L0 
8000157c 8000157c        0     1                 .L0 
8000157c 8000157c       12     2         /home/heng/test/rust_riscv/target/riscv32imac-unknown-none-elf/release/build/qemu-virt-rv32/27efcae83b6b67ba/out/qemu_virt_rv32.qemu_virt_rv32.cb72a5cbc198be8f-cgu.0.rcgu.o:(.text.unlikely._RNvNtCs9modyvJFFaw_4core9panicking18panic_bounds_check)
8000157c 8000157c       12     1                 core::panicking::panic_bounds_check
8000157c 8000157c        0     1                 .L0 
8000157c 8000157c        0     1                 .L0 
8000157c 8000157c        0     1                 $xrv32i2p1_m2p0_a2p1_c2p0_zmmul1p0_zaamo1p0_zalrsc1p0_zca1p0
8000157c 8000157c        0     1                 .L0 
8000158e 8000158e        0     1                 .L0 
8000158e 8000158e       18     2         /home/heng/test/rust_riscv/target/riscv32imac-unknown-none-elf/release/build/qemu-virt-rv32/27efcae83b6b67ba/out/qemu_virt_rv32.qemu_virt_rv32.cb72a5cbc198be8f-cgu.0.rcgu.o:(.text.unlikely._RNvNtCs9modyvJFFaw_4core6option13expect_failed)
8000158e 8000158e       18     1                 core::option::expect_failed
8000158e 8000158e        0     1                 .L0 
8000158e 8000158e        0     1                 .L0 
8000158e 8000158e        0     1                 $xrv32i2p1_m2p0_a2p1_c2p0_zmmul1p0_zaamo1p0_zalrsc1p0_zca1p0
8000158e 8000158e        0     1                 .L0 
80001596 80001596        0     1                 .L0 
800015a6 800015a6        0     1                 .L0 
800015a6 800015a6       62     2         /home/heng/test/rust_riscv/target/riscv32imac-unknown-none-elf/release/build/qemu-virt-rv32/27efcae83b6b67ba/out/qemu_virt_rv32.qemu_virt_rv32.cb72a5cbc198be8f-cgu.0.rcgu.o:(.text._RNvXs1_NtNtCs2wOBtKhbbY5_6kernel5shell8commandsNtB5_14VersionCommandNtNtB7_5shell14CommandHandler7execute)
800015a6 800015a6       62     1                 <kernel::shell::commands::VersionCommand as kernel::shell::shell::CommandHandler>::execute
800015a6 800015a6        0     1                 .L0 
800015a6 800015a6        0     1                 $xrv32i2p1_m2p0_a2p1_c2p0_zmmul1p0_zaamo1p0_zalrsc1p0_zca1p0
80001608 80001608      132     2         /home/heng/test/rust_riscv/target/riscv32imac-unknown-none-elf/release/build/qemu-virt-rv32/27efcae83b6b67ba/out/qemu_virt_rv32.qemu_virt_rv32.cb72a5cbc198be8f-cgu.0.rcgu.o:(.text._RNvXs2_NtNtCs2wOBtKhbbY5_6kernel5shell8commandsNtB5_13UptimeCommandNtNtB7_5shell14CommandHandler7execute)
80001608 80001608      132     1                 <kernel::shell::commands::UptimeCommand as kernel::shell::shell::CommandHandler>::execute
80001608 80001608        0     1                 .L0 
80001608 80001608        0     1                 $xrv32i2p1_m2p0_a2p1_c2p0_zmmul1p0_zaamo1p0_zalrsc1p0_zca1p0
8000163e 8000163e        0     1                 $xrv32i2p1_m2p0_a2p1_c2p0_zihintpause2p0_zmmul1p0_zaamo1p0_zalrsc1p0_zca1p0
80001642 80001642        0     1                 $xrv32i2p1_m2p0_a2p1_c2p0_zmmul1p0_zaamo1p0_zalrsc1p0_zca1p0
8000173a 8000173a       10     2         /home/heng/test/rust_riscv/target/riscv32imac-unknown-none-elf/release/build/qemu-virt-rv32/27efcae83b6b67ba/out/qemu_virt_rv32.qemu_virt_rv32.cb72a5cbc198be8f-cgu.0.rcgu.o:(.text.unlikely._RNvXs3_NtNtCs2wOBtKhbbY5_6kernel5shell8commandsNtB5_12PanicCommandNtNtB7_5shell14CommandHandler7execute)
8000173a 8000173a       10     1                 <kernel::shell::commands::PanicCommand as kernel::shell::shell::CommandHandler>::execute
8000173a 8000173a        0     1                 .L0 
8000173a 8000173a        0     1                 $xrv32i2p1_m2p0_a2p1_c2p0_zmmul1p0_zaamo1p0_zalrsc1p0_zca1p0
8000174a 8000174a       64     2         /home/heng/test/rust_riscv/target/riscv32imac-unknown-none-elf/release/build/qemu-virt-rv32/27efcae83b6b67ba/out/qemu_virt_rv32.qemu_virt_rv32.cb72a5cbc198be8f-cgu.0.rcgu.o:(.text._RNvXs_NtNtCs2wOBtKhbbY5_6kernel5shell8commandsNtB4_11EchoCommandNtNtB6_5shell14CommandHandler7execute)
8000174a 8000174a       64     1                 <kernel::shell::commands::EchoCommand as kernel::shell::shell::CommandHandler>::execute
8000174a 8000174a        0     1                 .L0 
8000174a 8000174a        0     1                 $xrv32i2p1_m2p0_a2p1_c2p0_zmmul1p0_zaamo1p0_zalrsc1p0_zca1p0
800017ae 800017ae       1c     2         /home/heng/test/rust_riscv/target/riscv32imac-unknown-none-elf/release/build/qemu-virt-rv32/27efcae83b6b67ba/out/qemu_virt_rv32.qemu_virt_rv32.cb72a5cbc198be8f-cgu.0.rcgu.o:(.text._RNvXs0_NtNtCs2wOBtKhbbY5_6kernel5shell8commandsNtB5_12ClearCommandNtNtB7_5shell14CommandHandler7execute)
800017ae 800017ae       1c     1                 <kernel::shell::commands::ClearCommand as kernel::shell::shell::CommandHandler>::execute
800017ae 800017ae        0     1                 .L0 
800017ae 800017ae        0     1                 $xrv32i2p1_m2p0_a2p1_c2p0_zmmul1p0_zaamo1p0_zalrsc1p0_zca1p0
800017ca 800017ca       36     2         /home/heng/test/rust_riscv/target/riscv32imac-unknown-none-elf/release/build/qemu-virt-rv32/27efcae83b6b67ba/out/qemu_virt_rv32.qemu_virt_rv32.cb72a5cbc198be8f-cgu.0.rcgu.o:(.text._RNvNtCs2wOBtKhbbY5_6kernel4time22register_uptime_source)
800017ca 800017ca       36     1                 kernel::time::register_uptime_source
800017ca 800017ca        0     1                 .L0 
800017ca 800017ca        0     1                 $xrv32i2p1_m2p0_a2p1_c2p0_zmmul1p0_zaamo1p0_zalrsc1p0_zca1p0
800017e4 800017e4        0     1                 $xrv32i2p1_m2p0_a2p1_c2p0_zihintpause2p0_zmmul1p0_zaamo1p0_zalrsc1p0_zca1p0
800017e8 800017e8        0     1                 $xrv32i2p1_m2p0_a2p1_c2p0_zmmul1p0_zaamo1p0_zalrsc1p0_zca1p0
80001800 80001800       36     2         /home/heng/test/rust_riscv/target/riscv32imac-unknown-none-elf/release/build/qemu-virt-rv32/27efcae83b6b67ba/out/qemu_virt_rv32.qemu_virt_rv32.cb72a5cbc198be8f-cgu.0.rcgu.o:(.text._RNvNtCs2wOBtKhbbY5_6kernel4trap22register_claim_handler)
80001800 80001800       36     1                 kernel::trap::register_claim_handler
80001800 80001800        0     1                 .L0 
80001800 80001800        0     1                 $xrv32i2p1_m2p0_a2p1_c2p0_zmmul1p0_zaamo1p0_zalrsc1p0_zca1p0
8000181a 8000181a        0     1                 $xrv32i2p1_m2p0_a2p1_c2p0_zihintpause2p0_zmmul1p0_zaamo1p0_zalrsc1p0_zca1p0
8000181e 8000181e        0     1                 $xrv32i2p1_m2p0_a2p1_c2p0_zmmul1p0_zaamo1p0_zalrsc1p0_zca1p0
80001836 80001836       36     2         /home/heng/test/rust_riscv/target/riscv32imac-unknown-none-elf/release/build/qemu-virt-rv32/27efcae83b6b67ba/out/qemu_virt_rv32.qemu_virt_rv32.cb72a5cbc198be8f-cgu.0.rcgu.o:(.text._RNvNtCs2wOBtKhbbY5_6kernel4trap22register_timer_handler)
80001836 80001836       36     1                 kernel::trap::register_timer_handler
80001836 80001836        0     1                 .L0 
80001836 80001836        0     1                 $xrv32i2p1_m2p0_a2p1_c2p0_zmmul1p0_zaamo1p0_zalrsc1p0_zca1p0
80001850 80001850        0     1                 $xrv32i2p1_m2p0_a2p1_c2p0_zihintpause2p0_zmmul1p0_zaamo1p0_zalrsc1p0_zca1p0
80001854 80001854        0     1                 $xrv32i2p1_m2p0_a2p1_c2p0_zmmul1p0_zaamo1p0_zalrsc1p0_zca1p0
8000186c 8000186c       3a     2         /home/heng/test/rust_riscv/target/riscv32imac-unknown-none-elf/release/build/qemu-virt-rv32/27efcae83b6b67ba/out/qemu_virt_rv32.qemu_virt_rv32.cb72a5cbc198be8f-cgu.0.rcgu.o:(.text._RNvNtCs2wOBtKhbbY5_6kernel4trap25register_complete_handler)
8000186c 8000186c       3a     1                 kernel::trap::register_complete_handler
8000186c 8000186c        0     1                 .L0 
8000186c 8000186c        0     1                 $xrv32i2p1_m2p0_a2p1_c2p0_zmmul1p0_zaamo1p0_zalrsc1p0_zca1p0
80001886 80001886        0     1                 $xrv32i2p1_m2p0_a2p1_c2p0_zihintpause2p0_zmmul1p0_zaamo1p0_zalrsc1p0_zca1p0
8000188a 8000188a        0     1                 $xrv32i2p1_m2p0_a2p1_c2p0_zmmul1p0_zaamo1p0_zalrsc1p0_zca1p0
800018a6 800018a6       48     2         /home/heng/test/rust_riscv/target/riscv32imac-unknown-none-elf/release/build/qemu-virt-rv32/27efcae83b6b67ba/out/qemu_virt_rv32.qemu_virt_rv32.cb72a5cbc198be8f-cgu.0.rcgu.o:(.text._RNvNtCs2wOBtKhbbY5_6kernel4trap23dispatch_registered_irq)
800018a6 800018a6       48     1                 kernel::trap::dispatch_registered_irq
800018a6 800018a6        0     1                 .L0 
800018a6 800018a6        0     1                 $xrv32i2p1_m2p0_a2p1_c2p0_zmmul1p0_zaamo1p0_zalrsc1p0_zca1p0
800018cc 800018cc        0     1                 $xrv32i2p1_m2p0_a2p1_c2p0_zihintpause2p0_zmmul1p0_zaamo1p0_zalrsc1p0_zca1p0
800018d0 800018d0        0     1                 $xrv32i2p1_m2p0_a2p1_c2p0_zmmul1p0_zaamo1p0_zalrsc1p0_zca1p0
800018ee 800018ee       42     2         /home/heng/test/rust_riscv/target/riscv32imac-unknown-none-elf/release/build/qemu-virt-rv32/27efcae83b6b67ba/out/qemu_virt_rv32.qemu_virt_rv32.cb72a5cbc198be8f-cgu.0.rcgu.o:(.text._RNvNtCs2wOBtKhbbY5_6kernel4trap25handle_software_interrupt)
800018ee 800018ee       42     1                 kernel::trap::handle_software_interrupt
800018ee 800018ee        0     1                 .L0 
800018ee 800018ee        0     1                 $xrv32i2p1_m2p0_a2p1_c2p0_zmmul1p0_zaamo1p0_zalrsc1p0_zca1p0
80001908 80001908        0     1                 $xrv32i2p1_m2p0_a2p1_c2p0_zihintpause2p0_zmmul1p0_zaamo1p0_zalrsc1p0_zca1p0
8000190c 8000190c        0     1                 $xrv32i2p1_m2p0_a2p1_c2p0_zmmul1p0_zaamo1p0_zalrsc1p0_zca1p0
80001930 80001930       42     2         /home/heng/test/rust_riscv/target/riscv32imac-unknown-none-elf/release/build/qemu-virt-rv32/27efcae83b6b67ba/out/qemu_virt_rv32.qemu_virt_rv32.cb72a5cbc198be8f-cgu.0.rcgu.o:(.text._RNvNtCs2wOBtKhbbY5_6kernel4trap22handle_timer_interrupt)
80001930 80001930       42     1                 kernel::trap::handle_timer_interrupt
80001930 80001930        0     1                 .L0 
80001930 80001930        0     1                 $xrv32i2p1_m2p0_a2p1_c2p0_zmmul1p0_zaamo1p0_zalrsc1p0_zca1p0
8000194a 8000194a        0     1                 $xrv32i2p1_m2p0_a2p1_c2p0_zihintpause2p0_zmmul1p0_zaamo1p0_zalrsc1p0_zca1p0
8000194e 8000194e        0     1                 $xrv32i2p1_m2p0_a2p1_c2p0_zmmul1p0_zaamo1p0_zalrsc1p0_zca1p0
80001972 80001972       ce     2         /home/heng/test/rust_riscv/target/riscv32imac-unknown-none-elf/release/build/qemu-virt-rv32/27efcae83b6b67ba/out/qemu_virt_rv32.qemu_virt_rv32.cb72a5cbc198be8f-cgu.0.rcgu.o:(.text.dispatch_current_trap)
80001972 80001972        0     1                 .L0 
80001972 80001972        0     1                 $xrv32i2p1_m2p0_a2p1_c2p0_zmmul1p0_zaamo1p0_zalrsc1p0_zca1p0
80001972 80001972       ce     1                 dispatch_current_trap
800019bc 800019bc        0     1                 $xrv32i2p1_m2p0_a2p1_c2p0_zihintpause2p0_zmmul1p0_zaamo1p0_zalrsc1p0_zca1p0
800019c0 800019c0        0     1                 $xrv32i2p1_m2p0_a2p1_c2p0_zmmul1p0_zaamo1p0_zalrsc1p0_zca1p0
80001a18 80001a18        0     1                 $xrv32i2p1_m2p0_a2p1_c2p0_zihintpause2p0_zmmul1p0_zaamo1p0_zalrsc1p0_zca1p0
80001a1c 80001a1c        0     1                 $xrv32i2p1_m2p0_a2p1_c2p0_zmmul1p0_zaamo1p0_zalrsc1p0_zca1p0
80001a40 80001a40        8     2         /home/heng/test/rust_riscv/target/riscv32imac-unknown-none-elf/release/build/qemu-virt-rv32/27efcae83b6b67ba/out/qemu_virt_rv32.qemu_virt_rv32.cb72a5cbc198be8f-cgu.0.rcgu.o:(.text.trap_handler_rust)
80001a40 80001a40        0     1                 .L0 
80001a40 80001a40        0     1                 $xrv32i2p1_m2p0_a2p1_c2p0_zmmul1p0_zaamo1p0_zalrsc1p0_zca1p0
80001a40 80001a40        8     1                 trap_handler_rust
80001a48 80001a48        c     2         /home/heng/test/rust_riscv/target/riscv32imac-unknown-none-elf/release/build/qemu-virt-rv32/27efcae83b6b67ba/out/qemu_virt_rv32.qemu_virt_rv32.cb72a5cbc198be8f-cgu.0.rcgu.o:(.text.OUTLINED_FUNCTION_0)
80001a48 80001a48        c     1                 OUTLINED_FUNCTION_0
80001a48 80001a48        0     1                 .L0 
80001a48 80001a48        0     1                 $xrv32i2p1_m2p0_a2p1_c2p0_zmmul1p0_zaamo1p0_zalrsc1p0_zca1p0
80001a54 80001a54       12     2         /home/heng/test/rust_riscv/target/riscv32imac-unknown-none-elf/release/build/qemu-virt-rv32/27efcae83b6b67ba/out/qemu_virt_rv32.qemu_virt_rv32.cb72a5cbc198be8f-cgu.0.rcgu.o:(.text.OUTLINED_FUNCTION_1)
80001a54 80001a54       12     1                 OUTLINED_FUNCTION_1
80001a54 80001a54        0     1                 .L0 
80001a54 80001a54        0     1                 $xrv32i2p1_m2p0_a2p1_c2p0_zmmul1p0_zaamo1p0_zalrsc1p0_zca1p0
80001a66 80001a66       20     2         /home/heng/.rustup/toolchains/nightly-x86_64-unknown-linux-gnu/lib/rustlib/riscv32imac-unknown-none-elf/lib/libcompiler_builtins-7b68a45cba26883b.rlib(compiler_builtins-7b68a45cba26883b.compiler_builtins.eee18acf8b629568-cgu.115.rcgu.o):(.text.memcmp)
80001a66 80001a66        0     1                 .L0 
80001a66 80001a66        0     1                 .L0 
80001a66 80001a66        0     1                 $xrv32i2p1_m2p0_a2p1_c2p0_zmmul1p0_zaamo1p0_zalrsc1p0_zca1p0
80001a66 80001a66        0     1                 .L0 
80001a66 80001a66       20     1                 memcmp
80001a86 80001a86       26     2         /home/heng/.rustup/toolchains/nightly-x86_64-unknown-linux-gnu/lib/rustlib/riscv32imac-unknown-none-elf/lib/libcompiler_builtins-7b68a45cba26883b.rlib(compiler_builtins-7b68a45cba26883b.compiler_builtins.eee18acf8b629568-cgu.310.rcgu.o):(.text.__udivdi3)
80001a86 80001a86        0     1                 .L0 
80001a86 80001a86        0     1                 .L0 
80001a86 80001a86        0     1                 $xrv32i2p1_m2p0_a2p1_c2p0_zmmul1p0_zaamo1p0_zalrsc1p0_zca1p0
80001a86 80001a86        0     1                 .L0 
80001a86 80001a86       26     1                 __udivdi3
80001a96 80001a96        0     1                 .L0 
80001aac 80001aac      3ba     2         /home/heng/.rustup/toolchains/nightly-x86_64-unknown-linux-gnu/lib/rustlib/riscv32imac-unknown-none-elf/lib/libcompiler_builtins-7b68a45cba26883b.rlib(compiler_builtins-7b68a45cba26883b.compiler_builtins.eee18acf8b629568-cgu.017.rcgu.o):(.text._RNvNtNtCskvyBhNIOWfc_17compiler_builtins3int19specialized_div_rem11u64_div_rem)
80001aac 80001aac        0     1                 .L0 
80001aac 80001aac        0     1                 .L0 
80001aac 80001aac        0     1                 $xrv32i2p1_m2p0_a2p1_c2p0_zmmul1p0_zaamo1p0_zalrsc1p0_zca1p0
80001aac 80001aac        0     1                 .L0 
80001aac 80001aac      3ba     1                 compiler_builtins::int::specialized_div_rem::u64_div_rem
80001ac2 80001ac2        0     1                 .L0 
80001b28 80001b28        0     1                 .L0 
80001b60 80001b60        0     1                 .L0 
80001bc8 80001bc8        0     1                 .L0 
80001bfa 80001bfa        0     1                 .L0 
80001c54 80001c54        0     1                 .L0 
80001c58 80001c58        0     1                 .L0 
80001c70 80001c70        0     1                 .L0 
80001c74 80001c74        0     1                 .L0 
80001c8c 80001c8c        0     1                 .L0 
80001cd4 80001cd4        0     1                 .L0 
80001cd6 80001cd6        0     1                 .L0 
80001d1a 80001d1a        0     1                 .L0 
80001d54 80001d54        0     1                 .L0 
80001d74 80001d74        0     1                 .L0 
80001d78 80001d78        0     1                 .L0 
80001d92 80001d92        0     1                 .L0 
80001d96 80001d96        0     1                 .L0 
80001d9a 80001d9a        0     1                 .L0 
80001d9e 80001d9e        0     1                 .L0 
80001da2 80001da2        0     1                 .L0 
80001dae 80001dae        0     1                 .L0 
80001db2 80001db2        0     1                 .L0 
80001db6 80001db6        0     1                 .L0 
80001db8 80001db8        0     1                 .L0 
80001dbc 80001dbc        0     1                 .L0 
80001dc2 80001dc2        0     1                 .L0 
80001dc6 80001dc6        0     1                 .L0 
80001dca 80001dca        0     1                 .L0 
80001dd2 80001dd2        0     1                 .L0 
80001dd4 80001dd4        0     1                 .L0 
80001e2a 80001e2a        0     1                 .L0 
80001e4a 80001e4a        0     1                 .L0 
80001e4e 80001e4e        0     1                 .L0 
80001e66 80001e66        0     1                 .L0 
80001e66 80001e66        8     2         /home/heng/.rustup/toolchains/nightly-x86_64-unknown-linux-gnu/lib/rustlib/riscv32imac-unknown-none-elf/lib/libcompiler_builtins-7b68a45cba26883b.rlib(compiler_builtins-7b68a45cba26883b.compiler_builtins.eee18acf8b629568-cgu.321.rcgu.o):(.text.memcpy)
80001e66 80001e66        0     1                 .L0 
80001e66 80001e66        0     1                 .L0 
80001e66 80001e66        0     1                 $xrv32i2p1_m2p0_a2p1_c2p0_zmmul1p0_zaamo1p0_zalrsc1p0_zca1p0
80001e66 80001e66        0     1                 .L0 
80001e66 80001e66        8     1                 memcpy
80001e6e 80001e6e      186     2         /home/heng/.rustup/toolchains/nightly-x86_64-unknown-linux-gnu/lib/rustlib/riscv32imac-unknown-none-elf/lib/libcompiler_builtins-7b68a45cba26883b.rlib(compiler_builtins-7b68a45cba26883b.compiler_builtins.eee18acf8b629568-cgu.016.rcgu.o):(.text._RNvNtCskvyBhNIOWfc_17compiler_builtins3mem6memcpy)
80001e6e 80001e6e        0     1                 .L0 
80001e6e 80001e6e        0     1                 .L0 
80001e6e 80001e6e        0     1                 $xrv32i2p1_m2p0_a2p1_c2p0_zmmul1p0_zaamo1p0_zalrsc1p0_zca1p0
80001e6e 80001e6e        0     1                 .L0 
80001e6e 80001e6e      186     1                 compiler_builtins::mem::memcpy
80001e70 80001e70        0     1                 .L0 
80001e76 80001e76        0     1                 .L0 
80001e7c 80001e7c        0     1                 .L0 
80001e94 80001e94        0     1                 .L0 
80001e96 80001e96        0     1                 .L0 
80001e9a 80001e9a        0     1                 .L0 
80001eb0 80001eb0        0     1                 .L0 
80001eba 80001eba        0     1                 .L0 
80001ebe 80001ebe        0     1                 .L0 
80001ec0 80001ec0        0     1                 .L0 
80001ec4 80001ec4        0     1                 .L0 
80001ec8 80001ec8        0     1                 .L0 
80001ed0 80001ed0        0     1                 .L0 
80001ed2 80001ed2        0     1                 .L0 
80001ed6 80001ed6        0     1                 .L0 
80001ee4 80001ee4        0     1                 .L0 
80001ee6 80001ee6        0     1                 .L0 
80001ef0 80001ef0        0     1                 .L0 
80001efe 80001efe        0     1                 .L0 
80001f00 80001f00        0     1                 .L0 
80001f08 80001f08        0     1                 .L0 
80001f12 80001f12        0     1                 .L0 
80001f1a 80001f1a        0     1                 .L0 
80001f22 80001f22        0     1                 .L0 
80001f28 80001f28        0     1                 .L0 
80001f2a 80001f2a        0     1                 .L0 
80001f2e 80001f2e        0     1                 .L0 
80001f4c 80001f4c        0     1                 .L0 
80001f64 80001f64        0     1                 .L0 
80001f66 80001f66        0     1                 .L0 
80001f6e 80001f6e        0     1                 .L0 
80001f72 80001f72        0     1                 .L0 
80001f7c 80001f7c        0     1                 .L0 
80001f86 80001f86        0     1                 .L0 
80001f92 80001f92        0     1                 .L0 
80001f9a 80001f9a        0     1                 .L0 
80001fa2 80001fa2        0     1                 .L0 
80001fac 80001fac        0     1                 .L0 
80001fba 80001fba        0     1                 .L0 
80001fbe 80001fbe        0     1                 .L0 
80001fc0 80001fc0        0     1                 .L0 
80001fd4 80001fd4        0     1                 .L0 
80001fd8 80001fd8        0     1                 .L0 
80001fe0 80001fe0        0     1                 .L0 
80001fea 80001fea        0     1                 .L0 
80001fec 80001fec        0     1                 .L0 
80001ff0 80001ff0        0     1                 .L0 
80001ff4 80001ff4        0     1                 .L0 
80001ff4 80001ff4       68     2         /home/heng/.rustup/toolchains/nightly-x86_64-unknown-linux-gnu/lib/rustlib/riscv32imac-unknown-none-elf/lib/libcompiler_builtins-7b68a45cba26883b.rlib(compiler_builtins-7b68a45cba26883b.compiler_builtins.eee18acf8b629568-cgu.325.rcgu.o):(.text.memset)
80001ff4 80001ff4        0     1                 .L0 
80001ff4 80001ff4        0     1                 .L0 
80001ff4 80001ff4        0     1                 $xrv32i2p1_m2p0_a2p1_c2p0_zmmul1p0_zaamo1p0_zalrsc1p0_zca1p0
80001ff4 80001ff4        0     1                 .L0 
80001ff4 80001ff4       68     1                 memset
80001ffa 80001ffa        0     1                 .L0 
80002000 80002000        0     1                 .L0 
80002012 80002012        0     1                 .L0 
8000201c 8000201c        0     1                 .L0 
80002034 80002034        0     1                 .L0 
8000203c 8000203c        0     1                 .L0 
80002056 80002056        0     1                 .L0 
8000205c 8000205c        0     1         _etext = .
80002060 80002060      920     4 .rodata
80002060 80002060       2c     4         /home/heng/test/rust_riscv/target/riscv32imac-unknown-none-elf/release/build/qemu-virt-rv32/27efcae83b6b67ba/out/qemu_virt_rv32.qemu_virt_rv32.cb72a5cbc198be8f-cgu.0.rcgu.o:(.rodata._RNvMNtNtCs2wOBtKhbbY5_6kernel5shell5shellINtB2_5ShellINtB6_10PlatformIONtNtCshsWMsBEQQ21_14qemu_virt_rv328platform16QemuVirtPlatformEE3runB1b_)
80002060 80002060        0     1                 .LJTI6_0
80002060 80002060        0     1                 $d
8000208c 8000208c        4     4         /home/heng/test/rust_riscv/target/riscv32imac-unknown-none-elf/release/build/qemu-virt-rv32/27efcae83b6b67ba/out/qemu_virt_rv32.qemu_virt_rv32.cb72a5cbc198be8f-cgu.0.rcgu.o:(.rodata._RNvNtCshsWMsBEQQ21_14qemu_virt_rv327startup18__KEEP_RISCV_COMMON)
8000208c 8000208c        4     1                 qemu_virt_rv32::startup::_KEEP_RISCV_COMMON
8000208c 8000208c        0     1                 $d
80002090 80002090       23     1         /home/heng/test/rust_riscv/target/riscv32imac-unknown-none-elf/release/build/qemu-virt-rv32/27efcae83b6b67ba/out/qemu_virt_rv32.qemu_virt_rv32.cb72a5cbc198be8f-cgu.0.rcgu.o:(.rodata..Lanon.f30efa35305a5af273cc02fd30821725.1)
80002090 80002090       23     1                 .Lanon.f30efa35305a5af273cc02fd30821725.1
80002090 80002090        0     1                 $d
800020b3 800020b3       1c     1         /home/heng/test/rust_riscv/target/riscv32imac-unknown-none-elf/release/build/qemu-virt-rv32/27efcae83b6b67ba/out/qemu_virt_rv32.qemu_virt_rv32.cb72a5cbc198be8f-cgu.0.rcgu.o:(.rodata..Lanon.f30efa35305a5af273cc02fd30821725.2)
800020b3 800020b3       1c     1                 .Lanon.f30efa35305a5af273cc02fd30821725.2
800020b3 800020b3        0     1                 $d
800020cf 800020cf       23     1         /home/heng/test/rust_riscv/target/riscv32imac-unknown-none-elf/release/build/qemu-virt-rv32/27efcae83b6b67ba/out/qemu_virt_rv32.qemu_virt_rv32.cb72a5cbc198be8f-cgu.0.rcgu.o:(.rodata..Lanon.f30efa35305a5af273cc02fd30821725.3)
800020cf 800020cf       23     1                 .Lanon.f30efa35305a5af273cc02fd30821725.3
800020cf 800020cf        0     1                 $d
800020f2 800020f2       27     1         /home/heng/test/rust_riscv/target/riscv32imac-unknown-none-elf/release/build/qemu-virt-rv32/27efcae83b6b67ba/out/qemu_virt_rv32.qemu_virt_rv32.cb72a5cbc198be8f-cgu.0.rcgu.o:(.rodata..Lanon.f30efa35305a5af273cc02fd30821725.4)
800020f2 800020f2       27     1                 .Lanon.f30efa35305a5af273cc02fd30821725.4
800020f2 800020f2        0     1                 $d
80002119 80002119       2c     1         /home/heng/test/rust_riscv/target/riscv32imac-unknown-none-elf/release/build/qemu-virt-rv32/27efcae83b6b67ba/out/qemu_virt_rv32.qemu_virt_rv32.cb72a5cbc198be8f-cgu.0.rcgu.o:(.rodata..Lanon.f30efa35305a5af273cc02fd30821725.5)
80002119 80002119       2c     1                 .Lanon.f30efa35305a5af273cc02fd30821725.5
80002119 80002119        0     1                 $d
80002145 80002145       1d     1         /home/heng/test/rust_riscv/target/riscv32imac-unknown-none-elf/release/build/qemu-virt-rv32/27efcae83b6b67ba/out/qemu_virt_rv32.qemu_virt_rv32.cb72a5cbc198be8f-cgu.0.rcgu.o:(.rodata..Lanon.f30efa35305a5af273cc02fd30821725.6)
80002145 80002145       1d     1                 .Lanon.f30efa35305a5af273cc02fd30821725.6
80002145 80002145        0     1                 $d
80002162 80002162       cc     1         <internal>:(.rodata.str1.1)
80002230 80002230       10     4         /home/heng/test/rust_riscv/target/riscv32imac-unknown-none-elf/release/build/qemu-virt-rv32/27efcae83b6b67ba/out/qemu_virt_rv32.qemu_virt_rv32.cb72a5cbc198be8f-cgu.0.rcgu.o:(.rodata..Lanon.f30efa35305a5af273cc02fd30821725.9)
80002230 80002230       10     1                 .Lanon.f30efa35305a5af273cc02fd30821725.9
80002230 80002230        0     1                 $d
80002240 80002240       10     1         <internal>:(.rodata.cst4)
80002250 80002250       16     1         /home/heng/test/rust_riscv/target/riscv32imac-unknown-none-elf/release/build/qemu-virt-rv32/27efcae83b6b67ba/out/qemu_virt_rv32.qemu_virt_rv32.cb72a5cbc198be8f-cgu.0.rcgu.o:(.rodata..Lanon.f30efa35305a5af273cc02fd30821725.13)
80002250 80002250       16     1                 .Lanon.f30efa35305a5af273cc02fd30821725.13
80002250 80002250        0     1                 $d
80002266 80002266        a     1         /home/heng/test/rust_riscv/target/riscv32imac-unknown-none-elf/release/build/qemu-virt-rv32/27efcae83b6b67ba/out/qemu_virt_rv32.qemu_virt_rv32.cb72a5cbc198be8f-cgu.0.rcgu.o:(.rodata..Lanon.f30efa35305a5af273cc02fd30821725.14)
80002266 80002266        a     1                 .Lanon.f30efa35305a5af273cc02fd30821725.14
80002266 80002266        0     1                 $d
80002270 80002270        1     1         /home/heng/test/rust_riscv/target/riscv32imac-unknown-none-elf/release/build/qemu-virt-rv32/27efcae83b6b67ba/out/qemu_virt_rv32.qemu_virt_rv32.cb72a5cbc198be8f-cgu.0.rcgu.o:(.rodata..Lanon.f30efa35305a5af273cc02fd30821725.15)
80002270 80002270        1     1                 .Lanon.f30efa35305a5af273cc02fd30821725.15
80002270 80002270        0     1                 $d
80002271 80002271       1b     1         /home/heng/test/rust_riscv/target/riscv32imac-unknown-none-elf/release/build/qemu-virt-rv32/27efcae83b6b67ba/out/qemu_virt_rv32.qemu_virt_rv32.cb72a5cbc198be8f-cgu.0.rcgu.o:(.rodata..Lanon.f30efa35305a5af273cc02fd30821725.16)
80002271 80002271       1b     1                 .Lanon.f30efa35305a5af273cc02fd30821725.16
80002271 80002271        0     1                 $d
8000228c 8000228c       12     1         /home/heng/test/rust_riscv/target/riscv32imac-unknown-none-elf/release/build/qemu-virt-rv32/27efcae83b6b67ba/out/qemu_virt_rv32.qemu_virt_rv32.cb72a5cbc198be8f-cgu.0.rcgu.o:(.rodata..Lanon.f30efa35305a5af273cc02fd30821725.17)
8000228c 8000228c       12     1                 .Lanon.f30efa35305a5af273cc02fd30821725.17
8000228c 8000228c        0     1                 $d
800022a0 800022a0        c     4         /home/heng/test/rust_riscv/target/riscv32imac-unknown-none-elf/release/build/qemu-virt-rv32/27efcae83b6b67ba/out/qemu_virt_rv32.qemu_virt_rv32.cb72a5cbc198be8f-cgu.0.rcgu.o:(.rodata._RNvCshsWMsBEQQ21_14qemu_virt_rv328PLATFORM)
800022a0 800022a0        c     1                 qemu_virt_rv32::PLATFORM
800022a0 800022a0        0     1                 $d
800022ac 800022ac        3     1         /home/heng/test/rust_riscv/target/riscv32imac-unknown-none-elf/release/build/qemu-virt-rv32/27efcae83b6b67ba/out/qemu_virt_rv32.qemu_virt_rv32.cb72a5cbc198be8f-cgu.0.rcgu.o:(.rodata..Lanon.f30efa35305a5af273cc02fd30821725.18)
800022ac 800022ac        3     1                 .Lanon.f30efa35305a5af273cc02fd30821725.18
800022ac 800022ac        0     1                 $d
800022b0 800022b0       10     4         /home/heng/test/rust_riscv/target/riscv32imac-unknown-none-elf/release/build/qemu-virt-rv32/27efcae83b6b67ba/out/qemu_virt_rv32.qemu_virt_rv32.cb72a5cbc198be8f-cgu.0.rcgu.o:(.rodata..Lanon.f30efa35305a5af273cc02fd30821725.21)
800022b0 800022b0       10     1                 .Lanon.f30efa35305a5af273cc02fd30821725.21
800022b0 800022b0        0     1                 $d
800022c0 800022c0       13     1         /home/heng/test/rust_riscv/target/riscv32imac-unknown-none-elf/release/build/qemu-virt-rv32/27efcae83b6b67ba/out/qemu_virt_rv32.qemu_virt_rv32.cb72a5cbc198be8f-cgu.0.rcgu.o:(.rodata..Lanon.f30efa35305a5af273cc02fd30821725.22)
800022c0 800022c0       13     1                 .Lanon.f30efa35305a5af273cc02fd30821725.22
800022c0 800022c0        0     1                 $d
800022d3 800022d3       25     1         /home/heng/test/rust_riscv/target/riscv32imac-unknown-none-elf/release/build/qemu-virt-rv32/27efcae83b6b67ba/out/qemu_virt_rv32.qemu_virt_rv32.cb72a5cbc198be8f-cgu.0.rcgu.o:(.rodata..Lanon.f30efa35305a5af273cc02fd30821725.23)
800022d3 800022d3       25     1                 .Lanon.f30efa35305a5af273cc02fd30821725.23
800022d3 800022d3        0     1                 $d
800022f8 800022f8       1c     4         /home/heng/test/rust_riscv/target/riscv32imac-unknown-none-elf/release/build/qemu-virt-rv32/27efcae83b6b67ba/out/qemu_virt_rv32.qemu_virt_rv32.cb72a5cbc198be8f-cgu.0.rcgu.o:(.rodata..Lanon.f30efa35305a5af273cc02fd30821725.24)
800022f8 800022f8       1c     1                 .Lanon.f30efa35305a5af273cc02fd30821725.24
800022f8 800022f8        0     1                 $d
80002314 80002314        7     1         /home/heng/test/rust_riscv/target/riscv32imac-unknown-none-elf/release/build/qemu-virt-rv32/27efcae83b6b67ba/out/qemu_virt_rv32.qemu_virt_rv32.cb72a5cbc198be8f-cgu.0.rcgu.o:(.rodata..Lanon.f30efa35305a5af273cc02fd30821725.25)
80002314 80002314        7     1                 .Lanon.f30efa35305a5af273cc02fd30821725.25
80002314 80002314        0     1                 $d
8000231c 8000231c       10     4         /home/heng/test/rust_riscv/target/riscv32imac-unknown-none-elf/release/build/qemu-virt-rv32/27efcae83b6b67ba/out/qemu_virt_rv32.qemu_virt_rv32.cb72a5cbc198be8f-cgu.0.rcgu.o:(.rodata..Lanon.f30efa35305a5af273cc02fd30821725.26)
8000231c 8000231c       10     1                 .Lanon.f30efa35305a5af273cc02fd30821725.26
8000231c 8000231c        0     1                 $d
8000232c 8000232c       22     1         /home/heng/test/rust_riscv/target/riscv32imac-unknown-none-elf/release/build/qemu-virt-rv32/27efcae83b6b67ba/out/qemu_virt_rv32.qemu_virt_rv32.cb72a5cbc198be8f-cgu.0.rcgu.o:(.rodata..Lanon.f30efa35305a5af273cc02fd30821725.27)
8000232c 8000232c       22     1                 .Lanon.f30efa35305a5af273cc02fd30821725.27
8000232c 8000232c        0     1                 $d
8000234e 8000234e        0     1         /home/heng/test/rust_riscv/target/riscv32imac-unknown-none-elf/release/build/qemu-virt-rv32/27efcae83b6b67ba/out/qemu_virt_rv32.qemu_virt_rv32.cb72a5cbc198be8f-cgu.0.rcgu.o:(.rodata._RNvNtCshsWMsBEQQ21_14qemu_virt_rv328commands10REBOOT_CMD)
8000234e 8000234e        0     1                 qemu_virt_rv32::commands::REBOOT_CMD
8000234e 8000234e        0     1         /home/heng/test/rust_riscv/target/riscv32imac-unknown-none-elf/release/build/qemu-virt-rv32/27efcae83b6b67ba/out/qemu_virt_rv32.qemu_virt_rv32.cb72a5cbc198be8f-cgu.0.rcgu.o:(.rodata._RNvNtCshsWMsBEQQ21_14qemu_virt_rv328commands11MEMINFO_CMD)
8000234e 8000234e        0     1                 qemu_virt_rv32::commands::MEMINFO_CMD
8000234e 8000234e        2     1         /home/heng/test/rust_riscv/target/riscv32imac-unknown-none-elf/release/build/qemu-virt-rv32/27efcae83b6b67ba/out/qemu_virt_rv32.qemu_virt_rv32.cb72a5cbc198be8f-cgu.0.rcgu.o:(.rodata..Lanon.f30efa35305a5af273cc02fd30821725.28)
8000234e 8000234e        2     1                 .Lanon.f30efa35305a5af273cc02fd30821725.28
8000234e 8000234e        0     1                 $d
80002350 80002350        2     1         /home/heng/test/rust_riscv/target/riscv32imac-unknown-none-elf/release/build/qemu-virt-rv32/27efcae83b6b67ba/out/qemu_virt_rv32.qemu_virt_rv32.cb72a5cbc198be8f-cgu.0.rcgu.o:(.rodata..Lanon.f30efa35305a5af273cc02fd30821725.29)
80002350 80002350        2     1                 .Lanon.f30efa35305a5af273cc02fd30821725.29
80002350 80002350        0     1                 $d
80002352 80002352        3     1         /home/heng/test/rust_riscv/target/riscv32imac-unknown-none-elf/release/build/qemu-virt-rv32/27efcae83b6b67ba/out/qemu_virt_rv32.qemu_virt_rv32.cb72a5cbc198be8f-cgu.0.rcgu.o:(.rodata..Lanon.f30efa35305a5af273cc02fd30821725.30)
80002352 80002352        3     1                 .Lanon.f30efa35305a5af273cc02fd30821725.30
80002352 80002352        0     1                 $d
80002355 80002355        2     1         /home/heng/test/rust_riscv/target/riscv32imac-unknown-none-elf/release/build/qemu-virt-rv32/27efcae83b6b67ba/out/qemu_virt_rv32.qemu_virt_rv32.cb72a5cbc198be8f-cgu.0.rcgu.o:(.rodata..Lanon.f30efa35305a5af273cc02fd30821725.31)
80002355 80002355        2     1                 .Lanon.f30efa35305a5af273cc02fd30821725.31
80002355 80002355        0     1                 $d
80002357 80002357        9     1         /home/heng/test/rust_riscv/target/riscv32imac-unknown-none-elf/release/build/qemu-virt-rv32/27efcae83b6b67ba/out/qemu_virt_rv32.qemu_virt_rv32.cb72a5cbc198be8f-cgu.0.rcgu.o:(.rodata..Lanon.f30efa35305a5af273cc02fd30821725.32)
80002357 80002357        9     1                 .Lanon.f30efa35305a5af273cc02fd30821725.32
80002357 80002357        0     1                 $d
80002360 80002360       10     4         /home/heng/test/rust_riscv/target/riscv32imac-unknown-none-elf/release/build/qemu-virt-rv32/27efcae83b6b67ba/out/qemu_virt_rv32.qemu_virt_rv32.cb72a5cbc198be8f-cgu.0.rcgu.o:(.rodata..Lanon.f30efa35305a5af273cc02fd30821725.33)
80002360 80002360       10     1                 .Lanon.f30efa35305a5af273cc02fd30821725.33
80002360 80002360        0     1                 $d
80002370 80002370        5     1         /home/heng/test/rust_riscv/target/riscv32imac-unknown-none-elf/release/build/qemu-virt-rv32/27efcae83b6b67ba/out/qemu_virt_rv32.qemu_virt_rv32.cb72a5cbc198be8f-cgu.0.rcgu.o:(.rodata..Lanon.f30efa35305a5af273cc02fd30821725.34)
80002370 80002370        5     1                 .Lanon.f30efa35305a5af273cc02fd30821725.34
80002370 80002370        0     1                 $d
80002378 80002378       14     4         /home/heng/test/rust_riscv/target/riscv32imac-unknown-none-elf/release/build/qemu-virt-rv32/27efcae83b6b67ba/out/qemu_virt_rv32.qemu_virt_rv32.cb72a5cbc198be8f-cgu.0.rcgu.o:(.rodata..Lanon.f30efa35305a5af273cc02fd30821725.35)
80002378 80002378       14     1                 .Lanon.f30efa35305a5af273cc02fd30821725.35
80002378 80002378        0     1                 $d
8000238c 8000238c       14     4         /home/heng/test/rust_riscv/target/riscv32imac-unknown-none-elf/release/build/qemu-virt-rv32/27efcae83b6b67ba/out/qemu_virt_rv32.qemu_virt_rv32.cb72a5cbc198be8f-cgu.0.rcgu.o:(.rodata..Lanon.f30efa35305a5af273cc02fd30821725.37)
8000238c 8000238c       14     1                 .Lanon.f30efa35305a5af273cc02fd30821725.37
8000238c 8000238c        0     1                 $d
800023a0 800023a0       14     4         /home/heng/test/rust_riscv/target/riscv32imac-unknown-none-elf/release/build/qemu-virt-rv32/27efcae83b6b67ba/out/qemu_virt_rv32.qemu_virt_rv32.cb72a5cbc198be8f-cgu.0.rcgu.o:(.rodata..Lanon.f30efa35305a5af273cc02fd30821725.39)
800023a0 800023a0       14     1                 .Lanon.f30efa35305a5af273cc02fd30821725.39
800023a0 800023a0        0     1                 $d
800023b4 800023b4        7     1         /home/heng/test/rust_riscv/target/riscv32imac-unknown-none-elf/release/build/qemu-virt-rv32/27efcae83b6b67ba/out/qemu_virt_rv32.qemu_virt_rv32.cb72a5cbc198be8f-cgu.0.rcgu.o:(.rodata..Lanon.f30efa35305a5af273cc02fd30821725.40)
800023b4 800023b4        7     1                 .Lanon.f30efa35305a5af273cc02fd30821725.40
800023b4 800023b4        0     1                 $d
800023bc 800023bc       14     4         /home/heng/test/rust_riscv/target/riscv32imac-unknown-none-elf/release/build/qemu-virt-rv32/27efcae83b6b67ba/out/qemu_virt_rv32.qemu_virt_rv32.cb72a5cbc198be8f-cgu.0.rcgu.o:(.rodata..Lanon.f30efa35305a5af273cc02fd30821725.41)
800023bc 800023bc       14     1                 .Lanon.f30efa35305a5af273cc02fd30821725.41
800023bc 800023bc        0     1                 $d
800023d0 800023d0        5     1         /home/heng/test/rust_riscv/target/riscv32imac-unknown-none-elf/release/build/qemu-virt-rv32/27efcae83b6b67ba/out/qemu_virt_rv32.qemu_virt_rv32.cb72a5cbc198be8f-cgu.0.rcgu.o:(.rodata..Lanon.f30efa35305a5af273cc02fd30821725.42)
800023d0 800023d0        5     1                 .Lanon.f30efa35305a5af273cc02fd30821725.42
800023d0 800023d0        0     1                 $d
800023d8 800023d8       14     4         /home/heng/test/rust_riscv/target/riscv32imac-unknown-none-elf/release/build/qemu-virt-rv32/27efcae83b6b67ba/out/qemu_virt_rv32.qemu_virt_rv32.cb72a5cbc198be8f-cgu.0.rcgu.o:(.rodata..Lanon.f30efa35305a5af273cc02fd30821725.43)
800023d8 800023d8       14     1                 .Lanon.f30efa35305a5af273cc02fd30821725.43
800023d8 800023d8        0     1                 $d
800023ec 800023ec        6     1         /home/heng/test/rust_riscv/target/riscv32imac-unknown-none-elf/release/build/qemu-virt-rv32/27efcae83b6b67ba/out/qemu_virt_rv32.qemu_virt_rv32.cb72a5cbc198be8f-cgu.0.rcgu.o:(.rodata..Lanon.f30efa35305a5af273cc02fd30821725.44)
800023ec 800023ec        6     1                 .Lanon.f30efa35305a5af273cc02fd30821725.44
800023ec 800023ec        0     1                 $d
800023f4 800023f4       14     4         /home/heng/test/rust_riscv/target/riscv32imac-unknown-none-elf/release/build/qemu-virt-rv32/27efcae83b6b67ba/out/qemu_virt_rv32.qemu_virt_rv32.cb72a5cbc198be8f-cgu.0.rcgu.o:(.rodata..Lanon.f30efa35305a5af273cc02fd30821725.45)
800023f4 800023f4       14     1                 .Lanon.f30efa35305a5af273cc02fd30821725.45
800023f4 800023f4        0     1                 $d
80002408 80002408        6     1         /home/heng/test/rust_riscv/target/riscv32imac-unknown-none-elf/release/build/qemu-virt-rv32/27efcae83b6b67ba/out/qemu_virt_rv32.qemu_virt_rv32.cb72a5cbc198be8f-cgu.0.rcgu.o:(.rodata..Lanon.f30efa35305a5af273cc02fd30821725.46)
80002408 80002408        6     1                 .Lanon.f30efa35305a5af273cc02fd30821725.46
80002408 80002408        0     1                 $d
80002410 80002410       14     4         /home/heng/test/rust_riscv/target/riscv32imac-unknown-none-elf/release/build/qemu-virt-rv32/27efcae83b6b67ba/out/qemu_virt_rv32.qemu_virt_rv32.cb72a5cbc198be8f-cgu.0.rcgu.o:(.rodata..Lanon.f30efa35305a5af273cc02fd30821725.47)
80002410 80002410       14     1                 .Lanon.f30efa35305a5af273cc02fd30821725.47
80002410 80002410        0     1                 $d
80002424 80002424        7     1         /home/heng/test/rust_riscv/target/riscv32imac-unknown-none-elf/release/build/qemu-virt-rv32/27efcae83b6b67ba/out/qemu_virt_rv32.qemu_virt_rv32.cb72a5cbc198be8f-cgu.0.rcgu.o:(.rodata..Lanon.f30efa35305a5af273cc02fd30821725.48)
80002424 80002424        7     1                 .Lanon.f30efa35305a5af273cc02fd30821725.48
80002424 80002424        0     1                 $d
8000242c 8000242c       14     4         /home/heng/test/rust_riscv/target/riscv32imac-unknown-none-elf/release/build/qemu-virt-rv32/27efcae83b6b67ba/out/qemu_virt_rv32.qemu_virt_rv32.cb72a5cbc198be8f-cgu.0.rcgu.o:(.rodata..Lanon.f30efa35305a5af273cc02fd30821725.49)
8000242c 8000242c       14     1                 .Lanon.f30efa35305a5af273cc02fd30821725.49
8000242c 8000242c        0     1                 $d
80002440 80002440       80     4         /home/heng/test/rust_riscv/target/riscv32imac-unknown-none-elf/release/build/qemu-virt-rv32/27efcae83b6b67ba/out/qemu_virt_rv32.qemu_virt_rv32.cb72a5cbc198be8f-cgu.0.rcgu.o:(.rodata..Lanon.f30efa35305a5af273cc02fd30821725.50)
80002440 80002440       80     1                 .Lanon.f30efa35305a5af273cc02fd30821725.50
80002440 80002440        0     1                 $d
800024c0 800024c0        0     1         /home/heng/test/rust_riscv/target/riscv32imac-unknown-none-elf/release/build/qemu-virt-rv32/27efcae83b6b67ba/out/qemu_virt_rv32.qemu_virt_rv32.cb72a5cbc198be8f-cgu.0.rcgu.o:(.rodata._RNvNtCshsWMsBEQQ21_14qemu_virt_rv328commands8HELP_CMD)
800024c0 800024c0        0     1                 qemu_virt_rv32::commands::HELP_CMD
800024c0 800024c0        2     1         /home/heng/test/rust_riscv/target/riscv32imac-unknown-none-elf/release/build/qemu-virt-rv32/27efcae83b6b67ba/out/qemu_virt_rv32.qemu_virt_rv32.cb72a5cbc198be8f-cgu.0.rcgu.o:(.rodata..Lanon.f30efa35305a5af273cc02fd30821725.51)
800024c0 800024c0        2     1                 .Lanon.f30efa35305a5af273cc02fd30821725.51
800024c0 800024c0        0     1                 $d
800024c2 800024c2       30     1         <internal>:(.rodata.cst16)
800024f4 800024f4       10     4         /home/heng/test/rust_riscv/target/riscv32imac-unknown-none-elf/release/build/qemu-virt-rv32/27efcae83b6b67ba/out/qemu_virt_rv32.qemu_virt_rv32.cb72a5cbc198be8f-cgu.0.rcgu.o:(.rodata..Lanon.f30efa35305a5af273cc02fd30821725.53)
800024f4 800024f4       10     1                 .Lanon.f30efa35305a5af273cc02fd30821725.53
800024f4 800024f4        0     1                 $d
80002504 80002504       39     1         /home/heng/test/rust_riscv/target/riscv32imac-unknown-none-elf/release/build/qemu-virt-rv32/27efcae83b6b67ba/out/qemu_virt_rv32.qemu_virt_rv32.cb72a5cbc198be8f-cgu.0.rcgu.o:(.rodata..Lanon.f30efa35305a5af273cc02fd30821725.54)
80002504 80002504       39     1                 .Lanon.f30efa35305a5af273cc02fd30821725.54
80002504 80002504        0     1                 $d
8000253d 8000253d       11     1         /home/heng/test/rust_riscv/target/riscv32imac-unknown-none-elf/release/build/qemu-virt-rv32/27efcae83b6b67ba/out/qemu_virt_rv32.qemu_virt_rv32.cb72a5cbc198be8f-cgu.0.rcgu.o:(.rodata..Lanon.f30efa35305a5af273cc02fd30821725.55)
8000253d 8000253d       11     1                 .Lanon.f30efa35305a5af273cc02fd30821725.55
8000253d 8000253d        0     1                 $d
8000254e 8000254e       17     1         /home/heng/test/rust_riscv/target/riscv32imac-unknown-none-elf/release/build/qemu-virt-rv32/27efcae83b6b67ba/out/qemu_virt_rv32.qemu_virt_rv32.cb72a5cbc198be8f-cgu.0.rcgu.o:(.rodata..Lanon.f30efa35305a5af273cc02fd30821725.56)
8000254e 8000254e       17     1                 .Lanon.f30efa35305a5af273cc02fd30821725.56
8000254e 8000254e        0     1                 $d
80002565 80002565       45     1         /home/heng/test/rust_riscv/target/riscv32imac-unknown-none-elf/release/build/qemu-virt-rv32/27efcae83b6b67ba/out/qemu_virt_rv32.qemu_virt_rv32.cb72a5cbc198be8f-cgu.0.rcgu.o:(.rodata..Lanon.f30efa35305a5af273cc02fd30821725.57)
80002565 80002565       45     1                 .Lanon.f30efa35305a5af273cc02fd30821725.57
80002565 80002565        0     1                 $d
800025aa 800025aa       17     1         /home/heng/test/rust_riscv/target/riscv32imac-unknown-none-elf/release/build/qemu-virt-rv32/27efcae83b6b67ba/out/qemu_virt_rv32.qemu_virt_rv32.cb72a5cbc198be8f-cgu.0.rcgu.o:(.rodata..Lanon.f30efa35305a5af273cc02fd30821725.58)
800025aa 800025aa       17     1                 .Lanon.f30efa35305a5af273cc02fd30821725.58
800025aa 800025aa        0     1                 $d
800025c1 800025c1        e     1         /home/heng/test/rust_riscv/target/riscv32imac-unknown-none-elf/release/build/qemu-virt-rv32/27efcae83b6b67ba/out/qemu_virt_rv32.qemu_virt_rv32.cb72a5cbc198be8f-cgu.0.rcgu.o:(.rodata..Lanon.f30efa35305a5af273cc02fd30821725.59)
800025c1 800025c1        e     1                 .Lanon.f30efa35305a5af273cc02fd30821725.59
800025c1 800025c1        0     1                 $d
800025cf 800025cf       22     1         /home/heng/test/rust_riscv/target/riscv32imac-unknown-none-elf/release/build/qemu-virt-rv32/27efcae83b6b67ba/out/qemu_virt_rv32.qemu_virt_rv32.cb72a5cbc198be8f-cgu.0.rcgu.o:(.rodata..Lanon.f30efa35305a5af273cc02fd30821725.61)
800025cf 800025cf       22     1                 .Lanon.f30efa35305a5af273cc02fd30821725.61
800025cf 800025cf        0     1                 $d
800025f1 800025f1       15     1         /home/heng/test/rust_riscv/target/riscv32imac-unknown-none-elf/release/build/qemu-virt-rv32/27efcae83b6b67ba/out/qemu_virt_rv32.qemu_virt_rv32.cb72a5cbc198be8f-cgu.0.rcgu.o:(.rodata..Lanon.f30efa35305a5af273cc02fd30821725.62)
800025f1 800025f1       15     1                 .Lanon.f30efa35305a5af273cc02fd30821725.62
800025f1 800025f1        0     1                 $d
80002606 80002606       24     1         /home/heng/test/rust_riscv/target/riscv32imac-unknown-none-elf/release/build/qemu-virt-rv32/27efcae83b6b67ba/out/qemu_virt_rv32.qemu_virt_rv32.cb72a5cbc198be8f-cgu.0.rcgu.o:(.rodata..Lanon.f30efa35305a5af273cc02fd30821725.63)
80002606 80002606       24     1                 .Lanon.f30efa35305a5af273cc02fd30821725.63
80002606 80002606        0     1                 $d
8000262a 8000262a       25     1         /home/heng/test/rust_riscv/target/riscv32imac-unknown-none-elf/release/build/qemu-virt-rv32/27efcae83b6b67ba/out/qemu_virt_rv32.qemu_virt_rv32.cb72a5cbc198be8f-cgu.0.rcgu.o:(.rodata..Lanon.f30efa35305a5af273cc02fd30821725.64)
8000262a 8000262a       25     1                 .Lanon.f30efa35305a5af273cc02fd30821725.64
8000262a 8000262a        0     1                 $d
8000264f 8000264f        5     1         /home/heng/test/rust_riscv/target/riscv32imac-unknown-none-elf/release/build/qemu-virt-rv32/27efcae83b6b67ba/out/qemu_virt_rv32.qemu_virt_rv32.cb72a5cbc198be8f-cgu.0.rcgu.o:(.rodata..Lanon.f30efa35305a5af273cc02fd30821725.66)
8000264f 8000264f        5     1                 .Lanon.f30efa35305a5af273cc02fd30821725.66
8000264f 8000264f        0     1                 $d
80002654 80002654        5     1         /home/heng/test/rust_riscv/target/riscv32imac-unknown-none-elf/release/build/qemu-virt-rv32/27efcae83b6b67ba/out/qemu_virt_rv32.qemu_virt_rv32.cb72a5cbc198be8f-cgu.0.rcgu.o:(.rodata..Lanon.f30efa35305a5af273cc02fd30821725.67)
80002654 80002654        5     1                 .Lanon.f30efa35305a5af273cc02fd30821725.67
80002654 80002654        0     1                 $d
80002659 80002659        5     1         /home/heng/test/rust_riscv/target/riscv32imac-unknown-none-elf/release/build/qemu-virt-rv32/27efcae83b6b67ba/out/qemu_virt_rv32.qemu_virt_rv32.cb72a5cbc198be8f-cgu.0.rcgu.o:(.rodata..Lanon.f30efa35305a5af273cc02fd30821725.68)
80002659 80002659        5     1                 .Lanon.f30efa35305a5af273cc02fd30821725.68
80002659 80002659        0     1                 $d
8000265e 8000265e        5     1         /home/heng/test/rust_riscv/target/riscv32imac-unknown-none-elf/release/build/qemu-virt-rv32/27efcae83b6b67ba/out/qemu_virt_rv32.qemu_virt_rv32.cb72a5cbc198be8f-cgu.0.rcgu.o:(.rodata..Lanon.f30efa35305a5af273cc02fd30821725.69)
8000265e 8000265e        5     1                 .Lanon.f30efa35305a5af273cc02fd30821725.69
8000265e 8000265e        0     1                 $d
80002663 80002663        5     1         /home/heng/test/rust_riscv/target/riscv32imac-unknown-none-elf/release/build/qemu-virt-rv32/27efcae83b6b67ba/out/qemu_virt_rv32.qemu_virt_rv32.cb72a5cbc198be8f-cgu.0.rcgu.o:(.rodata..Lanon.f30efa35305a5af273cc02fd30821725.70)
80002663 80002663        5     1                 .Lanon.f30efa35305a5af273cc02fd30821725.70
80002663 80002663        0     1                 $d
80002668 80002668       18     1         /home/heng/test/rust_riscv/target/riscv32imac-unknown-none-elf/release/build/qemu-virt-rv32/27efcae83b6b67ba/out/qemu_virt_rv32.qemu_virt_rv32.cb72a5cbc198be8f-cgu.0.rcgu.o:(.rodata..Lanon.f30efa35305a5af273cc02fd30821725.71)
80002668 80002668       18     1                 .Lanon.f30efa35305a5af273cc02fd30821725.71
80002668 80002668        0     1                 $d
80002680 80002680       18     4         /home/heng/test/rust_riscv/target/riscv32imac-unknown-none-elf/release/build/qemu-virt-rv32/27efcae83b6b67ba/out/qemu_virt_rv32.qemu_virt_rv32.cb72a5cbc198be8f-cgu.0.rcgu.o:(.rodata..Lanon.f30efa35305a5af273cc02fd30821725.72)
80002680 80002680       18     1                 .Lanon.f30efa35305a5af273cc02fd30821725.72
80002680 80002680        0     1                 $d
80002698 80002698       2a     1         /home/heng/test/rust_riscv/target/riscv32imac-unknown-none-elf/release/build/qemu-virt-rv32/27efcae83b6b67ba/out/qemu_virt_rv32.qemu_virt_rv32.cb72a5cbc198be8f-cgu.0.rcgu.o:(.rodata..Lanon.f30efa35305a5af273cc02fd30821725.73)
80002698 80002698       2a     1                 .Lanon.f30efa35305a5af273cc02fd30821725.73
80002698 80002698        0     1                 $d
800026c2 800026c2        9     1         /home/heng/test/rust_riscv/target/riscv32imac-unknown-none-elf/release/build/qemu-virt-rv32/27efcae83b6b67ba/out/qemu_virt_rv32.qemu_virt_rv32.cb72a5cbc198be8f-cgu.0.rcgu.o:(.rodata..Lanon.f30efa35305a5af273cc02fd30821725.74)
800026c2 800026c2        9     1                 .Lanon.f30efa35305a5af273cc02fd30821725.74
800026c2 800026c2        0     1                 $d
800026cb 800026cb      100     1         /home/heng/test/rust_riscv/target/riscv32imac-unknown-none-elf/release/build/qemu-virt-rv32/27efcae83b6b67ba/out/qemu_virt_rv32.qemu_virt_rv32.cb72a5cbc198be8f-cgu.0.rcgu.o:(.rodata._RNvNtNtNtCs9modyvJFFaw_4core7unicode12unicode_data11white_space14WHITESPACE_MAP)
800026cb 800026cb      100     1                 core::unicode::unicode_data::white_space::WHITESPACE_MAP
800026cb 800026cb        0     1                 $d
800027cb 800027cb      100     1         /home/heng/test/rust_riscv/target/riscv32imac-unknown-none-elf/release/build/qemu-virt-rv32/27efcae83b6b67ba/out/qemu_virt_rv32.qemu_virt_rv32.cb72a5cbc198be8f-cgu.0.rcgu.o:(.rodata..Lanon.65776715dc2ffd24622294d8e66def9b.201)
800027cb 800027cb      100     1                 .Lanon.65776715dc2ffd24622294d8e66def9b.201
800027cb 800027cb        0     1                 $d
800028cb 800028cb        0     1         /home/heng/test/rust_riscv/target/riscv32imac-unknown-none-elf/release/build/qemu-virt-rv32/27efcae83b6b67ba/out/qemu_virt_rv32.qemu_virt_rv32.cb72a5cbc198be8f-cgu.0.rcgu.o:(.rodata._RNvNtNtCs2wOBtKhbbY5_6kernel5shell8commands10UPTIME_CMD)
800028cb 800028cb        0     1                 kernel::shell::commands::UPTIME_CMD
800028cb 800028cb        0     1         /home/heng/test/rust_riscv/target/riscv32imac-unknown-none-elf/release/build/qemu-virt-rv32/27efcae83b6b67ba/out/qemu_virt_rv32.qemu_virt_rv32.cb72a5cbc198be8f-cgu.0.rcgu.o:(.rodata._RNvNtNtCs2wOBtKhbbY5_6kernel5shell8commands11VERSION_CMD)
800028cb 800028cb        0     1                 kernel::shell::commands::VERSION_CMD
800028cb 800028cb        0     1         /home/heng/test/rust_riscv/target/riscv32imac-unknown-none-elf/release/build/qemu-virt-rv32/27efcae83b6b67ba/out/qemu_virt_rv32.qemu_virt_rv32.cb72a5cbc198be8f-cgu.0.rcgu.o:(.rodata._RNvNtNtCs2wOBtKhbbY5_6kernel5shell8commands8ECHO_CMD)
800028cb 800028cb        0     1                 kernel::shell::commands::ECHO_CMD
800028cb 800028cb        0     1         /home/heng/test/rust_riscv/target/riscv32imac-unknown-none-elf/release/build/qemu-virt-rv32/27efcae83b6b67ba/out/qemu_virt_rv32.qemu_virt_rv32.cb72a5cbc198be8f-cgu.0.rcgu.o:(.rodata._RNvNtNtCs2wOBtKhbbY5_6kernel5shell8commands9CLEAR_CMD)
800028cb 800028cb        0     1                 kernel::shell::commands::CLEAR_CMD
800028cb 800028cb        0     1         /home/heng/test/rust_riscv/target/riscv32imac-unknown-none-elf/release/build/qemu-virt-rv32/27efcae83b6b67ba/out/qemu_virt_rv32.qemu_virt_rv32.cb72a5cbc198be8f-cgu.0.rcgu.o:(.rodata._RNvNtNtCs2wOBtKhbbY5_6kernel5shell8commands9PANIC_CMD)
800028cb 800028cb        0     1                 kernel::shell::commands::PANIC_CMD
800028cc 800028cc       10     4         /home/heng/test/rust_riscv/target/riscv32imac-unknown-none-elf/release/build/qemu-virt-rv32/27efcae83b6b67ba/out/qemu_virt_rv32.qemu_virt_rv32.cb72a5cbc198be8f-cgu.0.rcgu.o:(.rodata..Lanon.7430aa822ae3f01d9e6fadd0b37c6372.16)
800028cc 800028cc       10     1                 .Lanon.7430aa822ae3f01d9e6fadd0b37c6372.16
800028cc 800028cc        0     1                 $d
800028dc 800028dc        2     1         /home/heng/test/rust_riscv/target/riscv32imac-unknown-none-elf/release/build/qemu-virt-rv32/27efcae83b6b67ba/out/qemu_virt_rv32.qemu_virt_rv32.cb72a5cbc198be8f-cgu.0.rcgu.o:(.rodata..Lanon.7430aa822ae3f01d9e6fadd0b37c6372.19)
800028dc 800028dc        2     1                 .Lanon.7430aa822ae3f01d9e6fadd0b37c6372.19
800028dc 800028dc        0     1                 $d
800028de 800028de        7     1         /home/heng/test/rust_riscv/target/riscv32imac-unknown-none-elf/release/build/qemu-virt-rv32/27efcae83b6b67ba/out/qemu_virt_rv32.qemu_virt_rv32.cb72a5cbc198be8f-cgu.0.rcgu.o:(.rodata..Lanon.7430aa822ae3f01d9e6fadd0b37c6372.25)
800028de 800028de        7     1                 .Lanon.7430aa822ae3f01d9e6fadd0b37c6372.25
800028de 800028de        0     1                 $d
800028e5 800028e5       21     1         /home/heng/test/rust_riscv/target/riscv32imac-unknown-none-elf/release/build/qemu-virt-rv32/27efcae83b6b67ba/out/qemu_virt_rv32.qemu_virt_rv32.cb72a5cbc198be8f-cgu.0.rcgu.o:(.rodata..Lanon.7430aa822ae3f01d9e6fadd0b37c6372.27)
800028e5 800028e5       21     1                 .Lanon.7430aa822ae3f01d9e6fadd0b37c6372.27
800028e5 800028e5        0     1                 $d
80002906 80002906       26     1         /home/heng/test/rust_riscv/target/riscv32imac-unknown-none-elf/release/build/qemu-virt-rv32/27efcae83b6b67ba/out/qemu_virt_rv32.qemu_virt_rv32.cb72a5cbc198be8f-cgu.0.rcgu.o:(.rodata..Lanon.7430aa822ae3f01d9e6fadd0b37c6372.28)
80002906 80002906       26     1                 .Lanon.7430aa822ae3f01d9e6fadd0b37c6372.28
80002906 80002906        0     1                 $d
8000292c 8000292c        7     1         /home/heng/test/rust_riscv/target/riscv32imac-unknown-none-elf/release/build/qemu-virt-rv32/27efcae83b6b67ba/out/qemu_virt_rv32.qemu_virt_rv32.cb72a5cbc198be8f-cgu.0.rcgu.o:(.rodata..Lanon.7430aa822ae3f01d9e6fadd0b37c6372.29)
8000292c 8000292c        7     1                 .Lanon.7430aa822ae3f01d9e6fadd0b37c6372.29
8000292c 8000292c        0     1                 $d
80002933 80002933        5     1         /home/heng/test/rust_riscv/target/riscv32imac-unknown-none-elf/release/build/qemu-virt-rv32/27efcae83b6b67ba/out/qemu_virt_rv32.qemu_virt_rv32.cb72a5cbc198be8f-cgu.0.rcgu.o:(.rodata..Lanon.7430aa822ae3f01d9e6fadd0b37c6372.30)
80002933 80002933        5     1                 .Lanon.7430aa822ae3f01d9e6fadd0b37c6372.30
80002933 80002933        0     1                 $d
80002938 80002938        8     1         <internal>:(.rodata.cst8)
80002940 80002940        a     1         /home/heng/test/rust_riscv/target/riscv32imac-unknown-none-elf/release/build/qemu-virt-rv32/27efcae83b6b67ba/out/qemu_virt_rv32.qemu_virt_rv32.cb72a5cbc198be8f-cgu.0.rcgu.o:(.rodata..Lanon.7430aa822ae3f01d9e6fadd0b37c6372.33)
80002940 80002940        a     1                 .Lanon.7430aa822ae3f01d9e6fadd0b37c6372.33
80002940 80002940        0     1                 $d
8000294a 8000294a       25     1         /home/heng/test/rust_riscv/target/riscv32imac-unknown-none-elf/release/build/qemu-virt-rv32/27efcae83b6b67ba/out/qemu_virt_rv32.qemu_virt_rv32.cb72a5cbc198be8f-cgu.0.rcgu.o:(.rodata..Lanon.7430aa822ae3f01d9e6fadd0b37c6372.34)
8000294a 8000294a       25     1                 .Lanon.7430aa822ae3f01d9e6fadd0b37c6372.34
8000294a 8000294a        0     1                 $d
80002970 80002970       10     4         /home/heng/test/rust_riscv/target/riscv32imac-unknown-none-elf/release/build/qemu-virt-rv32/27efcae83b6b67ba/out/qemu_virt_rv32.qemu_virt_rv32.cb72a5cbc198be8f-cgu.0.rcgu.o:(.rodata..Lanon.7430aa822ae3f01d9e6fadd0b37c6372.37)
80002970 80002970       10     1                 .Lanon.7430aa822ae3f01d9e6fadd0b37c6372.37
80002970 80002970        0     1                 $d
80002980 80002980        0     1 _sidata = ALIGN(., 4096)
80003000 80003000        0     1 .data
80003000 80003000        0     1         _sdata = .
80003000 80003000        0     1         . = ALIGN(4)
80003000 80003000        0     1         _edata = .
80003000 80003000      230     4 .bss
80003000 80003000        0     1         _sbss = .
80003000 80003000        4     4         /home/heng/test/rust_riscv/target/riscv32imac-unknown-none-elf/release/build/qemu-virt-rv32/27efcae83b6b67ba/out/qemu_virt_rv32.qemu_virt_rv32.cb72a5cbc198be8f-cgu.0.rcgu.o:(.bss._RNvCshsWMsBEQQ21_14qemu_virt_rv325TICKS)
80003000 80003000        4     1                 qemu_virt_rv32::TICKS
80003000 80003000        0     1                 $d
80003004 80003004        8     4         /home/heng/test/rust_riscv/target/riscv32imac-unknown-none-elf/release/build/qemu-virt-rv32/27efcae83b6b67ba/out/qemu_virt_rv32.qemu_virt_rv32.cb72a5cbc198be8f-cgu.0.rcgu.o:(.bss._RNvNtCs2wOBtKhbbY5_6kernel4time13UPTIME_SOURCE)
80003004 80003004        8     1                 kernel::time::UPTIME_SOURCE
80003004 80003004        0     1                 $d
8000300c 8000300c      204     4         /home/heng/test/rust_riscv/target/riscv32imac-unknown-none-elf/release/build/qemu-virt-rv32/27efcae83b6b67ba/out/qemu_virt_rv32.qemu_virt_rv32.cb72a5cbc198be8f-cgu.0.rcgu.o:(.bss._RNvNtCs2wOBtKhbbY5_6kernel4trap12IRQ_HANDLERS)
8000300c 8000300c      204     1                 kernel::trap::IRQ_HANDLERS
8000300c 8000300c        0     1                 $d
80003210 80003210        8     4         /home/heng/test/rust_riscv/target/riscv32imac-unknown-none-elf/release/build/qemu-virt-rv32/27efcae83b6b67ba/out/qemu_virt_rv32.qemu_virt_rv32.cb72a5cbc198be8f-cgu.0.rcgu.o:(.bss._RNvNtCs2wOBtKhbbY5_6kernel4trap13TIMER_HANDLER)
80003210 80003210        8     1                 kernel::trap::TIMER_HANDLER
80003210 80003210        0     1                 $d
80003218 80003218        8     4         /home/heng/test/rust_riscv/target/riscv32imac-unknown-none-elf/release/build/qemu-virt-rv32/27efcae83b6b67ba/out/qemu_virt_rv32.qemu_virt_rv32.cb72a5cbc198be8f-cgu.0.rcgu.o:(.bss._RNvNtCs2wOBtKhbbY5_6kernel4trap16SOFTWARE_HANDLER)
80003218 80003218        8     1                 kernel::trap::SOFTWARE_HANDLER
80003218 80003218        0     1                 $d
80003220 80003220       10     4         /home/heng/test/rust_riscv/target/riscv32imac-unknown-none-elf/release/build/qemu-virt-rv32/27efcae83b6b67ba/out/qemu_virt_rv32.qemu_virt_rv32.cb72a5cbc198be8f-cgu.0.rcgu.o:(.bss..L_MergedGlobals)
80003220 80003220       10     1                 .L_MergedGlobals
80003220 80003220        0     1                 $d
80003220 80003220        8     1                 kernel::trap::CLAIM_HANDLER
80003228 80003228        8     1                 kernel::trap::COMPLETE_HANDLER
80003230 80003230        0     1         . = ALIGN(4)
80003230 80003230        0     1         _ebss = .
80003230 80003230    10000     1 .stack
80003230 80003230        0     1         _stack_bottom = .
80003230 80003230    10000     1         . += 0x10000
80013230 80013230        0     1         _stack_top = .
80013230 80013230        0     1 _heap_start = _stack_top
80013230 80013230        0     1 _heap_end = ORIGIN(RAM) + LENGTH(RAM)
       0        0       4e     1 .riscv.attributes
       0        0       4e     1         <internal>:(.riscv.attributes)
       0        0     2a20     4 .symtab
       0        0     2a20     4         <internal>:(.symtab)
       0        0       4d     1 .shstrtab
       0        0       4d     1         <internal>:(.shstrtab)
       0        0     44da     1 .strtab
       0        0     44da     1         <internal>:(.strtab)
