     VMA      LMA     Size Align Out     In      Symbol
80000000 80000000     172a    16 .text
80000000 80000000        0     1         _stext = .
80000000 80000000       28     1         /home/heng/test/rust_riscv/target/riscv32imac-unknown-none-elf/release/build/qemu-virt-rv32/93ed30137058b51d/out/qemu_virt_rv32.qemu_virt_rv32.f76d2f6932eab9d-cgu.0.rcgu.o:(.text.start)
80000000 80000000        0     1                 .Lpcrel_hi0
80000000 80000000        0     1                 $xrv32i2p1_m2p0_a2p1_c2p0_zmmul1p0_zaamo1p0_zalrsc1p0_zca1p0
80000000 80000000        0     1                 _start
80000008 80000008        0     1                 .Lpcrel_hi1
80000010 80000010        0     1                 .Lpcrel_hi2
80000030 80000030       9a    16         /home/heng/test/rust_riscv/target/riscv32imac-unknown-none-elf/release/build/qemu-virt-rv32/93ed30137058b51d/out/qemu_virt_rv32.qemu_virt_rv32.f76d2f6932eab9d-cgu.0.rcgu.o:(.text)
80000030 80000030        0     1                 $xrv32i2p1_m2p0_a2p1_c2p0_zmmul1p0_zaamo1p0_zalrsc1p0_zca1p0
80000030 80000030        0     1                 trap_handler
800000ca 800000ca      178     2         /home/heng/test/rust_riscv/target/riscv32imac-unknown-none-elf/release/build/qemu-virt-rv32/93ed30137058b51d/out/qemu_virt_rv32.qemu_virt_rv32.f76d2f6932eab9d-cgu.0.rcgu.o:(.text._RINvCs2ihjPO4QFPi_6kernel11kernel_mainNtNtCs1kjyaVpq1yX_14qemu_virt_rv328platform16QemuVirtPlatformEBE_)
800000ca 800000ca      178     1                 kernel::kernel_main::<qemu_virt_rv32::platform::QemuVirtPlatform>
800000ca 800000ca        0     1                 .L0 
800000ca 800000ca        0     1                 $xrv32i2p1_m2p0_a2p1_c2p0_zmmul1p0_zaamo1p0_zalrsc1p0_zca1p0
80000150 80000150        0     1                 .Lpcrel_hi3
80000242 80000242       3c     2         /home/heng/test/rust_riscv/target/riscv32imac-unknown-none-elf/release/build/qemu-virt-rv32/93ed30137058b51d/out/qemu_virt_rv32.qemu_virt_rv32.f76d2f6932eab9d-cgu.0.rcgu.o:(.text._RNCNvMNtNtCs2ihjPO4QFPi_6kernel5shell5shellINtB4_5ShellINtB8_10PlatformIONtNtCs1kjyaVpq1yX_14qemu_virt_rv328platform16QemuVirtPlatformEE12find_command0B1d_)
80000242 80000242       3c     1                 <kernel::shell::shell::Shell<kernel::PlatformIO<qemu_virt_rv32::platform::QemuVirtPlatform>>>::find_command::{closure#0}
80000242 80000242        0     1                 .L0 
80000242 80000242        0     1                 $xrv32i2p1_m2p0_a2p1_c2p0_zmmul1p0_zaamo1p0_zalrsc1p0_zca1p0
8000027e 8000027e       b8     2         /home/heng/test/rust_riscv/target/riscv32imac-unknown-none-elf/release/build/qemu-virt-rv32/93ed30137058b51d/out/qemu_virt_rv32.qemu_virt_rv32.f76d2f6932eab9d-cgu.0.rcgu.o:(.text._RNvCsc64JFm6mESx_7___rustc17rust_begin_unwind)
8000027e 8000027e       b8     1                 __rustc::rust_begin_unwind
8000027e 8000027e        0     1                 .L0 
8000027e 8000027e        0     1                 $xrv32i2p1_m2p0_a2p1_c2p0_zmmul1p0_zaamo1p0_zalrsc1p0_zca1p0
80000336 80000336        c     2         /home/heng/test/rust_riscv/target/riscv32imac-unknown-none-elf/release/build/qemu-virt-rv32/93ed30137058b51d/out/qemu_virt_rv32.qemu_virt_rv32.f76d2f6932eab9d-cgu.0.rcgu.o:(.text._RNvMNtNtCs2ihjPO4QFPi_6kernel5shell5shellINtB2_5ShellINtB6_10PlatformIONtNtCs1kjyaVpq1yX_14qemu_virt_rv328platform16QemuVirtPlatformEE11show_promptB1b_)
80000336 80000336        c     1                 <kernel::shell::shell::Shell<kernel::PlatformIO<qemu_virt_rv32::platform::QemuVirtPlatform>>>::show_prompt
80000336 80000336        0     1                 .L0 
80000336 80000336        0     1                 $xrv32i2p1_m2p0_a2p1_c2p0_zmmul1p0_zaamo1p0_zalrsc1p0_zca1p0
80000342 80000342      726     2         /home/heng/test/rust_riscv/target/riscv32imac-unknown-none-elf/release/build/qemu-virt-rv32/93ed30137058b51d/out/qemu_virt_rv32.qemu_virt_rv32.f76d2f6932eab9d-cgu.0.rcgu.o:(.text._RNvMNtNtCs2ihjPO4QFPi_6kernel5shell5shellINtB2_5ShellINtB6_10PlatformIONtNtCs1kjyaVpq1yX_14qemu_virt_rv328platform16QemuVirtPlatformEE3runB1b_)
80000342 80000342      726     1                 <kernel::shell::shell::Shell<kernel::PlatformIO<qemu_virt_rv32::platform::QemuVirtPlatform>>>::run
80000342 80000342        0     1                 .L0 
80000342 80000342        0     1                 $xrv32i2p1_m2p0_a2p1_c2p0_zmmul1p0_zaamo1p0_zalrsc1p0_zca1p0
80000460 80000460        0     1                 .L0 
80000490 80000490        0     1                 .L0 
800004ac 800004ac        0     1                 .L0 
800004e0 800004e0        0     1                 .L0 
80000550 80000550        0     1                 .L0 
80000a68 80000a68       12     2         /home/heng/test/rust_riscv/target/riscv32imac-unknown-none-elf/release/build/qemu-virt-rv32/93ed30137058b51d/out/qemu_virt_rv32.qemu_virt_rv32.f76d2f6932eab9d-cgu.0.rcgu.o:(.text._RNvNtCs7AKpY82dsUB_12riscv_common12startup_rv329bss_range)
80000a68 80000a68       12     1                 riscv_common::startup_rv32::bss_range
80000a68 80000a68        0     1                 .L0 
80000a68 80000a68        0     1                 $xrv32i2p1_m2p0_a2p1_c2p0_zmmul1p0_zaamo1p0_zalrsc1p0_zca1p0
80000a7a 80000a7a       16     2         /home/heng/test/rust_riscv/target/riscv32imac-unknown-none-elf/release/build/qemu-virt-rv32/93ed30137058b51d/out/qemu_virt_rv32.qemu_virt_rv32.f76d2f6932eab9d-cgu.0.rcgu.o:(.text._RNvXNvNtNtNtCs2ihjPO4QFPi_6kernel5shell5shell7ShellIO9write_fmtINtB2_6WriterINtBa_10PlatformIONtNtCs1kjyaVpq1yX_14qemu_virt_rv328platform16QemuVirtPlatformEENtNtCs3tSFXbN5agf_4core3fmt5Write9write_strB1y_)
80000a7a 80000a7a       16     1                 <kernel::shell::shell::ShellIO::write_fmt::Writer<kernel::PlatformIO<qemu_virt_rv32::platform::QemuVirtPlatform>> as core::fmt::Write>::write_str
80000a7a 80000a7a        0     1                 .L0 
80000a7a 80000a7a        0     1                 $xrv32i2p1_m2p0_a2p1_c2p0_zmmul1p0_zaamo1p0_zalrsc1p0_zca1p0
80000a90 80000a90        c     2         /home/heng/test/rust_riscv/target/riscv32imac-unknown-none-elf/release/build/qemu-virt-rv32/93ed30137058b51d/out/qemu_virt_rv32.qemu_virt_rv32.f76d2f6932eab9d-cgu.0.rcgu.o:(.text._RNvXs_Cs2ihjPO4QFPi_6kernelINtB4_10PlatformIONtNtCs1kjyaVpq1yX_14qemu_virt_rv328platform16QemuVirtPlatformENtNtNtB4_5shell5shell7ShellIO10write_byteBL_)
80000a90 80000a90        c     1                 <kernel::PlatformIO<qemu_virt_rv32::platform::QemuVirtPlatform> as kernel::shell::shell::ShellIO>::write_byte
80000a90 80000a90        0     1                 .L0 
80000a90 80000a90        0     1                 $xrv32i2p1_m2p0_a2p1_c2p0_zmmul1p0_zaamo1p0_zalrsc1p0_zca1p0
80000a9c 80000a9c       14     2         /home/heng/test/rust_riscv/target/riscv32imac-unknown-none-elf/release/build/qemu-virt-rv32/93ed30137058b51d/out/qemu_virt_rv32.qemu_virt_rv32.f76d2f6932eab9d-cgu.0.rcgu.o:(.text._RNvXs_Cs2ihjPO4QFPi_6kernelINtB4_10PlatformIONtNtCs1kjyaVpq1yX_14qemu_virt_rv328platform16QemuVirtPlatformENtNtNtB4_5shell5shell7ShellIO9read_byteBL_)
80000a9c 80000a9c       14     1                 <kernel::PlatformIO<qemu_virt_rv32::platform::QemuVirtPlatform> as kernel::shell::shell::ShellIO>::read_byte
80000a9c 80000a9c        0     1                 .L0 
80000a9c 80000a9c        0     1                 $xrv32i2p1_m2p0_a2p1_c2p0_zmmul1p0_zaamo1p0_zalrsc1p0_zca1p0
80000ab0 80000ab0        c     2         /home/heng/test/rust_riscv/target/riscv32imac-unknown-none-elf/release/build/qemu-virt-rv32/93ed30137058b51d/out/qemu_virt_rv32.qemu_virt_rv32.f76d2f6932eab9d-cgu.0.rcgu.o:(.text._RNvXs_Cs2ihjPO4QFPi_6kernelINtB4_10PlatformIONtNtCs1kjyaVpq1yX_14qemu_virt_rv328platform16QemuVirtPlatformENtNtNtB4_5shell5shell7ShellIO9write_strBL_)
80000ab0 80000ab0        c     1                 <kernel::PlatformIO<qemu_virt_rv32::platform::QemuVirtPlatform> as kernel::shell::shell::ShellIO>::write_str
80000ab0 80000ab0        0     1                 .L0 
80000ab0 80000ab0        0     1                 $xrv32i2p1_m2p0_a2p1_c2p0_zmmul1p0_zaamo1p0_zalrsc1p0_zca1p0
80000abc 80000abc       2c     2         /home/heng/test/rust_riscv/target/riscv32imac-unknown-none-elf/release/build/qemu-virt-rv32/93ed30137058b51d/out/qemu_virt_rv32.qemu_virt_rv32.f76d2f6932eab9d-cgu.0.rcgu.o:(.text._RNvXs_NtNtCs1kjyaVpq1yX_14qemu_virt_rv328hal_impl11uart_16550aNtB4_10Uart16550aNtNtCs8bYyohEBNzy_3hal6serial10SerialPort4init)
80000abc 80000abc       2c     1                 <qemu_virt_rv32::hal_impl::uart_16550a::Uart16550a as hal::serial::SerialPort>::init
80000abc 80000abc        0     1                 .L0 
80000abc 80000abc        0     1                 $xrv32i2p1_m2p0_a2p1_c2p0_zmmul1p0_zaamo1p0_zalrsc1p0_zca1p0
80000ae8 80000ae8       10     2         /home/heng/test/rust_riscv/target/riscv32imac-unknown-none-elf/release/build/qemu-virt-rv32/93ed30137058b51d/out/qemu_virt_rv32.qemu_virt_rv32.f76d2f6932eab9d-cgu.0.rcgu.o:(.text._RNvXs_NtNtCs1kjyaVpq1yX_14qemu_virt_rv328hal_impl11uart_16550aNtB4_10Uart16550aNtNtCs8bYyohEBNzy_3hal6serial10SerialPort4putc)
80000ae8 80000ae8       10     1                 <qemu_virt_rv32::hal_impl::uart_16550a::Uart16550a as hal::serial::SerialPort>::putc
80000ae8 80000ae8        0     1                 .L0 
80000ae8 80000ae8        0     1                 $xrv32i2p1_m2p0_a2p1_c2p0_zmmul1p0_zaamo1p0_zalrsc1p0_zca1p0
80000af8 80000af8       16     2         /home/heng/test/rust_riscv/target/riscv32imac-unknown-none-elf/release/build/qemu-virt-rv32/93ed30137058b51d/out/qemu_virt_rv32.qemu_virt_rv32.f76d2f6932eab9d-cgu.0.rcgu.o:(.text._RNvXsd_NtCs3tSFXbN5agf_4core5arrayAhj100_INtNtNtB7_3ops5index5IndexINtNtBI_5range7RangeTojEE5indexCs1kjyaVpq1yX_14qemu_virt_rv32)
80000af8 80000af8       16     1                 <[u8; 256] as core::ops::index::Index<core::ops::range::RangeTo<usize>>>::index
80000af8 80000af8        0     1                 .L0 
80000af8 80000af8        0     1                 $xrv32i2p1_m2p0_a2p1_c2p0_zmmul1p0_zaamo1p0_zalrsc1p0_zca1p0
80000b0e 80000b0e       16     2         /home/heng/test/rust_riscv/target/riscv32imac-unknown-none-elf/release/build/qemu-virt-rv32/93ed30137058b51d/out/qemu_virt_rv32.qemu_virt_rv32.f76d2f6932eab9d-cgu.0.rcgu.o:(.text._RNvYINtCs2ihjPO4QFPi_6kernel10PlatformIONtNtCs1kjyaVpq1yX_14qemu_virt_rv328platform16QemuVirtPlatformENtNtNtB5_5shell5shell7ShellIO9write_fmtBG_)
80000b0e 80000b0e       16     1                 <kernel::PlatformIO<qemu_virt_rv32::platform::QemuVirtPlatform> as kernel::shell::shell::ShellIO>::write_fmt
80000b0e 80000b0e        0     1                 .L0 
80000b0e 80000b0e        0     1                 $xrv32i2p1_m2p0_a2p1_c2p0_zmmul1p0_zaamo1p0_zalrsc1p0_zca1p0
80000b24 80000b24       90     2         /home/heng/test/rust_riscv/target/riscv32imac-unknown-none-elf/release/build/qemu-virt-rv32/93ed30137058b51d/out/qemu_virt_rv32.qemu_virt_rv32.f76d2f6932eab9d-cgu.0.rcgu.o:(.text._RNvYINtNvNtNtNtCs2ihjPO4QFPi_6kernel5shell5shell7ShellIO9write_fmt6WriterINtBd_10PlatformIONtNtCs1kjyaVpq1yX_14qemu_virt_rv328platform16QemuVirtPlatformEENtNtCs3tSFXbN5agf_4core3fmt5Write10write_charB1v_)
80000b24 80000b24       90     1                 <kernel::shell::shell::ShellIO::write_fmt::Writer<kernel::PlatformIO<qemu_virt_rv32::platform::QemuVirtPlatform>> as core::fmt::Write>::write_char
80000b24 80000b24        0     1                 .L0 
80000b24 80000b24        0     1                 $xrv32i2p1_m2p0_a2p1_c2p0_zmmul1p0_zaamo1p0_zalrsc1p0_zca1p0
80000bb4 80000bb4      1b8     2         /home/heng/test/rust_riscv/target/riscv32imac-unknown-none-elf/release/build/qemu-virt-rv32/93ed30137058b51d/out/qemu_virt_rv32.qemu_virt_rv32.f76d2f6932eab9d-cgu.0.rcgu.o:(.text._RNvYINtNvNtNtNtCs2ihjPO4QFPi_6kernel5shell5shell7ShellIO9write_fmt6WriterINtBd_10PlatformIONtNtCs1kjyaVpq1yX_14qemu_virt_rv328platform16QemuVirtPlatformEENtNtCs3tSFXbN5agf_4core3fmt5Write9write_fmtB1v_)
80000bb4 80000bb4      1b8     1                 <kernel::shell::shell::ShellIO::write_fmt::Writer<kernel::PlatformIO<qemu_virt_rv32::platform::QemuVirtPlatform>> as core::fmt::Write>::write_fmt
80000bb4 80000bb4        0     1                 .L0 
80000bb4 80000bb4        0     1                 $xrv32i2p1_m2p0_a2p1_c2p0_zmmul1p0_zaamo1p0_zalrsc1p0_zca1p0
80000d6c 80000d6c        8     2         /home/heng/test/rust_riscv/target/riscv32imac-unknown-none-elf/release/build/qemu-virt-rv32/93ed30137058b51d/out/qemu_virt_rv32.qemu_virt_rv32.f76d2f6932eab9d-cgu.0.rcgu.o:(.text._RNvYNCNvCs1kjyaVpq1yX_14qemu_virt_rv3211kernel_main0INtNtNtCs3tSFXbN5agf_4core3ops8function6FnOnceuE9call_onceB6_)
80000d6c 80000d6c        8     1                 <qemu_virt_rv32::kernel_main::{closure#0} as core::ops::function::FnOnce<()>>::call_once
80000d6c 80000d6c        0     1                 .L0 
80000d6c 80000d6c        0     1                 $xrv32i2p1_m2p0_a2p1_c2p0_zmmul1p0_zaamo1p0_zalrsc1p0_zca1p0
80000d74 80000d74        8     2         /home/heng/test/rust_riscv/target/riscv32imac-unknown-none-elf/release/build/qemu-virt-rv32/93ed30137058b51d/out/qemu_virt_rv32.qemu_virt_rv32.f76d2f6932eab9d-cgu.0.rcgu.o:(.text._RNvYNCNvCs1kjyaVpq1yX_14qemu_virt_rv3211kernel_mains_0INtNtNtCs3tSFXbN5agf_4core3ops8function6FnOnceTmEE9call_onceB6_)
80000d74 80000d74        8     1                 <qemu_virt_rv32::kernel_main::{closure#1} as core::ops::function::FnOnce<(u32,)>>::call_once
80000d74 80000d74        0     1                 .L0 
80000d74 80000d74        0     1                 $xrv32i2p1_m2p0_a2p1_c2p0_zmmul1p0_zaamo1p0_zalrsc1p0_zca1p0
80000d7c 80000d7c       36     2         /home/heng/test/rust_riscv/target/riscv32imac-unknown-none-elf/release/build/qemu-virt-rv32/93ed30137058b51d/out/qemu_virt_rv32.qemu_virt_rv32.f76d2f6932eab9d-cgu.0.rcgu.o:(.text._RNvYNtNtNtCs1kjyaVpq1yX_14qemu_virt_rv328hal_impl11uart_16550a10Uart16550aNtNtCs8bYyohEBNzy_3hal6serial10SerialPort4putsB8_)
80000d7c 80000d7c       36     1                 <qemu_virt_rv32::hal_impl::uart_16550a::Uart16550a as hal::serial::SerialPort>::puts
80000d7c 80000d7c        0     1                 .L0 
80000d7c 80000d7c        0     1                 $xrv32i2p1_m2p0_a2p1_c2p0_zmmul1p0_zaamo1p0_zalrsc1p0_zca1p0
80000db2 80000db2       3c     2         /home/heng/test/rust_riscv/target/riscv32imac-unknown-none-elf/release/build/qemu-virt-rv32/93ed30137058b51d/out/qemu_virt_rv32.qemu_virt_rv32.f76d2f6932eab9d-cgu.0.rcgu.o:(.text.kernel_main)
80000db2 80000db2        0     1                 .L0 
80000db2 80000db2        0     1                 $xrv32i2p1_m2p0_a2p1_c2p0_zmmul1p0_zaamo1p0_zalrsc1p0_zca1p0
80000db2 80000db2       3c     1                 kernel_main
80000dee 80000dee       10     2         /home/heng/test/rust_riscv/target/riscv32imac-unknown-none-elf/release/build/qemu-virt-rv32/93ed30137058b51d/out/qemu_virt_rv32.qemu_virt_rv32.f76d2f6932eab9d-cgu.0.rcgu.o:(.text.unlikely._RNvNtCs3tSFXbN5agf_4core9panicking9panic_fmt)
80000dee 80000dee       10     1                 core::panicking::panic_fmt
80000dee 80000dee        0     1                 .L0 
80000dee 80000dee        0     1                 .L0 
80000dee 80000dee        0     1                 $xrv32i2p1_m2p0_a2p1_c2p0_zmmul1p0_zaamo1p0_zalrsc1p0_zca1p0
80000dee 80000dee        0     1                 .L0 
80000dfe 80000dfe        0     1                 .L0 
80000dfe 80000dfe      218     2         /home/heng/test/rust_riscv/target/riscv32imac-unknown-none-elf/release/build/qemu-virt-rv32/93ed30137058b51d/out/qemu_virt_rv32.qemu_virt_rv32.f76d2f6932eab9d-cgu.0.rcgu.o:(.text._RNvNtNtCs3tSFXbN5agf_4core3str8converts9from_utf8)
80000dfe 80000dfe      218     1                 core::str::converts::from_utf8
80000dfe 80000dfe        0     1                 .L0 
80000dfe 80000dfe        0     1                 .L0 
80000dfe 80000dfe        0     1                 $xrv32i2p1_m2p0_a2p1_c2p0_zmmul1p0_zaamo1p0_zalrsc1p0_zca1p0
80000dfe 80000dfe        0     1                 .L0 
80000e1c 80000e1c        0     1                 .L0 
80000e24 80000e24        0     1                 .L0 
80000e28 80000e28        0     1                 .L0 
80000e2a 80000e2a        0     1                 .L0 
80000e2e 80000e2e        0     1                 .L0 
80000e30 80000e30        0     1                 .L0 
80000e34 80000e34        0     1                 .L0 
80000e90 80000e90        0     1                 .L0 
80000e94 80000e94        0     1                 .L0 
80000e9c 80000e9c        0     1                 .L0 
80000ed6 80000ed6        0     1                 .L0 
80000fd2 80000fd2        0     1                 .L0 
80000fe0 80000fe0        0     1                 .L0 
80000fe6 80000fe6        0     1                 .L0 
80001016 80001016        0     1                 .L0 
80001016 80001016       12     2         /home/heng/test/rust_riscv/target/riscv32imac-unknown-none-elf/release/build/qemu-virt-rv32/93ed30137058b51d/out/qemu_virt_rv32.qemu_virt_rv32.f76d2f6932eab9d-cgu.0.rcgu.o:(.text.unlikely._RNvNtNtCs3tSFXbN5agf_4core5slice5index16slice_index_fail)
80001016 80001016       12     1                 core::slice::index::slice_index_fail
80001016 80001016        0     1                 .L0 
80001016 80001016        0     1                 .L0 
80001016 80001016        0     1                 $xrv32i2p1_m2p0_a2p1_c2p0_zmmul1p0_zaamo1p0_zalrsc1p0_zca1p0
80001016 80001016        0     1                 .L0 
80001020 80001020        0     1                 .L0 
80001028 80001028        0     1                 .L0 
80001028 80001028       18     2         /home/heng/test/rust_riscv/target/riscv32imac-unknown-none-elf/release/build/qemu-virt-rv32/93ed30137058b51d/out/qemu_virt_rv32.qemu_virt_rv32.f76d2f6932eab9d-cgu.0.rcgu.o:(.text.unlikely._RNvNtCs3tSFXbN5agf_4core9panicking18panic_bounds_check)
80001028 80001028       18     1                 core::panicking::panic_bounds_check
80001028 80001028        0     1                 .L0 
80001028 80001028        0     1                 .L0 
80001028 80001028        0     1                 $xrv32i2p1_m2p0_a2p1_c2p0_zmmul1p0_zaamo1p0_zalrsc1p0_zca1p0
80001028 80001028        0     1                 .L0 
80001040 80001040        0     1                 .L0 
80001040 80001040       18     2         /home/heng/test/rust_riscv/target/riscv32imac-unknown-none-elf/release/build/qemu-virt-rv32/93ed30137058b51d/out/qemu_virt_rv32.qemu_virt_rv32.f76d2f6932eab9d-cgu.0.rcgu.o:(.text.unlikely._RNvNtCs3tSFXbN5agf_4core6option13expect_failed)
80001040 80001040       18     1                 core::option::expect_failed
80001040 80001040        0     1                 .L0 
80001040 80001040        0     1                 .L0 
80001040 80001040        0     1                 $xrv32i2p1_m2p0_a2p1_c2p0_zmmul1p0_zaamo1p0_zalrsc1p0_zca1p0
80001040 80001040        0     1                 .L0 
80001048 80001048        0     1                 .L0 
80001058 80001058        0     1                 .L0 
80001058 80001058       62     2         /home/heng/test/rust_riscv/target/riscv32imac-unknown-none-elf/release/build/qemu-virt-rv32/93ed30137058b51d/out/qemu_virt_rv32.qemu_virt_rv32.f76d2f6932eab9d-cgu.0.rcgu.o:(.text._RNvXs1_NtNtCs2ihjPO4QFPi_6kernel5shell8commandsNtB5_14VersionCommandNtNtB7_5shell14CommandHandler7execute)
80001058 80001058       62     1                 <kernel::shell::commands::VersionCommand as kernel::shell::shell::CommandHandler>::execute
80001058 80001058        0     1                 .L0 
80001058 80001058        0     1                 $xrv32i2p1_m2p0_a2p1_c2p0_zmmul1p0_zaamo1p0_zalrsc1p0_zca1p0
800010ba 800010ba        e     2         /home/heng/test/rust_riscv/target/riscv32imac-unknown-none-elf/release/build/qemu-virt-rv32/93ed30137058b51d/out/qemu_virt_rv32.qemu_virt_rv32.f76d2f6932eab9d-cgu.0.rcgu.o:(.text._RNvXs1_NtNtCs2ihjPO4QFPi_6kernel5shell8commandsNtB5_14VersionCommandNtNtB7_5shell14CommandHandler4help)
800010ba 800010ba        e     1                 <kernel::shell::commands::VersionCommand as kernel::shell::shell::CommandHandler>::help
800010ba 800010ba        0     1                 .L0 
800010ba 800010ba        0     1                 $xrv32i2p1_m2p0_a2p1_c2p0_zmmul1p0_zaamo1p0_zalrsc1p0_zca1p0
800010c8 800010c8       1e     2         /home/heng/test/rust_riscv/target/riscv32imac-unknown-none-elf/release/build/qemu-virt-rv32/93ed30137058b51d/out/qemu_virt_rv32.qemu_virt_rv32.f76d2f6932eab9d-cgu.0.rcgu.o:(.text._RNvXs2_NtNtCs2ihjPO4QFPi_6kernel5shell8commandsNtB5_13UptimeCommandNtNtB7_5shell14CommandHandler7execute)
800010c8 800010c8       1e     1                 <kernel::shell::commands::UptimeCommand as kernel::shell::shell::CommandHandler>::execute
800010c8 800010c8        0     1                 .L0 
800010c8 800010c8        0     1                 $xrv32i2p1_m2p0_a2p1_c2p0_zmmul1p0_zaamo1p0_zalrsc1p0_zca1p0
800010e6 800010e6        c     2         /home/heng/test/rust_riscv/target/riscv32imac-unknown-none-elf/release/build/qemu-virt-rv32/93ed30137058b51d/out/qemu_virt_rv32.qemu_virt_rv32.f76d2f6932eab9d-cgu.0.rcgu.o:(.text._RNvXs2_NtNtCs2ihjPO4QFPi_6kernel5shell8commandsNtB5_13UptimeCommandNtNtB7_5shell14CommandHandler4help)
800010e6 800010e6        c     1                 <kernel::shell::commands::UptimeCommand as kernel::shell::shell::CommandHandler>::help
800010e6 800010e6        0     1                 .L0 
800010e6 800010e6        0     1                 $xrv32i2p1_m2p0_a2p1_c2p0_zmmul1p0_zaamo1p0_zalrsc1p0_zca1p0
800010f2 800010f2       10     2         /home/heng/test/rust_riscv/target/riscv32imac-unknown-none-elf/release/build/qemu-virt-rv32/93ed30137058b51d/out/qemu_virt_rv32.qemu_virt_rv32.f76d2f6932eab9d-cgu.0.rcgu.o:(.text.unlikely._RNvXs3_NtNtCs2ihjPO4QFPi_6kernel5shell8commandsNtB5_12PanicCommandNtNtB7_5shell14CommandHandler7execute)
800010f2 800010f2       10     1                 <kernel::shell::commands::PanicCommand as kernel::shell::shell::CommandHandler>::execute
800010f2 800010f2        0     1                 .L0 
800010f2 800010f2        0     1                 $xrv32i2p1_m2p0_a2p1_c2p0_zmmul1p0_zaamo1p0_zalrsc1p0_zca1p0
80001102 80001102        e     2         /home/heng/test/rust_riscv/target/riscv32imac-unknown-none-elf/release/build/qemu-virt-rv32/93ed30137058b51d/out/qemu_virt_rv32.qemu_virt_rv32.f76d2f6932eab9d-cgu.0.rcgu.o:(.text._RNvXs3_NtNtCs2ihjPO4QFPi_6kernel5shell8commandsNtB5_12PanicCommandNtNtB7_5shell14CommandHandler4help)
80001102 80001102        e     1                 <kernel::shell::commands::PanicCommand as kernel::shell::shell::CommandHandler>::help
80001102 80001102        0     1                 .L0 
80001102 80001102        0     1                 $xrv32i2p1_m2p0_a2p1_c2p0_zmmul1p0_zaamo1p0_zalrsc1p0_zca1p0
80001110 80001110      184     2         /home/heng/test/rust_riscv/target/riscv32imac-unknown-none-elf/release/build/qemu-virt-rv32/93ed30137058b51d/out/qemu_virt_rv32.qemu_virt_rv32.f76d2f6932eab9d-cgu.0.rcgu.o:(.text._RNvXNtNtCs2ihjPO4QFPi_6kernel5shell8commandsNtB2_11HelpCommandNtNtB4_5shell14CommandHandler7execute)
80001110 80001110      184     1                 <kernel::shell::commands::HelpCommand as kernel::shell::shell::CommandHandler>::execute
80001110 80001110        0     1                 .L0 
80001110 80001110        0     1                 $xrv32i2p1_m2p0_a2p1_c2p0_zmmul1p0_zaamo1p0_zalrsc1p0_zca1p0
80001294 80001294        e     2         /home/heng/test/rust_riscv/target/riscv32imac-unknown-none-elf/release/build/qemu-virt-rv32/93ed30137058b51d/out/qemu_virt_rv32.qemu_virt_rv32.f76d2f6932eab9d-cgu.0.rcgu.o:(.text._RNvXNtNtCs2ihjPO4QFPi_6kernel5shell8commandsNtB2_11HelpCommandNtNtB4_5shell14CommandHandler4help)
80001294 80001294        e     1                 <kernel::shell::commands::HelpCommand as kernel::shell::shell::CommandHandler>::help
80001294 80001294        0     1                 .L0 
80001294 80001294        0     1                 $xrv32i2p1_m2p0_a2p1_c2p0_zmmul1p0_zaamo1p0_zalrsc1p0_zca1p0
800012a2 800012a2       64     2         /home/heng/test/rust_riscv/target/riscv32imac-unknown-none-elf/release/build/qemu-virt-rv32/93ed30137058b51d/out/qemu_virt_rv32.qemu_virt_rv32.f76d2f6932eab9d-cgu.0.rcgu.o:(.text._RNvXs_NtNtCs2ihjPO4QFPi_6kernel5shell8commandsNtB4_11EchoCommandNtNtB6_5shell14CommandHandler7execute)
800012a2 800012a2       64     1                 <kernel::shell::commands::EchoCommand as kernel::shell::shell::CommandHandler>::execute
800012a2 800012a2        0     1                 .L0 
800012a2 800012a2        0     1                 $xrv32i2p1_m2p0_a2p1_c2p0_zmmul1p0_zaamo1p0_zalrsc1p0_zca1p0
80001306 80001306        c     2         /home/heng/test/rust_riscv/target/riscv32imac-unknown-none-elf/release/build/qemu-virt-rv32/93ed30137058b51d/out/qemu_virt_rv32.qemu_virt_rv32.f76d2f6932eab9d-cgu.0.rcgu.o:(.text._RNvXs_NtNtCs2ihjPO4QFPi_6kernel5shell8commandsNtB4_11EchoCommandNtNtB6_5shell14CommandHandler4help)
80001306 80001306        c     1                 <kernel::shell::commands::EchoCommand as kernel::shell::shell::CommandHandler>::help
80001306 80001306        0     1                 .L0 
80001306 80001306        0     1                 $xrv32i2p1_m2p0_a2p1_c2p0_zmmul1p0_zaamo1p0_zalrsc1p0_zca1p0
80001312 80001312       1c     2         /home/heng/test/rust_riscv/target/riscv32imac-unknown-none-elf/release/build/qemu-virt-rv32/93ed30137058b51d/out/qemu_virt_rv32.qemu_virt_rv32.f76d2f6932eab9d-cgu.0.rcgu.o:(.text._RNvXs0_NtNtCs2ihjPO4QFPi_6kernel5shell8commandsNtB5_12ClearCommandNtNtB7_5shell14CommandHandler7execute)
80001312 80001312       1c     1                 <kernel::shell::commands::ClearCommand as kernel::shell::shell::CommandHandler>::execute
80001312 80001312        0     1                 .L0 
80001312 80001312        0     1                 $xrv32i2p1_m2p0_a2p1_c2p0_zmmul1p0_zaamo1p0_zalrsc1p0_zca1p0
8000132e 8000132e        c     2         /home/heng/test/rust_riscv/target/riscv32imac-unknown-none-elf/release/build/qemu-virt-rv32/93ed30137058b51d/out/qemu_virt_rv32.qemu_virt_rv32.f76d2f6932eab9d-cgu.0.rcgu.o:(.text._RNvXs0_NtNtCs2ihjPO4QFPi_6kernel5shell8commandsNtB5_12ClearCommandNtNtB7_5shell14CommandHandler4help)
8000132e 8000132e        c     1                 <kernel::shell::commands::ClearCommand as kernel::shell::shell::CommandHandler>::help
8000132e 8000132e        0     1                 .L0 
8000132e 8000132e        0     1                 $xrv32i2p1_m2p0_a2p1_c2p0_zmmul1p0_zaamo1p0_zalrsc1p0_zca1p0
8000133a 8000133a       3a     2         /home/heng/test/rust_riscv/target/riscv32imac-unknown-none-elf/release/build/qemu-virt-rv32/93ed30137058b51d/out/qemu_virt_rv32.qemu_virt_rv32.f76d2f6932eab9d-cgu.0.rcgu.o:(.text._RNvNtCs2ihjPO4QFPi_6kernel4trap22register_claim_handler)
8000133a 8000133a       3a     1                 kernel::trap::register_claim_handler
8000133a 8000133a        0     1                 .L0 
8000133a 8000133a        0     1                 $xrv32i2p1_m2p0_a2p1_c2p0_zmmul1p0_zaamo1p0_zalrsc1p0_zca1p0
80001354 80001354        0     1                 $xrv32i2p1_m2p0_a2p1_c2p0_zihintpause2p0_zmmul1p0_zaamo1p0_zalrsc1p0_zca1p0
80001358 80001358        0     1                 $xrv32i2p1_m2p0_a2p1_c2p0_zmmul1p0_zaamo1p0_zalrsc1p0_zca1p0
80001374 80001374       3a     2         /home/heng/test/rust_riscv/target/riscv32imac-unknown-none-elf/release/build/qemu-virt-rv32/93ed30137058b51d/out/qemu_virt_rv32.qemu_virt_rv32.f76d2f6932eab9d-cgu.0.rcgu.o:(.text._RNvNtCs2ihjPO4QFPi_6kernel4trap25register_complete_handler)
80001374 80001374       3a     1                 kernel::trap::register_complete_handler
80001374 80001374        0     1                 .L0 
80001374 80001374        0     1                 $xrv32i2p1_m2p0_a2p1_c2p0_zmmul1p0_zaamo1p0_zalrsc1p0_zca1p0
8000138e 8000138e        0     1                 $xrv32i2p1_m2p0_a2p1_c2p0_zihintpause2p0_zmmul1p0_zaamo1p0_zalrsc1p0_zca1p0
80001392 80001392        0     1                 $xrv32i2p1_m2p0_a2p1_c2p0_zmmul1p0_zaamo1p0_zalrsc1p0_zca1p0
800013ae 800013ae      154     2         /home/heng/test/rust_riscv/target/riscv32imac-unknown-none-elf/release/build/qemu-virt-rv32/93ed30137058b51d/out/qemu_virt_rv32.qemu_virt_rv32.f76d2f6932eab9d-cgu.0.rcgu.o:(.text.trap_handler_rust)
800013ae 800013ae        0     1                 .L0 
800013ae 800013ae        0     1                 $xrv32i2p1_m2p0_a2p1_c2p0_zmmul1p0_zaamo1p0_zalrsc1p0_zca1p0
800013ae 800013ae      154     1                 trap_handler_rust
80001400 80001400        0     1                 $xrv32i2p1_m2p0_a2p1_c2p0_zihintpause2p0_zmmul1p0_zaamo1p0_zalrsc1p0_zca1p0
80001404 80001404        0     1                 $xrv32i2p1_m2p0_a2p1_c2p0_zmmul1p0_zaamo1p0_zalrsc1p0_zca1p0
8000142a 8000142a        0     1                 $xrv32i2p1_m2p0_a2p1_c2p0_zihintpause2p0_zmmul1p0_zaamo1p0_zalrsc1p0_zca1p0
8000142e 8000142e        0     1                 $xrv32i2p1_m2p0_a2p1_c2p0_zmmul1p0_zaamo1p0_zalrsc1p0_zca1p0
80001454 80001454        0     1                 $xrv32i2p1_m2p0_a2p1_c2p0_zihintpause2p0_zmmul1p0_zaamo1p0_zalrsc1p0_zca1p0
80001458 80001458        0     1                 $xrv32i2p1_m2p0_a2p1_c2p0_zmmul1p0_zaamo1p0_zalrsc1p0_zca1p0
8000149e 8000149e        0     1                 $xrv32i2p1_m2p0_a2p1_c2p0_zihintpause2p0_zmmul1p0_zaamo1p0_zalrsc1p0_zca1p0
800014a2 800014a2        0     1                 $xrv32i2p1_m2p0_a2p1_c2p0_zmmul1p0_zaamo1p0_zalrsc1p0_zca1p0
800014dc 800014dc        0     1                 $xrv32i2p1_m2p0_a2p1_c2p0_zihintpause2p0_zmmul1p0_zaamo1p0_zalrsc1p0_zca1p0
800014e0 800014e0        0     1                 $xrv32i2p1_m2p0_a2p1_c2p0_zmmul1p0_zaamo1p0_zalrsc1p0_zca1p0
80001502 80001502       12     2         /home/heng/test/rust_riscv/target/riscv32imac-unknown-none-elf/release/build/qemu-virt-rv32/93ed30137058b51d/out/qemu_virt_rv32.qemu_virt_rv32.f76d2f6932eab9d-cgu.0.rcgu.o:(.text.OUTLINED_FUNCTION_0)
80001502 80001502       12     1                 OUTLINED_FUNCTION_0
80001502 80001502        0     1                 .L0 
80001502 80001502        0     1                 $xrv32i2p1_m2p0_a2p1_c2p0_zmmul1p0_zaamo1p0_zalrsc1p0_zca1p0
80001514 80001514       20     2         /home/heng/.rustup/toolchains/nightly-x86_64-unknown-linux-gnu/lib/rustlib/riscv32imac-unknown-none-elf/lib/libcompiler_builtins-fdd00026febcc6ff.rlib(compiler_builtins-fdd00026febcc6ff.compiler_builtins.aa9b49afd444cdee-cgu.114.rcgu.o):(.text.memcmp)
80001514 80001514        0     1                 .L0 
80001514 80001514        0     1                 .L0 
80001514 80001514        0     1                 $xrv32i2p1_m2p0_a2p1_c2p0_zmmul1p0_zaamo1p0_zalrsc1p0_zca1p0
80001514 80001514        0     1                 .L0 
80001514 80001514       20     1                 memcmp
80001534 80001534        8     2         /home/heng/.rustup/toolchains/nightly-x86_64-unknown-linux-gnu/lib/rustlib/riscv32imac-unknown-none-elf/lib/libcompiler_builtins-fdd00026febcc6ff.rlib(compiler_builtins-fdd00026febcc6ff.compiler_builtins.aa9b49afd444cdee-cgu.323.rcgu.o):(.text.memcpy)
80001534 80001534        0     1                 .L0 
80001534 80001534        0     1                 .L0 
80001534 80001534        0     1                 $xrv32i2p1_m2p0_a2p1_c2p0_zmmul1p0_zaamo1p0_zalrsc1p0_zca1p0
80001534 80001534        0     1                 .L0 
80001534 80001534        8     1                 memcpy
8000153c 8000153c      186     2         /home/heng/.rustup/toolchains/nightly-x86_64-unknown-linux-gnu/lib/rustlib/riscv32imac-unknown-none-elf/lib/libcompiler_builtins-fdd00026febcc6ff.rlib(compiler_builtins-fdd00026febcc6ff.compiler_builtins.aa9b49afd444cdee-cgu.016.rcgu.o):(.text._RNvNtCseE8mww4KrrC_17compiler_builtins3mem6memcpy)
8000153c 8000153c        0     1                 .L0 
8000153c 8000153c        0     1                 .L0 
8000153c 8000153c        0     1                 $xrv32i2p1_m2p0_a2p1_c2p0_zmmul1p0_zaamo1p0_zalrsc1p0_zca1p0
8000153c 8000153c        0     1                 .L0 
8000153c 8000153c      186     1                 compiler_builtins::mem::memcpy
8000153e 8000153e        0     1                 .L0 
80001544 80001544        0     1                 .L0 
8000154a 8000154a        0     1                 .L0 
80001562 80001562        0     1                 .L0 
80001564 80001564        0     1                 .L0 
80001568 80001568        0     1                 .L0 
8000157e 8000157e        0     1                 .L0 
80001588 80001588        0     1                 .L0 
8000158c 8000158c        0     1                 .L0 
8000158e 8000158e        0     1                 .L0 
80001592 80001592        0     1                 .L0 
80001596 80001596        0     1                 .L0 
8000159e 8000159e        0     1                 .L0 
800015a0 800015a0        0     1                 .L0 
800015a4 800015a4        0     1                 .L0 
800015b2 800015b2        0     1                 .L0 
800015b4 800015b4        0     1                 .L0 
800015be 800015be        0     1                 .L0 
800015cc 800015cc        0     1                 .L0 
800015ce 800015ce        0     1                 .L0 
800015d6 800015d6        0     1                 .L0 
800015e0 800015e0        0     1                 .L0 
800015e8 800015e8        0     1                 .L0 
800015f0 800015f0        0     1                 .L0 
800015f6 800015f6        0     1                 .L0 
800015f8 800015f8        0     1                 .L0 
800015fc 800015fc        0     1                 .L0 
8000161a 8000161a        0     1                 .L0 
80001632 80001632        0     1                 .L0 
80001634 80001634        0     1                 .L0 
8000163c 8000163c        0     1                 .L0 
80001640 80001640        0     1                 .L0 
8000164a 8000164a        0     1                 .L0 
80001654 80001654        0     1                 .L0 
80001660 80001660        0     1                 .L0 
80001668 80001668        0     1                 .L0 
80001670 80001670        0     1                 .L0 
8000167a 8000167a        0     1                 .L0 
80001688 80001688        0     1                 .L0 
8000168c 8000168c        0     1                 .L0 
8000168e 8000168e        0     1                 .L0 
800016a2 800016a2        0     1                 .L0 
800016a6 800016a6        0     1                 .L0 
800016ae 800016ae        0     1                 .L0 
800016b8 800016b8        0     1                 .L0 
800016ba 800016ba        0     1                 .L0 
800016be 800016be        0     1                 .L0 
800016c2 800016c2        0     1                 .L0 
800016c2 800016c2       68     2         /home/heng/.rustup/toolchains/nightly-x86_64-unknown-linux-gnu/lib/rustlib/riscv32imac-unknown-none-elf/lib/libcompiler_builtins-fdd00026febcc6ff.rlib(compiler_builtins-fdd00026febcc6ff.compiler_builtins.aa9b49afd444cdee-cgu.353.rcgu.o):(.text.memset)
800016c2 800016c2        0     1                 .L0 
800016c2 800016c2        0     1                 .L0 
800016c2 800016c2        0     1                 $xrv32i2p1_m2p0_a2p1_c2p0_zmmul1p0_zaamo1p0_zalrsc1p0_zca1p0
800016c2 800016c2        0     1                 .L0 
800016c2 800016c2       68     1                 memset
800016c8 800016c8        0     1                 .L0 
800016ce 800016ce        0     1                 .L0 
800016e0 800016e0        0     1                 .L0 
800016ea 800016ea        0     1                 .L0 
80001702 80001702        0     1                 .L0 
8000170a 8000170a        0     1                 .L0 
80001724 80001724        0     1                 .L0 
8000172a 8000172a        0     1         _etext = .
80001730 80001730      7ec     4 .rodata
80001730 80001730       2c     4         /home/heng/test/rust_riscv/target/riscv32imac-unknown-none-elf/release/build/qemu-virt-rv32/93ed30137058b51d/out/qemu_virt_rv32.qemu_virt_rv32.f76d2f6932eab9d-cgu.0.rcgu.o:(.rodata._RNvMNtNtCs2ihjPO4QFPi_6kernel5shell5shellINtB2_5ShellINtB6_10PlatformIONtNtCs1kjyaVpq1yX_14qemu_virt_rv328platform16QemuVirtPlatformEE3runB1b_)
80001730 80001730        0     1                 .LJTI4_0
80001730 80001730        0     1                 $d
8000175c 8000175c        4     4         /home/heng/test/rust_riscv/target/riscv32imac-unknown-none-elf/release/build/qemu-virt-rv32/93ed30137058b51d/out/qemu_virt_rv32.qemu_virt_rv32.f76d2f6932eab9d-cgu.0.rcgu.o:(.rodata._RNvNtCs1kjyaVpq1yX_14qemu_virt_rv327startup18__KEEP_RISCV_COMMON)
8000175c 8000175c        4     1                 qemu_virt_rv32::startup::_KEEP_RISCV_COMMON
8000175c 8000175c        0     1                 $d
80001760 80001760       23     1         /home/heng/test/rust_riscv/target/riscv32imac-unknown-none-elf/release/build/qemu-virt-rv32/93ed30137058b51d/out/qemu_virt_rv32.qemu_virt_rv32.f76d2f6932eab9d-cgu.0.rcgu.o:(.rodata..Lanon.67247091dd40f5254ae3118359d68b9b.1)
80001760 80001760       23     1                 .Lanon.67247091dd40f5254ae3118359d68b9b.1
80001760 80001760        0     1                 $d
80001783 80001783       1c     1         /home/heng/test/rust_riscv/target/riscv32imac-unknown-none-elf/release/build/qemu-virt-rv32/93ed30137058b51d/out/qemu_virt_rv32.qemu_virt_rv32.f76d2f6932eab9d-cgu.0.rcgu.o:(.rodata..Lanon.67247091dd40f5254ae3118359d68b9b.2)
80001783 80001783       1c     1                 .Lanon.67247091dd40f5254ae3118359d68b9b.2
80001783 80001783        0     1                 $d
8000179f 8000179f       23     1         /home/heng/test/rust_riscv/target/riscv32imac-unknown-none-elf/release/build/qemu-virt-rv32/93ed30137058b51d/out/qemu_virt_rv32.qemu_virt_rv32.f76d2f6932eab9d-cgu.0.rcgu.o:(.rodata..Lanon.67247091dd40f5254ae3118359d68b9b.3)
8000179f 8000179f       23     1                 .Lanon.67247091dd40f5254ae3118359d68b9b.3
8000179f 8000179f        0     1                 $d
800017c2 800017c2       27     1         /home/heng/test/rust_riscv/target/riscv32imac-unknown-none-elf/release/build/qemu-virt-rv32/93ed30137058b51d/out/qemu_virt_rv32.qemu_virt_rv32.f76d2f6932eab9d-cgu.0.rcgu.o:(.rodata..Lanon.67247091dd40f5254ae3118359d68b9b.4)
800017c2 800017c2       27     1                 .Lanon.67247091dd40f5254ae3118359d68b9b.4
800017c2 800017c2        0     1                 $d
800017e9 800017e9       2c     1         /home/heng/test/rust_riscv/target/riscv32imac-unknown-none-elf/release/build/qemu-virt-rv32/93ed30137058b51d/out/qemu_virt_rv32.qemu_virt_rv32.f76d2f6932eab9d-cgu.0.rcgu.o:(.rodata..Lanon.67247091dd40f5254ae3118359d68b9b.5)
800017e9 800017e9       2c     1                 .Lanon.67247091dd40f5254ae3118359d68b9b.5
800017e9 800017e9        0     1                 $d
80001815 80001815       1d     1         /home/heng/test/rust_riscv/target/riscv32imac-unknown-none-elf/release/build/qemu-virt-rv32/93ed30137058b51d/out/qemu_virt_rv32.qemu_virt_rv32.f76d2f6932eab9d-cgu.0.rcgu.o:(.rodata..Lanon.67247091dd40f5254ae3118359d68b9b.6)
80001815 80001815       1d     1                 .Lanon.67247091dd40f5254ae3118359d68b9b.6
80001815 80001815        0     1                 $d
80001832 80001832       b9     1         <internal>:(.rodata.str1.1)
800018ec 800018ec       10     4         /home/heng/test/rust_riscv/target/riscv32imac-unknown-none-elf/release/build/qemu-virt-rv32/93ed30137058b51d/out/qemu_virt_rv32.qemu_virt_rv32.f76d2f6932eab9d-cgu.0.rcgu.o:(.rodata..Lanon.67247091dd40f5254ae3118359d68b9b.9)
800018ec 800018ec       10     1                 .Lanon.67247091dd40f5254ae3118359d68b9b.9
800018ec 800018ec        0     1                 $d
800018fc 800018fc        c     4         /home/heng/test/rust_riscv/target/riscv32imac-unknown-none-elf/release/build/qemu-virt-rv32/93ed30137058b51d/out/qemu_virt_rv32.qemu_virt_rv32.f76d2f6932eab9d-cgu.0.rcgu.o:(.rodata._RNvCs1kjyaVpq1yX_14qemu_virt_rv328PLATFORM)
800018fc 800018fc        c     1                 qemu_virt_rv32::PLATFORM
800018fc 800018fc        0     1                 $d
80001908 80001908       10     1         <internal>:(.rodata.cst4)
80001918 80001918       16     1         /home/heng/test/rust_riscv/target/riscv32imac-unknown-none-elf/release/build/qemu-virt-rv32/93ed30137058b51d/out/qemu_virt_rv32.qemu_virt_rv32.f76d2f6932eab9d-cgu.0.rcgu.o:(.rodata..Lanon.67247091dd40f5254ae3118359d68b9b.12)
80001918 80001918       16     1                 .Lanon.67247091dd40f5254ae3118359d68b9b.12
80001918 80001918        0     1                 $d
8000192e 8000192e        a     1         /home/heng/test/rust_riscv/target/riscv32imac-unknown-none-elf/release/build/qemu-virt-rv32/93ed30137058b51d/out/qemu_virt_rv32.qemu_virt_rv32.f76d2f6932eab9d-cgu.0.rcgu.o:(.rodata..Lanon.67247091dd40f5254ae3118359d68b9b.13)
8000192e 8000192e        a     1                 .Lanon.67247091dd40f5254ae3118359d68b9b.13
8000192e 8000192e        0     1                 $d
80001938 80001938        1     1         /home/heng/test/rust_riscv/target/riscv32imac-unknown-none-elf/release/build/qemu-virt-rv32/93ed30137058b51d/out/qemu_virt_rv32.qemu_virt_rv32.f76d2f6932eab9d-cgu.0.rcgu.o:(.rodata..Lanon.67247091dd40f5254ae3118359d68b9b.14)
80001938 80001938        1     1                 .Lanon.67247091dd40f5254ae3118359d68b9b.14
80001938 80001938        0     1                 $d
80001939 80001939       1b     1         /home/heng/test/rust_riscv/target/riscv32imac-unknown-none-elf/release/build/qemu-virt-rv32/93ed30137058b51d/out/qemu_virt_rv32.qemu_virt_rv32.f76d2f6932eab9d-cgu.0.rcgu.o:(.rodata..Lanon.67247091dd40f5254ae3118359d68b9b.15)
80001939 80001939       1b     1                 .Lanon.67247091dd40f5254ae3118359d68b9b.15
80001939 80001939        0     1                 $d
80001954 80001954       12     1         /home/heng/test/rust_riscv/target/riscv32imac-unknown-none-elf/release/build/qemu-virt-rv32/93ed30137058b51d/out/qemu_virt_rv32.qemu_virt_rv32.f76d2f6932eab9d-cgu.0.rcgu.o:(.rodata..Lanon.67247091dd40f5254ae3118359d68b9b.16)
80001954 80001954       12     1                 .Lanon.67247091dd40f5254ae3118359d68b9b.16
80001954 80001954        0     1                 $d
80001966 80001966        3     1         /home/heng/test/rust_riscv/target/riscv32imac-unknown-none-elf/release/build/qemu-virt-rv32/93ed30137058b51d/out/qemu_virt_rv32.qemu_virt_rv32.f76d2f6932eab9d-cgu.0.rcgu.o:(.rodata..Lanon.67247091dd40f5254ae3118359d68b9b.17)
80001966 80001966        3     1                 .Lanon.67247091dd40f5254ae3118359d68b9b.17
80001966 80001966        0     1                 $d
8000196c 8000196c       10     4         /home/heng/test/rust_riscv/target/riscv32imac-unknown-none-elf/release/build/qemu-virt-rv32/93ed30137058b51d/out/qemu_virt_rv32.qemu_virt_rv32.f76d2f6932eab9d-cgu.0.rcgu.o:(.rodata..Lanon.67247091dd40f5254ae3118359d68b9b.20)
8000196c 8000196c       10     1                 .Lanon.67247091dd40f5254ae3118359d68b9b.20
8000196c 8000196c        0     1                 $d
8000197c 8000197c       13     1         /home/heng/test/rust_riscv/target/riscv32imac-unknown-none-elf/release/build/qemu-virt-rv32/93ed30137058b51d/out/qemu_virt_rv32.qemu_virt_rv32.f76d2f6932eab9d-cgu.0.rcgu.o:(.rodata..Lanon.67247091dd40f5254ae3118359d68b9b.21)
8000197c 8000197c       13     1                 .Lanon.67247091dd40f5254ae3118359d68b9b.21
8000197c 8000197c        0     1                 $d
8000198f 8000198f       25     1         /home/heng/test/rust_riscv/target/riscv32imac-unknown-none-elf/release/build/qemu-virt-rv32/93ed30137058b51d/out/qemu_virt_rv32.qemu_virt_rv32.f76d2f6932eab9d-cgu.0.rcgu.o:(.rodata..Lanon.67247091dd40f5254ae3118359d68b9b.22)
8000198f 8000198f       25     1                 .Lanon.67247091dd40f5254ae3118359d68b9b.22
8000198f 8000198f        0     1                 $d
800019b4 800019b4       1c     4         /home/heng/test/rust_riscv/target/riscv32imac-unknown-none-elf/release/build/qemu-virt-rv32/93ed30137058b51d/out/qemu_virt_rv32.qemu_virt_rv32.f76d2f6932eab9d-cgu.0.rcgu.o:(.rodata..Lanon.67247091dd40f5254ae3118359d68b9b.23)
800019b4 800019b4       1c     1                 .Lanon.67247091dd40f5254ae3118359d68b9b.23
800019b4 800019b4        0     1                 $d
800019d0 800019d0        7     1         /home/heng/test/rust_riscv/target/riscv32imac-unknown-none-elf/release/build/qemu-virt-rv32/93ed30137058b51d/out/qemu_virt_rv32.qemu_virt_rv32.f76d2f6932eab9d-cgu.0.rcgu.o:(.rodata..Lanon.67247091dd40f5254ae3118359d68b9b.24)
800019d0 800019d0        7     1                 .Lanon.67247091dd40f5254ae3118359d68b9b.24
800019d0 800019d0        0     1                 $d
800019d8 800019d8       10     4         /home/heng/test/rust_riscv/target/riscv32imac-unknown-none-elf/release/build/qemu-virt-rv32/93ed30137058b51d/out/qemu_virt_rv32.qemu_virt_rv32.f76d2f6932eab9d-cgu.0.rcgu.o:(.rodata..Lanon.67247091dd40f5254ae3118359d68b9b.25)
800019d8 800019d8       10     1                 .Lanon.67247091dd40f5254ae3118359d68b9b.25
800019d8 800019d8        0     1                 $d
800019e8 800019e8       22     1         /home/heng/test/rust_riscv/target/riscv32imac-unknown-none-elf/release/build/qemu-virt-rv32/93ed30137058b51d/out/qemu_virt_rv32.qemu_virt_rv32.f76d2f6932eab9d-cgu.0.rcgu.o:(.rodata..Lanon.67247091dd40f5254ae3118359d68b9b.26)
800019e8 800019e8       22     1                 .Lanon.67247091dd40f5254ae3118359d68b9b.26
800019e8 800019e8        0     1                 $d
80001a0c 80001a0c       18     4         /home/heng/test/rust_riscv/target/riscv32imac-unknown-none-elf/release/build/qemu-virt-rv32/93ed30137058b51d/out/qemu_virt_rv32.qemu_virt_rv32.f76d2f6932eab9d-cgu.0.rcgu.o:(.rodata..Lanon.67247091dd40f5254ae3118359d68b9b.27)
80001a0c 80001a0c       18     1                 .Lanon.67247091dd40f5254ae3118359d68b9b.27
80001a0c 80001a0c        0     1                 $d
80001a24 80001a24       2a     1         /home/heng/test/rust_riscv/target/riscv32imac-unknown-none-elf/release/build/qemu-virt-rv32/93ed30137058b51d/out/qemu_virt_rv32.qemu_virt_rv32.f76d2f6932eab9d-cgu.0.rcgu.o:(.rodata..Lanon.67247091dd40f5254ae3118359d68b9b.28)
80001a24 80001a24       2a     1                 .Lanon.67247091dd40f5254ae3118359d68b9b.28
80001a24 80001a24        0     1                 $d
80001a4e 80001a4e        9     1         /home/heng/test/rust_riscv/target/riscv32imac-unknown-none-elf/release/build/qemu-virt-rv32/93ed30137058b51d/out/qemu_virt_rv32.qemu_virt_rv32.f76d2f6932eab9d-cgu.0.rcgu.o:(.rodata..Lanon.67247091dd40f5254ae3118359d68b9b.29)
80001a4e 80001a4e        9     1                 .Lanon.67247091dd40f5254ae3118359d68b9b.29
80001a4e 80001a4e        0     1                 $d
80001a57 80001a57      100     1         /home/heng/test/rust_riscv/target/riscv32imac-unknown-none-elf/release/build/qemu-virt-rv32/93ed30137058b51d/out/qemu_virt_rv32.qemu_virt_rv32.f76d2f6932eab9d-cgu.0.rcgu.o:(.rodata._RNvNtNtNtCs3tSFXbN5agf_4core7unicode12unicode_data11white_space14WHITESPACE_MAP)
80001a57 80001a57      100     1                 core::unicode::unicode_data::white_space::WHITESPACE_MAP
80001a57 80001a57        0     1                 $d
80001b57 80001b57      100     1         /home/heng/test/rust_riscv/target/riscv32imac-unknown-none-elf/release/build/qemu-virt-rv32/93ed30137058b51d/out/qemu_virt_rv32.qemu_virt_rv32.f76d2f6932eab9d-cgu.0.rcgu.o:(.rodata..Lanon.ab3ede2c0b4e5eb028b86993e6caa1f8.201)
80001b57 80001b57      100     1                 .Lanon.ab3ede2c0b4e5eb028b86993e6caa1f8.201
80001b57 80001b57        0     1                 $d
80001c58 80001c58       10     4         /home/heng/test/rust_riscv/target/riscv32imac-unknown-none-elf/release/build/qemu-virt-rv32/93ed30137058b51d/out/qemu_virt_rv32.qemu_virt_rv32.f76d2f6932eab9d-cgu.0.rcgu.o:(.rodata..Lanon.546b96dbc14b196d85d95390961440e1.3)
80001c58 80001c58       10     1                 .Lanon.546b96dbc14b196d85d95390961440e1.3
80001c58 80001c58        0     1                 $d
80001c68 80001c68        0     1         /home/heng/test/rust_riscv/target/riscv32imac-unknown-none-elf/release/build/qemu-virt-rv32/93ed30137058b51d/out/qemu_virt_rv32.qemu_virt_rv32.f76d2f6932eab9d-cgu.0.rcgu.o:(.rodata._RNvNtNtCs2ihjPO4QFPi_6kernel5shell8commands10UPTIME_CMD)
80001c68 80001c68        0     1                 kernel::shell::commands::UPTIME_CMD
80001c68 80001c68        0     1         /home/heng/test/rust_riscv/target/riscv32imac-unknown-none-elf/release/build/qemu-virt-rv32/93ed30137058b51d/out/qemu_virt_rv32.qemu_virt_rv32.f76d2f6932eab9d-cgu.0.rcgu.o:(.rodata._RNvNtNtCs2ihjPO4QFPi_6kernel5shell8commands11VERSION_CMD)
80001c68 80001c68        0     1                 kernel::shell::commands::VERSION_CMD
80001c68 80001c68        5     1         /home/heng/test/rust_riscv/target/riscv32imac-unknown-none-elf/release/build/qemu-virt-rv32/93ed30137058b51d/out/qemu_virt_rv32.qemu_virt_rv32.f76d2f6932eab9d-cgu.0.rcgu.o:(.rodata..Lanon.546b96dbc14b196d85d95390961440e1.4)
80001c68 80001c68        5     1                 .Lanon.546b96dbc14b196d85d95390961440e1.4
80001c68 80001c68        0     1                 $d
80001c70 80001c70       14     4         /home/heng/test/rust_riscv/target/riscv32imac-unknown-none-elf/release/build/qemu-virt-rv32/93ed30137058b51d/out/qemu_virt_rv32.qemu_virt_rv32.f76d2f6932eab9d-cgu.0.rcgu.o:(.rodata..Lanon.546b96dbc14b196d85d95390961440e1.5)
80001c70 80001c70       14     1                 .Lanon.546b96dbc14b196d85d95390961440e1.5
80001c70 80001c70        0     1                 $d
80001c84 80001c84       14     4         /home/heng/test/rust_riscv/target/riscv32imac-unknown-none-elf/release/build/qemu-virt-rv32/93ed30137058b51d/out/qemu_virt_rv32.qemu_virt_rv32.f76d2f6932eab9d-cgu.0.rcgu.o:(.rodata..Lanon.546b96dbc14b196d85d95390961440e1.7)
80001c84 80001c84       14     1                 .Lanon.546b96dbc14b196d85d95390961440e1.7
80001c84 80001c84        0     1                 $d
80001c98 80001c98       14     4         /home/heng/test/rust_riscv/target/riscv32imac-unknown-none-elf/release/build/qemu-virt-rv32/93ed30137058b51d/out/qemu_virt_rv32.qemu_virt_rv32.f76d2f6932eab9d-cgu.0.rcgu.o:(.rodata..Lanon.546b96dbc14b196d85d95390961440e1.9)
80001c98 80001c98       14     1                 .Lanon.546b96dbc14b196d85d95390961440e1.9
80001c98 80001c98        0     1                 $d
80001cac 80001cac        5     1         /home/heng/test/rust_riscv/target/riscv32imac-unknown-none-elf/release/build/qemu-virt-rv32/93ed30137058b51d/out/qemu_virt_rv32.qemu_virt_rv32.f76d2f6932eab9d-cgu.0.rcgu.o:(.rodata..Lanon.546b96dbc14b196d85d95390961440e1.10)
80001cac 80001cac        5     1                 .Lanon.546b96dbc14b196d85d95390961440e1.10
80001cac 80001cac        0     1                 $d
80001cb4 80001cb4       14     4         /home/heng/test/rust_riscv/target/riscv32imac-unknown-none-elf/release/build/qemu-virt-rv32/93ed30137058b51d/out/qemu_virt_rv32.qemu_virt_rv32.f76d2f6932eab9d-cgu.0.rcgu.o:(.rodata..Lanon.546b96dbc14b196d85d95390961440e1.11)
80001cb4 80001cb4       14     1                 .Lanon.546b96dbc14b196d85d95390961440e1.11
80001cb4 80001cb4        0     1                 $d
80001cc8 80001cc8        6     1         /home/heng/test/rust_riscv/target/riscv32imac-unknown-none-elf/release/build/qemu-virt-rv32/93ed30137058b51d/out/qemu_virt_rv32.qemu_virt_rv32.f76d2f6932eab9d-cgu.0.rcgu.o:(.rodata..Lanon.546b96dbc14b196d85d95390961440e1.12)
80001cc8 80001cc8        6     1                 .Lanon.546b96dbc14b196d85d95390961440e1.12
80001cc8 80001cc8        0     1                 $d
80001cd0 80001cd0       14     4         /home/heng/test/rust_riscv/target/riscv32imac-unknown-none-elf/release/build/qemu-virt-rv32/93ed30137058b51d/out/qemu_virt_rv32.qemu_virt_rv32.f76d2f6932eab9d-cgu.0.rcgu.o:(.rodata..Lanon.546b96dbc14b196d85d95390961440e1.13)
80001cd0 80001cd0       14     1                 .Lanon.546b96dbc14b196d85d95390961440e1.13
80001cd0 80001cd0        0     1                 $d
80001ce4 80001ce4        7     1         /home/heng/test/rust_riscv/target/riscv32imac-unknown-none-elf/release/build/qemu-virt-rv32/93ed30137058b51d/out/qemu_virt_rv32.qemu_virt_rv32.f76d2f6932eab9d-cgu.0.rcgu.o:(.rodata..Lanon.546b96dbc14b196d85d95390961440e1.14)
80001ce4 80001ce4        7     1                 .Lanon.546b96dbc14b196d85d95390961440e1.14
80001ce4 80001ce4        0     1                 $d
80001cec 80001cec       14     4         /home/heng/test/rust_riscv/target/riscv32imac-unknown-none-elf/release/build/qemu-virt-rv32/93ed30137058b51d/out/qemu_virt_rv32.qemu_virt_rv32.f76d2f6932eab9d-cgu.0.rcgu.o:(.rodata..Lanon.546b96dbc14b196d85d95390961440e1.15)
80001cec 80001cec       14     1                 .Lanon.546b96dbc14b196d85d95390961440e1.15
80001cec 80001cec        0     1                 $d
80001d00 80001d00       60     4         /home/heng/test/rust_riscv/target/riscv32imac-unknown-none-elf/release/build/qemu-virt-rv32/93ed30137058b51d/out/qemu_virt_rv32.qemu_virt_rv32.f76d2f6932eab9d-cgu.0.rcgu.o:(.rodata..Lanon.546b96dbc14b196d85d95390961440e1.16)
80001d00 80001d00       60     1                 .Lanon.546b96dbc14b196d85d95390961440e1.16
80001d00 80001d00        0     1                 $d
80001d60 80001d60        0     1         /home/heng/test/rust_riscv/target/riscv32imac-unknown-none-elf/release/build/qemu-virt-rv32/93ed30137058b51d/out/qemu_virt_rv32.qemu_virt_rv32.f76d2f6932eab9d-cgu.0.rcgu.o:(.rodata._RNvNtNtCs2ihjPO4QFPi_6kernel5shell8commands8ECHO_CMD)
80001d60 80001d60        0     1                 kernel::shell::commands::ECHO_CMD
80001d60 80001d60        0     1         /home/heng/test/rust_riscv/target/riscv32imac-unknown-none-elf/release/build/qemu-virt-rv32/93ed30137058b51d/out/qemu_virt_rv32.qemu_virt_rv32.f76d2f6932eab9d-cgu.0.rcgu.o:(.rodata._RNvNtNtCs2ihjPO4QFPi_6kernel5shell8commands8HELP_CMD)
80001d60 80001d60        0     1                 kernel::shell::commands::HELP_CMD
80001d60 80001d60        0     1         /home/heng/test/rust_riscv/target/riscv32imac-unknown-none-elf/release/build/qemu-virt-rv32/93ed30137058b51d/out/qemu_virt_rv32.qemu_virt_rv32.f76d2f6932eab9d-cgu.0.rcgu.o:(.rodata._RNvNtNtCs2ihjPO4QFPi_6kernel5shell8commands9CLEAR_CMD)
80001d60 80001d60        0     1                 kernel::shell::commands::CLEAR_CMD
80001d60 80001d60        0     1         /home/heng/test/rust_riscv/target/riscv32imac-unknown-none-elf/release/build/qemu-virt-rv32/93ed30137058b51d/out/qemu_virt_rv32.qemu_virt_rv32.f76d2f6932eab9d-cgu.0.rcgu.o:(.rodata._RNvNtNtCs2ihjPO4QFPi_6kernel5shell8commands9PANIC_CMD)
80001d60 80001d60        0     1                 kernel::shell::commands::PANIC_CMD
80001d60 80001d60       39     1         /home/heng/test/rust_riscv/target/riscv32imac-unknown-none-elf/release/build/qemu-virt-rv32/93ed30137058b51d/out/qemu_virt_rv32.qemu_virt_rv32.f76d2f6932eab9d-cgu.0.rcgu.o:(.rodata..Lanon.546b96dbc14b196d85d95390961440e1.17)
80001d60 80001d60       39     1                 .Lanon.546b96dbc14b196d85d95390961440e1.17
80001d60 80001d60        0     1                 $d
80001d99 80001d99        2     1         /home/heng/test/rust_riscv/target/riscv32imac-unknown-none-elf/release/build/qemu-virt-rv32/93ed30137058b51d/out/qemu_virt_rv32.qemu_virt_rv32.f76d2f6932eab9d-cgu.0.rcgu.o:(.rodata..Lanon.546b96dbc14b196d85d95390961440e1.19)
80001d99 80001d99        2     1                 .Lanon.546b96dbc14b196d85d95390961440e1.19
80001d99 80001d99        0     1                 $d
80001d9b 80001d9b        2     1         /home/heng/test/rust_riscv/target/riscv32imac-unknown-none-elf/release/build/qemu-virt-rv32/93ed30137058b51d/out/qemu_virt_rv32.qemu_virt_rv32.f76d2f6932eab9d-cgu.0.rcgu.o:(.rodata..Lanon.546b96dbc14b196d85d95390961440e1.20)
80001d9b 80001d9b        2     1                 .Lanon.546b96dbc14b196d85d95390961440e1.20
80001d9b 80001d9b        0     1                 $d
80001d9d 80001d9d       11     1         /home/heng/test/rust_riscv/target/riscv32imac-unknown-none-elf/release/build/qemu-virt-rv32/93ed30137058b51d/out/qemu_virt_rv32.qemu_virt_rv32.f76d2f6932eab9d-cgu.0.rcgu.o:(.rodata..Lanon.546b96dbc14b196d85d95390961440e1.21)
80001d9d 80001d9d       11     1                 .Lanon.546b96dbc14b196d85d95390961440e1.21
80001d9d 80001d9d        0     1                 $d
80001dae 80001dae       15     1         /home/heng/test/rust_riscv/target/riscv32imac-unknown-none-elf/release/build/qemu-virt-rv32/93ed30137058b51d/out/qemu_virt_rv32.qemu_virt_rv32.f76d2f6932eab9d-cgu.0.rcgu.o:(.rodata..Lanon.546b96dbc14b196d85d95390961440e1.22)
80001dae 80001dae       15     1                 .Lanon.546b96dbc14b196d85d95390961440e1.22
80001dae 80001dae        0     1                 $d
80001dc3 80001dc3       43     1         /home/heng/test/rust_riscv/target/riscv32imac-unknown-none-elf/release/build/qemu-virt-rv32/93ed30137058b51d/out/qemu_virt_rv32.qemu_virt_rv32.f76d2f6932eab9d-cgu.0.rcgu.o:(.rodata..Lanon.546b96dbc14b196d85d95390961440e1.23)
80001dc3 80001dc3       43     1                 .Lanon.546b96dbc14b196d85d95390961440e1.23
80001dc3 80001dc3        0     1                 $d
80001e06 80001e06        2     1         /home/heng/test/rust_riscv/target/riscv32imac-unknown-none-elf/release/build/qemu-virt-rv32/93ed30137058b51d/out/qemu_virt_rv32.qemu_virt_rv32.f76d2f6932eab9d-cgu.0.rcgu.o:(.rodata..Lanon.546b96dbc14b196d85d95390961440e1.24)
80001e06 80001e06        2     1                 .Lanon.546b96dbc14b196d85d95390961440e1.24
80001e06 80001e06        0     1                 $d
80001e08 80001e08       10     1         <internal>:(.rodata.cst16)
80001e18 80001e18        7     1         /home/heng/test/rust_riscv/target/riscv32imac-unknown-none-elf/release/build/qemu-virt-rv32/93ed30137058b51d/out/qemu_virt_rv32.qemu_virt_rv32.f76d2f6932eab9d-cgu.0.rcgu.o:(.rodata..Lanon.546b96dbc14b196d85d95390961440e1.26)
80001e18 80001e18        7     1                 .Lanon.546b96dbc14b196d85d95390961440e1.26
80001e18 80001e18        0     1                 $d
80001e1f 80001e1f       22     1         /home/heng/test/rust_riscv/target/riscv32imac-unknown-none-elf/release/build/qemu-virt-rv32/93ed30137058b51d/out/qemu_virt_rv32.qemu_virt_rv32.f76d2f6932eab9d-cgu.0.rcgu.o:(.rodata..Lanon.546b96dbc14b196d85d95390961440e1.27)
80001e1f 80001e1f       22     1                 .Lanon.546b96dbc14b196d85d95390961440e1.27
80001e1f 80001e1f        0     1                 $d
80001e41 80001e41       21     1         /home/heng/test/rust_riscv/target/riscv32imac-unknown-none-elf/release/build/qemu-virt-rv32/93ed30137058b51d/out/qemu_virt_rv32.qemu_virt_rv32.f76d2f6932eab9d-cgu.0.rcgu.o:(.rodata..Lanon.546b96dbc14b196d85d95390961440e1.28)
80001e41 80001e41       21     1                 .Lanon.546b96dbc14b196d85d95390961440e1.28
80001e41 80001e41        0     1                 $d
80001e62 80001e62       26     1         /home/heng/test/rust_riscv/target/riscv32imac-unknown-none-elf/release/build/qemu-virt-rv32/93ed30137058b51d/out/qemu_virt_rv32.qemu_virt_rv32.f76d2f6932eab9d-cgu.0.rcgu.o:(.rodata..Lanon.546b96dbc14b196d85d95390961440e1.29)
80001e62 80001e62       26     1                 .Lanon.546b96dbc14b196d85d95390961440e1.29
80001e62 80001e62        0     1                 $d
80001e88 80001e88        7     1         /home/heng/test/rust_riscv/target/riscv32imac-unknown-none-elf/release/build/qemu-virt-rv32/93ed30137058b51d/out/qemu_virt_rv32.qemu_virt_rv32.f76d2f6932eab9d-cgu.0.rcgu.o:(.rodata..Lanon.546b96dbc14b196d85d95390961440e1.30)
80001e88 80001e88        7     1                 .Lanon.546b96dbc14b196d85d95390961440e1.30
80001e88 80001e88        0     1                 $d
80001e8f 80001e8f        5     1         /home/heng/test/rust_riscv/target/riscv32imac-unknown-none-elf/release/build/qemu-virt-rv32/93ed30137058b51d/out/qemu_virt_rv32.qemu_virt_rv32.f76d2f6932eab9d-cgu.0.rcgu.o:(.rodata..Lanon.546b96dbc14b196d85d95390961440e1.31)
80001e8f 80001e8f        5     1                 .Lanon.546b96dbc14b196d85d95390961440e1.31
80001e8f 80001e8f        0     1                 $d
80001e94 80001e94       15     1         /home/heng/test/rust_riscv/target/riscv32imac-unknown-none-elf/release/build/qemu-virt-rv32/93ed30137058b51d/out/qemu_virt_rv32.qemu_virt_rv32.f76d2f6932eab9d-cgu.0.rcgu.o:(.rodata..Lanon.546b96dbc14b196d85d95390961440e1.32)
80001e94 80001e94       15     1                 .Lanon.546b96dbc14b196d85d95390961440e1.32
80001e94 80001e94        0     1                 $d
80001ea9 80001ea9       25     1         /home/heng/test/rust_riscv/target/riscv32imac-unknown-none-elf/release/build/qemu-virt-rv32/93ed30137058b51d/out/qemu_virt_rv32.qemu_virt_rv32.f76d2f6932eab9d-cgu.0.rcgu.o:(.rodata..Lanon.546b96dbc14b196d85d95390961440e1.33)
80001ea9 80001ea9       25     1                 .Lanon.546b96dbc14b196d85d95390961440e1.33
80001ea9 80001ea9        0     1                 $d
80001ece 80001ece       24     1         /home/heng/test/rust_riscv/target/riscv32imac-unknown-none-elf/release/build/qemu-virt-rv32/93ed30137058b51d/out/qemu_virt_rv32.qemu_virt_rv32.f76d2f6932eab9d-cgu.0.rcgu.o:(.rodata..Lanon.546b96dbc14b196d85d95390961440e1.34)
80001ece 80001ece       24     1                 .Lanon.546b96dbc14b196d85d95390961440e1.34
80001ece 80001ece        0     1                 $d
80001ef4 80001ef4       10     4         /home/heng/test/rust_riscv/target/riscv32imac-unknown-none-elf/release/build/qemu-virt-rv32/93ed30137058b51d/out/qemu_virt_rv32.qemu_virt_rv32.f76d2f6932eab9d-cgu.0.rcgu.o:(.rodata..Lanon.546b96dbc14b196d85d95390961440e1.36)
80001ef4 80001ef4       10     1                 .Lanon.546b96dbc14b196d85d95390961440e1.36
80001ef4 80001ef4        0     1                 $d
80001f04 80001f04       18     1         /home/heng/test/rust_riscv/target/riscv32imac-unknown-none-elf/release/build/qemu-virt-rv32/93ed30137058b51d/out/qemu_virt_rv32.qemu_virt_rv32.f76d2f6932eab9d-cgu.0.rcgu.o:(.rodata..Lanon.546b96dbc14b196d85d95390961440e1.37)
80001f04 80001f04       18     1                 .Lanon.546b96dbc14b196d85d95390961440e1.37
80001f04 80001f04        0     1                 $d
80001f1c 80001f1c        0     1 _sidata = .
80001f1c 80001f1c        0     1 .data
80001f1c 80001f1c        0     1         _sdata = .
80001f1c 80001f1c        0     1         . = ALIGN(4)
80001f1c 80001f1c        0     1         _edata = .
80001f1c 80001f1c      224     4 .bss
80001f1c 80001f1c        0     1         _sbss = .
80001f1c 80001f1c      224     4         /home/heng/test/rust_riscv/target/riscv32imac-unknown-none-elf/release/build/qemu-virt-rv32/93ed30137058b51d/out/qemu_virt_rv32.qemu_virt_rv32.f76d2f6932eab9d-cgu.0.rcgu.o:(.bss..L_MergedGlobals)
80001f1c 80001f1c      224     1                 .L_MergedGlobals
80001f1c 80001f1c        0     1                 $d
80001f1c 80001f1c        8     1                 kernel::trap::CLAIM_HANDLER
80001f24 80001f24        8     1                 kernel::trap::TIMER_HANDLER
80001f2c 80001f2c        8     1                 kernel::trap::COMPLETE_HANDLER
80001f34 80001f34        8     1                 kernel::trap::SOFTWARE_HANDLER
80001f3c 80001f3c      204     1                 kernel::trap::IRQ_HANDLERS
80002140 80002140        0     1         . = ALIGN(4)
80002140 80002140        0     1         _ebss = .
80002140 80002140    10000     1 .stack
80002140 80002140        0     1         _stack_bottom = .
80002140 80002140    10000     1         . += 0x10000
80012140 80012140        0     1         _stack_top = .
80012140 80012140        0     1 _heap_start = _stack_top
80012140 80012140        0     1 _heap_end = ORIGIN(RAM) + LENGTH(RAM)
       0        0       4e     1 .riscv.attributes
       0        0       4e     1         <internal>:(.riscv.attributes)
       0        0     1e70     4 .symtab
       0        0     1e70     4         <internal>:(.symtab)
       0        0       4d     1 .shstrtab
       0        0       4d     1         <internal>:(.shstrtab)
       0        0     32c0     1 .strtab
       0        0     32c0     1         <internal>:(.strtab)
