     VMA      LMA     Size Align Out     In      Symbol
80000000 80000000     60ce    16 .text
80000000 80000000        0     1         _stext = .
80000000 80000000       28     1         /home/heng/test/rust_riscv/target/riscv32imac-unknown-none-elf/debug/deps/libriscv_common-a2b7f42a82deaf32.rlib(riscv_common-a2b7f42a82deaf32.6fmakz2r0l92v9k3sypl1e6k6.1tilvfy.rcgu.o):(.text.start)
80000000 80000000        0     1                 .Lpcrel_hi0
80000000 80000000        0     1                 $x
80000000 80000000        0     1                 _start
80000008 80000008        0     1                 .Lpcrel_hi1
80000010 80000010        0     1                 .Lpcrel_hi2
80000028 80000028       30     2         /home/heng/test/rust_riscv/target/riscv32imac-unknown-none-elf/debug/deps/qemu_virt_rv32-86bec8f0f6b4ba6a.05me9ndek1613jx7fk94602cd.09ap7je.rcgu.o:(.text._RINvNtNtCsfFZ8ltoTKrO_4core5slice3raw14from_raw_partsINtNtCsfcx9syjUgWJ_8heapless6string6StringKj40_EECs3aSoFE4Gk1A_14qemu_virt_rv32)
80000028 80000028        0     1                 .L0 
80000028 80000028        0     1                 .L0 
80000028 80000028        0     1                 $x
80000028 80000028        0     1                 .L0 
80000028 80000028       30     1                 core::slice::raw::from_raw_parts::<heapless::string::String<64>>
80000058 80000058        0     1                 .L0 
80000058 80000058       2e     2         /home/heng/test/rust_riscv/target/riscv32imac-unknown-none-elf/debug/deps/qemu_virt_rv32-86bec8f0f6b4ba6a.05me9ndek1613jx7fk94602cd.09ap7je.rcgu.o:(.text._RINvNtNtCsfFZ8ltoTKrO_4core5slice3raw14from_raw_partsReECs3aSoFE4Gk1A_14qemu_virt_rv32)
80000058 80000058        0     1                 .L0 
80000058 80000058        0     1                 .L0 
80000058 80000058        0     1                 $x
80000058 80000058        0     1                 .L0 
80000058 80000058       2e     1                 core::slice::raw::from_raw_parts::<&str>
80000086 80000086        0     1                 .L0 
80000086 80000086       2e     2         /home/heng/test/rust_riscv/target/riscv32imac-unknown-none-elf/debug/deps/qemu_virt_rv32-86bec8f0f6b4ba6a.05me9ndek1613jx7fk94602cd.09ap7je.rcgu.o:(.text._RINvNtNtCsfFZ8ltoTKrO_4core5slice3raw14from_raw_partshECs3aSoFE4Gk1A_14qemu_virt_rv32)
80000086 80000086        0     1                 .L0 
80000086 80000086        0     1                 .L0 
80000086 80000086        0     1                 $x
80000086 80000086        0     1                 .L0 
80000086 80000086       2e     1                 core::slice::raw::from_raw_parts::<u8>
800000b4 800000b4        0     1                 .L0 
800000b4 800000b4       30     2         /home/heng/test/rust_riscv/target/riscv32imac-unknown-none-elf/debug/deps/qemu_virt_rv32-86bec8f0f6b4ba6a.05me9ndek1613jx7fk94602cd.09ap7je.rcgu.o:(.text._RINvNtNtCsfFZ8ltoTKrO_4core5slice3raw18from_raw_parts_mutINtNtCsfcx9syjUgWJ_8heapless6string6StringKj40_EECs3aSoFE4Gk1A_14qemu_virt_rv32)
800000b4 800000b4        0     1                 .L0 
800000b4 800000b4        0     1                 .L0 
800000b4 800000b4        0     1                 $x
800000b4 800000b4        0     1                 .L0 
800000b4 800000b4       30     1                 core::slice::raw::from_raw_parts_mut::<heapless::string::String<64>>
800000e4 800000e4        0     1                 .L0 
800000e4 800000e4       2e     2         /home/heng/test/rust_riscv/target/riscv32imac-unknown-none-elf/debug/deps/qemu_virt_rv32-86bec8f0f6b4ba6a.05me9ndek1613jx7fk94602cd.09ap7je.rcgu.o:(.text._RINvNtNtCsfFZ8ltoTKrO_4core5slice3raw18from_raw_parts_mutReECs3aSoFE4Gk1A_14qemu_virt_rv32)
800000e4 800000e4        0     1                 .L0 
800000e4 800000e4        0     1                 .L0 
800000e4 800000e4        0     1                 $x
800000e4 800000e4        0     1                 .L0 
800000e4 800000e4       2e     1                 core::slice::raw::from_raw_parts_mut::<&str>
80000112 80000112        0     1                 .L0 
80000112 80000112       2e     2         /home/heng/test/rust_riscv/target/riscv32imac-unknown-none-elf/debug/deps/qemu_virt_rv32-86bec8f0f6b4ba6a.05me9ndek1613jx7fk94602cd.09ap7je.rcgu.o:(.text._RINvNtNtCsfFZ8ltoTKrO_4core5slice3raw18from_raw_parts_muthECs3aSoFE4Gk1A_14qemu_virt_rv32)
80000112 80000112        0     1                 .L0 
80000112 80000112        0     1                 .L0 
80000112 80000112        0     1                 $x
80000112 80000112        0     1                 .L0 
80000112 80000112       2e     1                 core::slice::raw::from_raw_parts_mut::<u8>
80000140 80000140        0     1                 .L0 
80000140 80000140       42     2         /home/heng/test/rust_riscv/target/riscv32imac-unknown-none-elf/debug/deps/qemu_virt_rv32-86bec8f0f6b4ba6a.062y7k4iomazonu54n1men6t3.09ap7je.rcgu.o:(.text._RNvNvXs5_NtNtCsfFZ8ltoTKrO_4core3str6traitsINtNtNtBb_3ops5range5RangejEINtNtNtBb_5slice5index10SliceIndexeE13get_unchecked18precondition_checkCs3aSoFE4Gk1A_14qemu_virt_rv32)
80000140 80000140        0     1                 .L0 
80000140 80000140        0     1                 .L0 
80000140 80000140        0     1                 $x
80000140 80000140        0     1                 .L0 
80000140 80000140       42     1                 <core::ops::range::Range<usize> as core::slice::index::SliceIndex<str>>::get_unchecked::precondition_check
8000016c 8000016c        0     1                 .L0 
80000182 80000182        0     1                 .L0 
80000182 80000182       74     2         /home/heng/test/rust_riscv/target/riscv32imac-unknown-none-elf/debug/deps/qemu_virt_rv32-86bec8f0f6b4ba6a.062y7k4iomazonu54n1men6t3.09ap7je.rcgu.o:(.text._RNvXNtNtCsfFZ8ltoTKrO_4core3str6traitseNtNtB6_3cmp3Ord3cmpCs3aSoFE4Gk1A_14qemu_virt_rv32)
80000182 80000182        0     1                 .L0 
80000182 80000182        0     1                 .L0 
80000182 80000182        0     1                 $x
80000182 80000182        0     1                 .L0 
80000182 80000182       74     1                 <str as core::cmp::Ord>::cmp
80000194 80000194        0     1                 .L0 
8000019e 8000019e        0     1                 .L0 
800001a2 800001a2        0     1                 .L0 
800001a6 800001a6        0     1                 .L0 
800001b0 800001b0        0     1                 .L0 
800001c2 800001c2        0     1                 .L0 
800001c4 800001c4        0     1                 .L0 
800001c6 800001c6        0     1                 .L0 
800001d6 800001d6        0     1                 .L0 
800001e4 800001e4        0     1                 .L0 
800001f0 800001f0        0     1                 .L0 
800001f6 800001f6        0     1                 .L0 
800001f6 800001f6        a     2         /home/heng/test/rust_riscv/target/riscv32imac-unknown-none-elf/debug/deps/qemu_virt_rv32-86bec8f0f6b4ba6a.0hz24m8699iunpl7n84g0u14f.09ap7je.rcgu.o:(.text._RINvYINtNtNtCsfFZ8ltoTKrO_4core5slice4iter4IterINtNtCsfcx9syjUgWJ_8heapless6string6StringKj40_EENtNtNtNtBa_4iter6traits8iterator8Iterator3mapReNCNvMNtNtCsfngZjer5inL_6kernel5shell5shellINtB2m_5ShellINtB2q_10PlatformIONtNtCs3aSoFE4Gk1A_14qemu_virt_rv328platform16QemuVirtPlatformEE15execute_command0EB3x_)
800001f6 800001f6        0     1                 .L0 
800001f6 800001f6        0     1                 .L0 
800001f6 800001f6        0     1                 $x
800001f6 800001f6        0     1                 .L0 
800001f6 800001f6        a     1                 <core::slice::iter::Iter<heapless::string::String<64>> as core::iter::traits::iterator::Iterator>::map::<&str, <kernel::shell::shell::Shell<kernel::PlatformIO<qemu_virt_rv32::platform::QemuVirtPlatform>>>::execute_command::{closure#0}>
80000200 80000200        0     1                 .L0 
80000200 80000200        a     2         /home/heng/test/rust_riscv/target/riscv32imac-unknown-none-elf/debug/deps/qemu_virt_rv32-86bec8f0f6b4ba6a.0hz24m8699iunpl7n84g0u14f.09ap7je.rcgu.o:(.text._RINvYINtNtNtCsfFZ8ltoTKrO_4core5slice4iter4IterINtNtCsfcx9syjUgWJ_8heapless6string6StringKj40_EENtNtNtNtBa_4iter6traits8iterator8Iterator6clonedBJ_ECs3aSoFE4Gk1A_14qemu_virt_rv32)
80000200 80000200        0     1                 .L0 
80000200 80000200        0     1                 .L0 
80000200 80000200        0     1                 $x
80000200 80000200        0     1                 .L0 
80000200 80000200        a     1                 <core::slice::iter::Iter<heapless::string::String<64>> as core::iter::traits::iterator::Iterator>::cloned::<heapless::string::String<64>>
8000020a 8000020a        0     1                 .L0 
8000020a 8000020a       30     2         /home/heng/test/rust_riscv/target/riscv32imac-unknown-none-elf/debug/deps/qemu_virt_rv32-86bec8f0f6b4ba6a.0hz24m8699iunpl7n84g0u14f.09ap7je.rcgu.o:(.text._RNvMs4_NtNtCsfFZ8ltoTKrO_4core5slice4iterINtB5_4IterINtNtCsfcx9syjUgWJ_8heapless6string6StringKj40_EE3newCs3aSoFE4Gk1A_14qemu_virt_rv32)
8000020a 8000020a        0     1                 .L0 
8000020a 8000020a        0     1                 .L0 
8000020a 8000020a        0     1                 $x
8000020a 8000020a        0     1                 .L0 
8000020a 8000020a       30     1                 <core::slice::iter::Iter<heapless::string::String<64>>>::new
80000216 80000216        0     1                 .L0 
8000021a 8000021a        0     1                 .L0 
8000021c 8000021c        0     1                 .L0 
80000222 80000222        0     1                 .L0 
80000224 80000224        0     1                 .L0 
80000234 80000234        0     1                 .L0 
8000023a 8000023a        0     1                 .L0 
8000023a 8000023a       28     2         /home/heng/test/rust_riscv/target/riscv32imac-unknown-none-elf/debug/deps/qemu_virt_rv32-86bec8f0f6b4ba6a.0hz24m8699iunpl7n84g0u14f.09ap7je.rcgu.o:(.text._RNvMs4_NtNtCsfFZ8ltoTKrO_4core5slice4iterINtB5_4IterhE3newCs3aSoFE4Gk1A_14qemu_virt_rv32)
8000023a 8000023a        0     1                 .L0 
8000023a 8000023a        0     1                 .L0 
8000023a 8000023a        0     1                 $x
8000023a 8000023a        0     1                 .L0 
8000023a 8000023a       28     1                 <core::slice::iter::Iter<u8>>::new
80000246 80000246        0     1                 .L0 
8000024a 8000024a        0     1                 .L0 
8000024c 8000024c        0     1                 .L0 
80000252 80000252        0     1                 .L0 
80000254 80000254        0     1                 .L0 
8000025c 8000025c        0     1                 .L0 
80000262 80000262        0     1                 .L0 
80000262 80000262       42     2         /home/heng/test/rust_riscv/target/riscv32imac-unknown-none-elf/debug/deps/qemu_virt_rv32-86bec8f0f6b4ba6a.0hz24m8699iunpl7n84g0u14f.09ap7je.rcgu.o:(.text._RNvXs2J_NtNtCsfFZ8ltoTKrO_4core5slice4iterINtB6_4IterINtNtCsfcx9syjUgWJ_8heapless6string6StringKj40_EENtNtNtNtBa_4iter6traits8iterator8Iterator4nextCs3aSoFE4Gk1A_14qemu_virt_rv32)
80000262 80000262        0     1                 .L0 
80000262 80000262        0     1                 .L0 
80000262 80000262        0     1                 $x
80000262 80000262        0     1                 .L0 
80000262 80000262       42     1                 <core::slice::iter::Iter<heapless::string::String<64>> as core::iter::traits::iterator::Iterator>::next
8000026a 8000026a        0     1                 .L0 
8000026c 8000026c        0     1                 .L0 
8000026e 8000026e        0     1                 .L0 
80000274 80000274        0     1                 .L0 
8000027a 8000027a        0     1                 .L0 
8000028a 8000028a        0     1                 .L0 
8000028e 8000028e        0     1                 .L0 
8000029c 8000029c        0     1                 .L0 
800002a4 800002a4        0     1                 .L0 
800002a4 800002a4       40     2         /home/heng/test/rust_riscv/target/riscv32imac-unknown-none-elf/debug/deps/qemu_virt_rv32-86bec8f0f6b4ba6a.0hz24m8699iunpl7n84g0u14f.09ap7je.rcgu.o:(.text._RNvXs2J_NtNtCsfFZ8ltoTKrO_4core5slice4iterINtB6_4IterhENtNtNtNtBa_4iter6traits8iterator8Iterator4nextCs3aSoFE4Gk1A_14qemu_virt_rv32)
800002a4 800002a4        0     1                 .L0 
800002a4 800002a4        0     1                 .L0 
800002a4 800002a4        0     1                 $x
800002a4 800002a4        0     1                 .L0 
800002a4 800002a4       40     1                 <core::slice::iter::Iter<u8> as core::iter::traits::iterator::Iterator>::next
800002ac 800002ac        0     1                 .L0 
800002ae 800002ae        0     1                 .L0 
800002b0 800002b0        0     1                 .L0 
800002b6 800002b6        0     1                 .L0 
800002bc 800002bc        0     1                 .L0 
800002cc 800002cc        0     1                 .L0 
800002ce 800002ce        0     1                 .L0 
800002dc 800002dc        0     1                 .L0 
800002e4 800002e4        0     1                 .L0 
800002e4 800002e4       28     2         /home/heng/test/rust_riscv/target/riscv32imac-unknown-none-elf/debug/deps/qemu_virt_rv32-86bec8f0f6b4ba6a.0hz24m8699iunpl7n84g0u14f.09ap7je.rcgu.o:(.text._RNvXs_NtNtCsfFZ8ltoTKrO_4core5slice4iterRShNtNtNtNtB8_4iter6traits7collect12IntoIterator9into_iterCs3aSoFE4Gk1A_14qemu_virt_rv32)
800002e4 800002e4        0     1                 .L0 
800002e4 800002e4        0     1                 .L0 
800002e4 800002e4        0     1                 $x
800002e4 800002e4        0     1                 .L0 
800002e4 800002e4       28     1                 <&[u8] as core::iter::traits::collect::IntoIterator>::into_iter
800002ee 800002ee        0     1                 .L0 
800002f0 800002f0        0     1                 .L0 
800002f4 800002f4        0     1                 .L0 
800002f6 800002f6        0     1                 .L0 
800002fc 800002fc        0     1                 .L0 
800002fe 800002fe        0     1                 .L0 
80000306 80000306        0     1                 .L0 
8000030c 8000030c        0     1                 .L0 
8000030c 8000030c       68     2         /home/heng/test/rust_riscv/target/riscv32imac-unknown-none-elf/debug/deps/qemu_virt_rv32-86bec8f0f6b4ba6a.0jt5r92wi3lxsun1hso8cfuzs.09ap7je.rcgu.o:(.text._RNvMNtCsfFZ8ltoTKrO_4core6resultINtB2_6ResultINtNtCsfcx9syjUgWJ_8heapless6string6StringKj20_EuE2okCs3aSoFE4Gk1A_14qemu_virt_rv32)
8000030c 8000030c        0     1                 .L0 
8000030c 8000030c        0     1                 .L0 
8000030c 8000030c        0     1                 $x
8000030c 8000030c        0     1                 .L0 
8000030c 8000030c       68     1                 <core::result::Result<heapless::string::String<32>, ()>>::ok
80000344 80000344        0     1                 .L0 
80000374 80000374        0     1                 .L0 
80000374 80000374       3a     2         /home/heng/test/rust_riscv/target/riscv32imac-unknown-none-elf/debug/deps/qemu_virt_rv32-86bec8f0f6b4ba6a.0jt5r92wi3lxsun1hso8cfuzs.09ap7je.rcgu.o:(.text._RNvMNtCsfFZ8ltoTKrO_4core6resultINtB2_6ResultReNtNtNtB4_3str5error9Utf8ErrorE2okCs3aSoFE4Gk1A_14qemu_virt_rv32)
80000374 80000374        0     1                 .L0 
80000374 80000374        0     1                 .L0 
80000374 80000374        0     1                 $x
80000374 80000374        0     1                 .L0 
80000374 80000374       3a     1                 <core::result::Result<&str, core::str::error::Utf8Error>>::ok
80000392 80000392        0     1                 .L0 
800003ae 800003ae        0     1                 .L0 
800003ae 800003ae       42     2         /home/heng/test/rust_riscv/target/riscv32imac-unknown-none-elf/debug/deps/qemu_virt_rv32-86bec8f0f6b4ba6a.0jt5r92wi3lxsun1hso8cfuzs.09ap7je.rcgu.o:(.text._RNvMNtCsfFZ8ltoTKrO_4core6resultINtB2_6ResultReNtNtNtB4_3str5error9Utf8ErrorE9unwrap_orCs3aSoFE4Gk1A_14qemu_virt_rv32)
800003ae 800003ae        0     1                 .L0 
800003ae 800003ae        0     1                 .L0 
800003ae 800003ae        0     1                 $x
800003ae 800003ae        0     1                 .L0 
800003ae 800003ae       42     1                 <core::result::Result<&str, core::str::error::Utf8Error>>::unwrap_or
800003f0 800003f0        0     1                 .L0 
800003f0 800003f0       36     2         /home/heng/test/rust_riscv/target/riscv32imac-unknown-none-elf/debug/deps/qemu_virt_rv32-86bec8f0f6b4ba6a.0jt5r92wi3lxsun1hso8cfuzs.09ap7je.rcgu.o:(.text._RNvMNtCsfFZ8ltoTKrO_4core6resultINtB2_6ResultjjE2okCs3aSoFE4Gk1A_14qemu_virt_rv32)
800003f0 800003f0        0     1                 .L0 
800003f0 800003f0        0     1                 .L0 
800003f0 800003f0        0     1                 $x
800003f0 800003f0        0     1                 .L0 
800003f0 800003f0       36     1                 <core::result::Result<usize, usize>>::ok
8000040a 8000040a        0     1                 .L0 
80000426 80000426        0     1                 .L0 
80000426 80000426       42     2         /home/heng/test/rust_riscv/target/riscv32imac-unknown-none-elf/debug/deps/qemu_virt_rv32-86bec8f0f6b4ba6a.0jt5r92wi3lxsun1hso8cfuzs.09ap7je.rcgu.o:(.text._RNvMNtCsfFZ8ltoTKrO_4core6resultINtB2_6ResultuINtNtCsfcx9syjUgWJ_8heapless6string6StringKj40_EE2okCs3aSoFE4Gk1A_14qemu_virt_rv32)
80000426 80000426        0     1                 .L0 
80000426 80000426        0     1                 .L0 
80000426 80000426        0     1                 $x
80000426 80000426        0     1                 .L0 
80000426 80000426       42     1                 <core::result::Result<(), heapless::string::String<64>>>::ok
80000440 80000440        0     1                 .L0 
80000468 80000468        0     1                 .L0 
80000468 80000468        e     2         /home/heng/test/rust_riscv/target/riscv32imac-unknown-none-elf/debug/deps/qemu_virt_rv32-86bec8f0f6b4ba6a.0jt5r92wi3lxsun1hso8cfuzs.09ap7je.rcgu.o:(.text._RNvMNtCsfFZ8ltoTKrO_4core6resultINtB2_6ResultuINtNtCsfcx9syjUgWJ_8heapless6string6StringKj40_EE6is_errCs3aSoFE4Gk1A_14qemu_virt_rv32)
80000468 80000468        0     1                 .L0 
80000468 80000468        0     1                 .L0 
80000468 80000468        0     1                 $x
80000468 80000468        0     1                 .L0 
80000468 80000468        e     1                 <core::result::Result<(), heapless::string::String<64>>>::is_err
8000046c 8000046c        0     1                 .L0 
80000476 80000476        0     1                 .L0 
80000476 80000476       2c     2         /home/heng/test/rust_riscv/target/riscv32imac-unknown-none-elf/debug/deps/qemu_virt_rv32-86bec8f0f6b4ba6a.0jt5r92wi3lxsun1hso8cfuzs.09ap7je.rcgu.o:(.text._RNvMNtCsfFZ8ltoTKrO_4core6resultINtB2_6ResultuReE2okCs3aSoFE4Gk1A_14qemu_virt_rv32)
80000476 80000476        0     1                 .L0 
80000476 80000476        0     1                 .L0 
80000476 80000476        0     1                 $x
80000476 80000476        0     1                 .L0 
80000476 80000476       2c     1                 <core::result::Result<(), &str>>::ok
8000048c 8000048c        0     1                 .L0 
800004a2 800004a2        0     1                 .L0 
800004a2 800004a2       28     2         /home/heng/test/rust_riscv/target/riscv32imac-unknown-none-elf/debug/deps/qemu_virt_rv32-86bec8f0f6b4ba6a.0jt5r92wi3lxsun1hso8cfuzs.09ap7je.rcgu.o:(.text._RNvXsp_NtCsfFZ8ltoTKrO_4core6resultINtB5_6ResultuuENtNtNtB7_3ops9try_trait3Try6branchCs3aSoFE4Gk1A_14qemu_virt_rv32)
800004a2 800004a2        0     1                 .L0 
800004a2 800004a2        0     1                 .L0 
800004a2 800004a2        0     1                 $x
800004a2 800004a2        0     1                 .L0 
800004a2 800004a2       28     1                 <core::result::Result<(), ()> as core::ops::try_trait::Try>::branch
800004b4 800004b4        0     1                 .L0 
800004bc 800004bc        0     1                 .L0 
800004ca 800004ca        0     1                 .L0 
800004ca 800004ca        c     2         /home/heng/test/rust_riscv/target/riscv32imac-unknown-none-elf/debug/deps/qemu_virt_rv32-86bec8f0f6b4ba6a.0jt5r92wi3lxsun1hso8cfuzs.09ap7je.rcgu.o:(.text._RNvXsq_NtCsfFZ8ltoTKrO_4core6resultINtB5_6ResultINtNtCsfcx9syjUgWJ_8heapless6string6StringKj20_EuEINtNtNtB7_3ops9try_trait12FromResidualIBy_NtNtB7_7convert10InfallibleuEE13from_residualCs3aSoFE4Gk1A_14qemu_virt_rv32)
800004ca 800004ca        0     1                 .L0 
800004ca 800004ca        0     1                 .L0 
800004ca 800004ca        0     1                 $x
800004ca 800004ca        0     1                 .L0 
800004ca 800004ca        c     1                 <core::result::Result<heapless::string::String<32>, ()> as core::ops::try_trait::FromResidual<core::result::Result<core::convert::Infallible, ()>>>::from_residual
800004d0 800004d0        0     1                 .L0 
800004d6 800004d6        0     1                 .L0 
800004d6 800004d6        c     2         /home/heng/test/rust_riscv/target/riscv32imac-unknown-none-elf/debug/deps/qemu_virt_rv32-86bec8f0f6b4ba6a.0jt5r92wi3lxsun1hso8cfuzs.09ap7je.rcgu.o:(.text._RNvXsq_NtCsfFZ8ltoTKrO_4core6resultINtB5_6ResultINtNtCsfcx9syjUgWJ_8heapless6string6StringKj40_EuEINtNtNtB7_3ops9try_trait12FromResidualIBy_NtNtB7_7convert10InfallibleuEE13from_residualCs3aSoFE4Gk1A_14qemu_virt_rv32)
800004d6 800004d6        0     1                 .L0 
800004d6 800004d6        0     1                 .L0 
800004d6 800004d6        0     1                 $x
800004d6 800004d6        0     1                 .L0 
800004d6 800004d6        c     1                 <core::result::Result<heapless::string::String<64>, ()> as core::ops::try_trait::FromResidual<core::result::Result<core::convert::Infallible, ()>>>::from_residual
800004dc 800004dc        0     1                 .L0 
800004e2 800004e2        0     1                 .L0 
800004e2 800004e2       22     2         /home/heng/test/rust_riscv/target/riscv32imac-unknown-none-elf/debug/deps/qemu_virt_rv32-86bec8f0f6b4ba6a.0k3gue4ogf8yksa5z19sqluri.09ap7je.rcgu.o:(.text._RINvNtCsfFZ8ltoTKrO_4core3ptr13drop_in_placeINtNtB4_6result6ResultINtNtCsfcx9syjUgWJ_8heapless6string6StringKj20_EuEECs3aSoFE4Gk1A_14qemu_virt_rv32)
800004e2 800004e2        0     1                 .L0 
800004e2 800004e2        0     1                 .L0 
800004e2 800004e2        0     1                 $x
800004e2 800004e2        0     1                 .L0 
800004e2 800004e2       22     1                 core::ptr::drop_in_place::<core::result::Result<heapless::string::String<32>, ()>>
80000504 80000504        0     1                 .L0 
80000504 80000504       22     2         /home/heng/test/rust_riscv/target/riscv32imac-unknown-none-elf/debug/deps/qemu_virt_rv32-86bec8f0f6b4ba6a.0k3gue4ogf8yksa5z19sqluri.09ap7je.rcgu.o:(.text._RINvNtCsfFZ8ltoTKrO_4core3ptr13drop_in_placeINtNtB4_6result6ResultuINtNtCsfcx9syjUgWJ_8heapless6string6StringKj40_EEECs3aSoFE4Gk1A_14qemu_virt_rv32)
80000504 80000504        0     1                 .L0 
80000504 80000504        0     1                 .L0 
80000504 80000504        0     1                 $x
80000504 80000504        0     1                 .L0 
80000504 80000504       22     1                 core::ptr::drop_in_place::<core::result::Result<(), heapless::string::String<64>>>
80000526 80000526        0     1                 .L0 
80000526 80000526       14     2         /home/heng/test/rust_riscv/target/riscv32imac-unknown-none-elf/debug/deps/qemu_virt_rv32-86bec8f0f6b4ba6a.0k3gue4ogf8yksa5z19sqluri.09ap7je.rcgu.o:(.text._RINvNtCsfFZ8ltoTKrO_4core3ptr13drop_in_placeINtNtCsfcx9syjUgWJ_8heapless3vec3VecINtNtBL_6string6StringKj40_EKj10_EECs3aSoFE4Gk1A_14qemu_virt_rv32)
80000526 80000526        0     1                 .L0 
80000526 80000526        0     1                 .L0 
80000526 80000526        0     1                 $x
80000526 80000526        0     1                 .L0 
80000526 80000526       14     1                 core::ptr::drop_in_place::<heapless::vec::Vec<heapless::string::String<64>, 16>>
8000053a 8000053a        0     1                 .L0 
8000053a 8000053a       14     2         /home/heng/test/rust_riscv/target/riscv32imac-unknown-none-elf/debug/deps/qemu_virt_rv32-86bec8f0f6b4ba6a.0k3gue4ogf8yksa5z19sqluri.09ap7je.rcgu.o:(.text._RINvNtCsfFZ8ltoTKrO_4core3ptr13drop_in_placeINtNtCsfcx9syjUgWJ_8heapless3vec3VecReKj10_EECs3aSoFE4Gk1A_14qemu_virt_rv32)
8000053a 8000053a        0     1                 .L0 
8000053a 8000053a        0     1                 .L0 
8000053a 8000053a        0     1                 $x
8000053a 8000053a        0     1                 .L0 
8000053a 8000053a       14     1                 core::ptr::drop_in_place::<heapless::vec::Vec<&str, 16>>
8000054e 8000054e        0     1                 .L0 
8000054e 8000054e       14     2         /home/heng/test/rust_riscv/target/riscv32imac-unknown-none-elf/debug/deps/qemu_virt_rv32-86bec8f0f6b4ba6a.0k3gue4ogf8yksa5z19sqluri.09ap7je.rcgu.o:(.text._RINvNtCsfFZ8ltoTKrO_4core3ptr13drop_in_placeINtNtCsfcx9syjUgWJ_8heapless3vec3VechKj20_EECs3aSoFE4Gk1A_14qemu_virt_rv32)
8000054e 8000054e       14     1                 core::ptr::drop_in_place::<heapless::vec::Vec<u8, 32>>
8000054e 8000054e        0     1                 .L0 
8000054e 8000054e        0     1                 .L0 
8000054e 8000054e        0     1                 $x
8000054e 8000054e        0     1                 .L0 
80000562 80000562        0     1                 .L0 
80000562 80000562       14     2         /home/heng/test/rust_riscv/target/riscv32imac-unknown-none-elf/debug/deps/qemu_virt_rv32-86bec8f0f6b4ba6a.0k3gue4ogf8yksa5z19sqluri.09ap7je.rcgu.o:(.text._RINvNtCsfFZ8ltoTKrO_4core3ptr13drop_in_placeINtNtCsfcx9syjUgWJ_8heapless3vec3VechKj40_EECs3aSoFE4Gk1A_14qemu_virt_rv32)
80000562 80000562       14     1                 core::ptr::drop_in_place::<heapless::vec::Vec<u8, 64>>
80000562 80000562        0     1                 .L0 
80000562 80000562        0     1                 .L0 
80000562 80000562        0     1                 $x
80000562 80000562        0     1                 .L0 
80000576 80000576        0     1                 .L0 
80000576 80000576       14     2         /home/heng/test/rust_riscv/target/riscv32imac-unknown-none-elf/debug/deps/qemu_virt_rv32-86bec8f0f6b4ba6a.0k3gue4ogf8yksa5z19sqluri.09ap7je.rcgu.o:(.text._RINvNtCsfFZ8ltoTKrO_4core3ptr13drop_in_placeINtNtCsfcx9syjUgWJ_8heapless6string6StringKj20_EECs3aSoFE4Gk1A_14qemu_virt_rv32)
80000576 80000576        0     1                 .L0 
80000576 80000576        0     1                 .L0 
80000576 80000576        0     1                 $x
80000576 80000576        0     1                 .L0 
80000576 80000576       14     1                 core::ptr::drop_in_place::<heapless::string::String<32>>
8000058a 8000058a        0     1                 .L0 
8000058a 8000058a       14     2         /home/heng/test/rust_riscv/target/riscv32imac-unknown-none-elf/debug/deps/qemu_virt_rv32-86bec8f0f6b4ba6a.0k3gue4ogf8yksa5z19sqluri.09ap7je.rcgu.o:(.text._RINvNtCsfFZ8ltoTKrO_4core3ptr13drop_in_placeINtNtCsfcx9syjUgWJ_8heapless6string6StringKj40_EECs3aSoFE4Gk1A_14qemu_virt_rv32)
8000058a 8000058a        0     1                 .L0 
8000058a 8000058a        0     1                 .L0 
8000058a 8000058a        0     1                 $x
8000058a 8000058a        0     1                 .L0 
8000058a 8000058a       14     1                 core::ptr::drop_in_place::<heapless::string::String<64>>
8000059e 8000059e        0     1                 .L0 
8000059e 8000059e       40     2         /home/heng/test/rust_riscv/target/riscv32imac-unknown-none-elf/debug/deps/qemu_virt_rv32-86bec8f0f6b4ba6a.0k3gue4ogf8yksa5z19sqluri.09ap7je.rcgu.o:(.text._RINvNtCsfFZ8ltoTKrO_4core3ptr13drop_in_placeSINtNtCsfcx9syjUgWJ_8heapless6string6StringKj40_EECs3aSoFE4Gk1A_14qemu_virt_rv32)
8000059e 8000059e       40     1                 core::ptr::drop_in_place::<[heapless::string::String<64>]>
8000059e 8000059e        0     1                 .L0 
8000059e 8000059e        0     1                 .L0 
8000059e 8000059e        0     1                 $x
8000059e 8000059e        0     1                 .L0 
800005de 800005de        0     1                 .L0 
800005de 800005de       1c     2         /home/heng/test/rust_riscv/target/riscv32imac-unknown-none-elf/debug/deps/qemu_virt_rv32-86bec8f0f6b4ba6a.0k3gue4ogf8yksa5z19sqluri.09ap7je.rcgu.o:(.text._RNvXs2_NtCsfcx9syjUgWJ_8heapless3vecINtB5_3VecINtNtB7_6string6StringKj40_EKj10_ENtNtNtCsfFZ8ltoTKrO_4core3ops4drop4Drop4dropCs3aSoFE4Gk1A_14qemu_virt_rv32)
800005de 800005de       1c     1                 <heapless::vec::Vec<heapless::string::String<64>, 16> as core::ops::drop::Drop>::drop
800005de 800005de        0     1                 .L0 
800005de 800005de        0     1                 .L0 
800005de 800005de        0     1                 $x
800005de 800005de        0     1                 .L0 
800005fa 800005fa        0     1                 .L0 
800005fa 800005fa       14     2         /home/heng/test/rust_riscv/target/riscv32imac-unknown-none-elf/debug/deps/qemu_virt_rv32-86bec8f0f6b4ba6a.0k3gue4ogf8yksa5z19sqluri.09ap7je.rcgu.o:(.text._RNvXs2_NtCsfcx9syjUgWJ_8heapless3vecINtB5_3VecReKj10_ENtNtNtCsfFZ8ltoTKrO_4core3ops4drop4Drop4dropCs3aSoFE4Gk1A_14qemu_virt_rv32)
800005fa 800005fa       14     1                 <heapless::vec::Vec<&str, 16> as core::ops::drop::Drop>::drop
800005fa 800005fa        0     1                 .L0 
800005fa 800005fa        0     1                 .L0 
800005fa 800005fa        0     1                 $x
800005fa 800005fa        0     1                 .L0 
8000060e 8000060e        0     1                 .L0 
8000060e 8000060e       14     2         /home/heng/test/rust_riscv/target/riscv32imac-unknown-none-elf/debug/deps/qemu_virt_rv32-86bec8f0f6b4ba6a.0k3gue4ogf8yksa5z19sqluri.09ap7je.rcgu.o:(.text._RNvXs2_NtCsfcx9syjUgWJ_8heapless3vecINtB5_3VechKj20_ENtNtNtCsfFZ8ltoTKrO_4core3ops4drop4Drop4dropCs3aSoFE4Gk1A_14qemu_virt_rv32)
8000060e 8000060e       14     1                 <heapless::vec::Vec<u8, 32> as core::ops::drop::Drop>::drop
8000060e 8000060e        0     1                 .L0 
8000060e 8000060e        0     1                 .L0 
8000060e 8000060e        0     1                 $x
8000060e 8000060e        0     1                 .L0 
80000622 80000622        0     1                 .L0 
80000622 80000622       14     2         /home/heng/test/rust_riscv/target/riscv32imac-unknown-none-elf/debug/deps/qemu_virt_rv32-86bec8f0f6b4ba6a.0k3gue4ogf8yksa5z19sqluri.09ap7je.rcgu.o:(.text._RNvXs2_NtCsfcx9syjUgWJ_8heapless3vecINtB5_3VechKj40_ENtNtNtCsfFZ8ltoTKrO_4core3ops4drop4Drop4dropCs3aSoFE4Gk1A_14qemu_virt_rv32)
80000622 80000622       14     1                 <heapless::vec::Vec<u8, 64> as core::ops::drop::Drop>::drop
80000622 80000622        0     1                 .L0 
80000622 80000622        0     1                 .L0 
80000622 80000622        0     1                 $x
80000622 80000622        0     1                 .L0 
80000636 80000636        0     1                 .L0 
80000636 80000636       16     2         /home/heng/test/rust_riscv/target/riscv32imac-unknown-none-elf/debug/deps/qemu_virt_rv32-86bec8f0f6b4ba6a.0k3gue4ogf8yksa5z19sqluri.09ap7je.rcgu.o:(.text._RNvYNCNvCs3aSoFE4Gk1A_14qemu_virt_rv3211kernel_main0INtNtNtCsfFZ8ltoTKrO_4core3ops8function6FnOnceuE9call_onceB6_)
80000636 80000636        0     1                 .L0 
80000636 80000636        0     1                 .L0 
80000636 80000636        0     1                 $x
80000636 80000636        0     1                 .L0 
80000636 80000636       16     1                 <qemu_virt_rv32::kernel_main::{closure#0} as core::ops::function::FnOnce<()>>::call_once
8000064c 8000064c        0     1                 .L0 
8000064c 8000064c       1a     2         /home/heng/test/rust_riscv/target/riscv32imac-unknown-none-elf/debug/deps/qemu_virt_rv32-86bec8f0f6b4ba6a.0k3gue4ogf8yksa5z19sqluri.09ap7je.rcgu.o:(.text._RNvYNCNvCs3aSoFE4Gk1A_14qemu_virt_rv3211kernel_mains_0INtNtNtCsfFZ8ltoTKrO_4core3ops8function6FnOnceTmEE9call_onceB6_)
8000064c 8000064c        0     1                 .L0 
8000064c 8000064c        0     1                 .L0 
8000064c 8000064c        0     1                 $x
8000064c 8000064c        0     1                 .L0 
8000064c 8000064c       1a     1                 <qemu_virt_rv32::kernel_main::{closure#1} as core::ops::function::FnOnce<(u32,)>>::call_once
80000666 80000666        0     1                 .L0 
80000666 80000666       4a     2         /home/heng/test/rust_riscv/target/riscv32imac-unknown-none-elf/debug/deps/qemu_virt_rv32-86bec8f0f6b4ba6a.16q9vnwgg6o9fgvcrmk9eew8q.09ap7je.rcgu.o:(.text._RNvNvNtNtCsfFZ8ltoTKrO_4core4char7convert18from_u32_unchecked18precondition_checkCs3aSoFE4Gk1A_14qemu_virt_rv32)
80000666 80000666        0     1                 .L0 
80000666 80000666        0     1                 .L0 
80000666 80000666        0     1                 $x
80000666 80000666        0     1                 .L0 
80000666 80000666       4a     1                 core::char::convert::from_u32_unchecked::precondition_check
80000670 80000670        0     1                 .L0 
800006a8 800006a8        0     1                 .L0 
800006b0 800006b0       20     2         /home/heng/test/rust_riscv/target/riscv32imac-unknown-none-elf/debug/deps/qemu_virt_rv32-86bec8f0f6b4ba6a.1ex3ksi6j9va09ar7wm2w0492.09ap7je.rcgu.o:(.text._RNvXs0_NtNtCsfFZ8ltoTKrO_4core5slice10specializeShINtB5_8SpecFillhE9spec_fillCs3aSoFE4Gk1A_14qemu_virt_rv32)
800006b0 800006b0        0     1                 .L0 
800006b0 800006b0        0     1                 .L0 
800006b0 800006b0        0     1                 $x
800006b0 800006b0        0     1                 .L0 
800006b0 800006b0       20     1                 <[u8] as core::slice::specialize::SpecFill<u8>>::spec_fill
800006d0 800006d0       8a     2         /home/heng/test/rust_riscv/target/riscv32imac-unknown-none-elf/debug/deps/qemu_virt_rv32-86bec8f0f6b4ba6a.1futbbb90mdmuozwjitgo7fpg.09ap7je.rcgu.o:(.text._RNvMNtNtCsfFZ8ltoTKrO_4core3ptr9const_ptrPu13is_aligned_toCs3aSoFE4Gk1A_14qemu_virt_rv32)
800006d0 800006d0        0     1                 .L0 
800006d0 800006d0        0     1                 .L0 
800006d0 800006d0        0     1                 $x
800006d0 800006d0        0     1                 .L0 
800006d0 800006d0       8a     1                 <*const ()>::is_aligned_to
800006da 800006da        0     1                 .L0 
8000075a 8000075a       f2     2         /home/heng/test/rust_riscv/target/riscv32imac-unknown-none-elf/debug/deps/qemu_virt_rv32-86bec8f0f6b4ba6a.2nibvouv8ngz0joukt3va8kqt.09ap7je.rcgu.o:(.text._RNvXs8_NtNtCsfFZ8ltoTKrO_4core3str7patternINtB5_19MultiCharEqSearcherNtB7_12IsWhitespaceENtB5_8Searcher4nextCs3aSoFE4Gk1A_14qemu_virt_rv32)
8000075a 8000075a       f2     1                 <core::str::pattern::MultiCharEqSearcher<core::str::IsWhitespace> as core::str::pattern::Searcher>::next
8000075a 8000075a        0     1                 .L0 
8000075a 8000075a        0     1                 .L0 
8000075a 8000075a        0     1                 $x
8000075a 8000075a        0     1                 .L0 
80000770 80000770        0     1                 .L0 
80000772 80000772        0     1                 .L0 
80000778 80000778        0     1                 .L0 
8000077e 8000077e        0     1                 .L0 
80000782 80000782        0     1                 .L0 
80000784 80000784        0     1                 .L0 
8000079a 8000079a        0     1                 .L0 
8000079e 8000079e        0     1                 .L0 
800007a4 800007a4        0     1                 .L0 
800007ce 800007ce        0     1                 .L0 
800007d0 800007d0        0     1                 .L0 
800007d6 800007d6        0     1                 .L0 
800007dc 800007dc        0     1                 .L0 
800007e0 800007e0        0     1                 .L0 
800007e2 800007e2        0     1                 .L0 
800007fc 800007fc        0     1                 .L0 
80000800 80000800        0     1                 .L0 
80000804 80000804        0     1                 .L0 
8000080a 8000080a        0     1                 .L0 
80000818 80000818        0     1                 .L0 
8000081e 8000081e        0     1                 .L0 
80000826 80000826        0     1                 .L0 
80000844 80000844        0     1                 .L0 
8000084c 8000084c        0     1                 .L0 
8000084c 8000084c       14     2         /home/heng/test/rust_riscv/target/riscv32imac-unknown-none-elf/debug/deps/qemu_virt_rv32-86bec8f0f6b4ba6a.2nibvouv8ngz0joukt3va8kqt.09ap7je.rcgu.o:(.text._RNvXso_NtNtCsfFZ8ltoTKrO_4core3str7patternINtB5_21CharPredicateSearcherNtB7_12IsWhitespaceENtB5_8Searcher10next_matchCs3aSoFE4Gk1A_14qemu_virt_rv32)
8000084c 8000084c        0     1                 .L0 
8000084c 8000084c        0     1                 .L0 
8000084c 8000084c        0     1                 $x
8000084c 8000084c        0     1                 .L0 
8000084c 8000084c       14     1                 <core::str::pattern::CharPredicateSearcher<core::str::IsWhitespace> as core::str::pattern::Searcher>::next_match
80000860 80000860        0     1                 .L0 
80000860 80000860        e     2         /home/heng/test/rust_riscv/target/riscv32imac-unknown-none-elf/debug/deps/qemu_virt_rv32-86bec8f0f6b4ba6a.2nibvouv8ngz0joukt3va8kqt.09ap7je.rcgu.o:(.text._RNvXso_NtNtCsfFZ8ltoTKrO_4core3str7patternINtB5_21CharPredicateSearcherNtB7_12IsWhitespaceENtB5_8Searcher8haystackCs3aSoFE4Gk1A_14qemu_virt_rv32)
80000860 80000860        0     1                 .L0 
80000860 80000860        0     1                 .L0 
80000860 80000860        0     1                 $x
80000860 80000860        0     1                 .L0 
80000860 80000860        e     1                 <core::str::pattern::CharPredicateSearcher<core::str::IsWhitespace> as core::str::pattern::Searcher>::haystack
80000866 80000866        0     1                 .L0 
8000086e 8000086e        0     1                 .L0 
8000086e 8000086e       52     2         /home/heng/test/rust_riscv/target/riscv32imac-unknown-none-elf/debug/deps/qemu_virt_rv32-86bec8f0f6b4ba6a.2nibvouv8ngz0joukt3va8kqt.09ap7je.rcgu.o:(.text._RNvYINtNtNtCsfFZ8ltoTKrO_4core3str7pattern19MultiCharEqSearcherNtB7_12IsWhitespaceENtB5_8Searcher10next_matchCs3aSoFE4Gk1A_14qemu_virt_rv32)
8000086e 8000086e       52     1                 <core::str::pattern::MultiCharEqSearcher<core::str::IsWhitespace> as core::str::pattern::Searcher>::next_match
8000086e 8000086e        0     1                 .L0 
8000086e 8000086e        0     1                 .L0 
8000086e 8000086e        0     1                 $x
8000086e 8000086e        0     1                 .L0 
800008a6 800008a6        0     1                 .L0 
800008c0 800008c0        0     1                 .L0 
800008c0 800008c0      182     2         /home/heng/test/rust_riscv/target/riscv32imac-unknown-none-elf/debug/deps/qemu_virt_rv32-86bec8f0f6b4ba6a.2ooid4pva2fc4m5eu97cdough.09ap7je.rcgu.o:(.text._RINvCsfngZjer5inL_6kernel11kernel_mainNtNtCs3aSoFE4Gk1A_14qemu_virt_rv328platform16QemuVirtPlatformEBE_)
800008c0 800008c0        0     1                 .L0 
800008c0 800008c0        0     1                 .L0 
800008c0 800008c0        0     1                 $x
800008c0 800008c0        0     1                 .L0 
800008c0 800008c0      182     1                 kernel::kernel_main::<qemu_virt_rv32::platform::QemuVirtPlatform>
80000a30 80000a30        0     1                 .L0 
80000a3a 80000a3a        0     1                 .L0 
80000a42 80000a42        0     1                 .L0 
80000a42 80000a42        8     2         /home/heng/test/rust_riscv/target/riscv32imac-unknown-none-elf/debug/deps/qemu_virt_rv32-86bec8f0f6b4ba6a.2ooid4pva2fc4m5eu97cdough.09ap7je.rcgu.o:(.text._RNvMCsfngZjer5inL_6kernelINtB2_10PlatformIONtNtCs3aSoFE4Gk1A_14qemu_virt_rv328platform16QemuVirtPlatformE3newBJ_)
80000a42 80000a42        8     1                 <kernel::PlatformIO<qemu_virt_rv32::platform::QemuVirtPlatform>>::new
80000a42 80000a42        0     1                 .L0 
80000a42 80000a42        0     1                 .L0 
80000a42 80000a42        0     1                 $x
80000a42 80000a42        0     1                 .L0 
80000a4a 80000a4a        0     1                 .L0 
80000a4a 80000a4a       26     2         /home/heng/test/rust_riscv/target/riscv32imac-unknown-none-elf/debug/deps/qemu_virt_rv32-86bec8f0f6b4ba6a.2ooid4pva2fc4m5eu97cdough.09ap7je.rcgu.o:(.text._RNvXs_CsfngZjer5inL_6kernelINtB4_10PlatformIONtNtCs3aSoFE4Gk1A_14qemu_virt_rv328platform16QemuVirtPlatformENtNtNtB4_5shell5shell7ShellIO10write_byteBL_)
80000a4a 80000a4a        0     1                 .L0 
80000a4a 80000a4a        0     1                 .L0 
80000a4a 80000a4a        0     1                 $x
80000a4a 80000a4a        0     1                 .L0 
80000a4a 80000a4a       26     1                 <kernel::PlatformIO<qemu_virt_rv32::platform::QemuVirtPlatform> as kernel::shell::shell::ShellIO>::write_byte
80000a70 80000a70        0     1                 .L0 
80000a70 80000a70       1e     2         /home/heng/test/rust_riscv/target/riscv32imac-unknown-none-elf/debug/deps/qemu_virt_rv32-86bec8f0f6b4ba6a.2ooid4pva2fc4m5eu97cdough.09ap7je.rcgu.o:(.text._RNvXs_CsfngZjer5inL_6kernelINtB4_10PlatformIONtNtCs3aSoFE4Gk1A_14qemu_virt_rv328platform16QemuVirtPlatformENtNtNtB4_5shell5shell7ShellIO9read_byteBL_)
80000a70 80000a70        0     1                 .L0 
80000a70 80000a70        0     1                 .L0 
80000a70 80000a70        0     1                 $x
80000a70 80000a70        0     1                 .L0 
80000a70 80000a70       1e     1                 <kernel::PlatformIO<qemu_virt_rv32::platform::QemuVirtPlatform> as kernel::shell::shell::ShellIO>::read_byte
80000a8e 80000a8e        0     1                 .L0 
80000a8e 80000a8e       2a     2         /home/heng/test/rust_riscv/target/riscv32imac-unknown-none-elf/debug/deps/qemu_virt_rv32-86bec8f0f6b4ba6a.2ooid4pva2fc4m5eu97cdough.09ap7je.rcgu.o:(.text._RNvXs_CsfngZjer5inL_6kernelINtB4_10PlatformIONtNtCs3aSoFE4Gk1A_14qemu_virt_rv328platform16QemuVirtPlatformENtNtNtB4_5shell5shell7ShellIO9write_strBL_)
80000a8e 80000a8e        0     1                 .L0 
80000a8e 80000a8e        0     1                 .L0 
80000a8e 80000a8e        0     1                 $x
80000a8e 80000a8e        0     1                 .L0 
80000a8e 80000a8e       2a     1                 <kernel::PlatformIO<qemu_virt_rv32::platform::QemuVirtPlatform> as kernel::shell::shell::ShellIO>::write_str
80000ab8 80000ab8        0     1                 .L0 
80000ab8 80000ab8       1c     2         /home/heng/test/rust_riscv/target/riscv32imac-unknown-none-elf/debug/deps/qemu_virt_rv32-86bec8f0f6b4ba6a.2ooid4pva2fc4m5eu97cdough.09ap7je.rcgu.o:(.text._RNvYINtCsfngZjer5inL_6kernel10PlatformIONtNtCs3aSoFE4Gk1A_14qemu_virt_rv328platform16QemuVirtPlatformENtNtNtB5_5shell5shell7ShellIO9write_fmtBG_)
80000ab8 80000ab8        0     1                 .L0 
80000ab8 80000ab8        0     1                 .L0 
80000ab8 80000ab8        0     1                 $x
80000ab8 80000ab8        0     1                 .L0 
80000ab8 80000ab8       1c     1                 <kernel::PlatformIO<qemu_virt_rv32::platform::QemuVirtPlatform> as kernel::shell::shell::ShellIO>::write_fmt
80000ad4 80000ad4        0     1                 .L0 
80000ad4 80000ad4      16a     2         /home/heng/test/rust_riscv/target/riscv32imac-unknown-none-elf/debug/deps/qemu_virt_rv32-86bec8f0f6b4ba6a.2qss62r6mzd9grcbumwhtuk2e.09ap7je.rcgu.o:(.text._RINvNtNtCsfFZ8ltoTKrO_4core3str11validations15next_code_pointINtNtNtB6_5slice4iter4IterhEECs3aSoFE4Gk1A_14qemu_virt_rv32)
80000ad4 80000ad4        0     1                 .L0 
80000ad4 80000ad4        0     1                 .L0 
80000ad4 80000ad4        0     1                 $x
80000ad4 80000ad4        0     1                 .L0 
80000ad4 80000ad4      16a     1                 core::str::validations::next_code_point::<core::slice::iter::Iter<u8>>
80000aea 80000aea        0     1                 .L0 
80000af4 80000af4        0     1                 .L0 
80000b0e 80000b0e        0     1                 .L0 
80000b64 80000b64        0     1                 .L0 
80000b7c 80000b7c        0     1                 .L0 
80000bc4 80000bc4        0     1                 .L0 
80000be4 80000be4        0     1                 .L0 
80000c1a 80000c1a        0     1                 .L0 
80000c1e 80000c1e        0     1                 .L0 
80000c2c 80000c2c        0     1                 .L0 
80000c3e 80000c3e       e6     2         /home/heng/test/rust_riscv/target/riscv32imac-unknown-none-elf/debug/deps/qemu_virt_rv32-86bec8f0f6b4ba6a.2wdou8ea7k8esdvk4u3p0x4sq.09ap7je.rcgu.o:(.text._RNvNtNtNtCsfFZ8ltoTKrO_4core7unicode12unicode_data11white_space6lookupCs3aSoFE4Gk1A_14qemu_virt_rv32)
80000c3e 80000c3e        0     1                 .L0 
80000c3e 80000c3e        0     1                 .L0 
80000c3e 80000c3e        0     1                 $x
80000c3e 80000c3e        0     1                 .L0 
80000c3e 80000c3e       e6     1                 core::unicode::unicode_data::white_space::lookup
80000d24 80000d24       c0     2         /home/heng/test/rust_riscv/target/riscv32imac-unknown-none-elf/debug/deps/qemu_virt_rv32-86bec8f0f6b4ba6a.34vrv2fannplxnwk8y928vewd.09ap7je.rcgu.o:(.text._RNvMNtCsfFZ8ltoTKrO_4core3stre16split_whitespaceCs3aSoFE4Gk1A_14qemu_virt_rv32)
80000d24 80000d24        0     1                 .L0 
80000d24 80000d24        0     1                 .L0 
80000d24 80000d24        0     1                 $x
80000d24 80000d24        0     1                 .L0 
80000d24 80000d24       c0     1                 <str>::split_whitespace
80000d2e 80000d2e        0     1                 .L0 
80000da0 80000da0        0     1                 .L0 
80000de4 80000de4        0     1                 .L0 
80000de4 80000de4        c     2         /home/heng/test/rust_riscv/target/riscv32imac-unknown-none-elf/debug/deps/qemu_virt_rv32-86bec8f0f6b4ba6a.34vrv2fannplxnwk8y928vewd.09ap7je.rcgu.o:(.text._RNvMNtCsfFZ8ltoTKrO_4core3stre5bytesCs3aSoFE4Gk1A_14qemu_virt_rv32)
80000de4 80000de4        0     1                 .L0 
80000de4 80000de4        0     1                 .L0 
80000de4 80000de4        0     1                 $x
80000de4 80000de4        0     1                 .L0 
80000de4 80000de4        c     1                 <str>::bytes
80000dea 80000dea        0     1                 .L0 
80000df0 80000df0        0     1                 .L0 
80000df0 80000df0       1a     2         /home/heng/test/rust_riscv/target/riscv32imac-unknown-none-elf/debug/deps/qemu_virt_rv32-86bec8f0f6b4ba6a.34vrv2fannplxnwk8y928vewd.09ap7je.rcgu.o:(.text._RNvXsg_NtCsfFZ8ltoTKrO_4core3strNtB5_12IsWhitespaceINtNtNtB7_3ops8function5FnMutTcEE8call_mutCs3aSoFE4Gk1A_14qemu_virt_rv32)
80000df0 80000df0        0     1                 .L0 
80000df0 80000df0        0     1                 .L0 
80000df0 80000df0        0     1                 $x
80000df0 80000df0        0     1                 .L0 
80000df0 80000df0       1a     1                 <core::str::IsWhitespace as core::ops::function::FnMut<(char,)>>::call_mut
80000dfc 80000dfc        0     1                 .L0 
80000e0a 80000e0a        0     1                 .L0 
80000e0a 80000e0a       12     2         /home/heng/test/rust_riscv/target/riscv32imac-unknown-none-elf/debug/deps/qemu_virt_rv32-86bec8f0f6b4ba6a.34vrv2fannplxnwk8y928vewd.09ap7je.rcgu.o:(.text._RNvXsm_NtCsfFZ8ltoTKrO_4core3strNtB5_10IsNotEmptyINtNtNtB7_3ops8function5FnMutTRReEE8call_mutCs3aSoFE4Gk1A_14qemu_virt_rv32)
80000e0a 80000e0a        0     1                 .L0 
80000e0a 80000e0a        0     1                 .L0 
80000e0a 80000e0a        0     1                 $x
80000e0a 80000e0a        0     1                 .L0 
80000e0a 80000e0a       12     1                 <core::str::IsNotEmpty as core::ops::function::FnMut<(&&str,)>>::call_mut
80000e12 80000e12        0     1                 .L0 
80000e14 80000e14        0     1                 .L0 
80000e1c 80000e1c        0     1                 .L0 
80000e1c 80000e1c       86     2         /home/heng/test/rust_riscv/target/riscv32imac-unknown-none-elf/debug/deps/qemu_virt_rv32-86bec8f0f6b4ba6a.3730pfdbrg4civpjmsilva2vb.09ap7je.rcgu.o:(.text._RNvNvNtNtCsfFZ8ltoTKrO_4core5slice3raw14from_raw_parts18precondition_checkCs3aSoFE4Gk1A_14qemu_virt_rv32)
80000e1c 80000e1c        0     1                 .L0 
80000e1c 80000e1c        0     1                 .L0 
80000e1c 80000e1c        0     1                 $x
80000e1c 80000e1c        0     1                 .L0 
80000e1c 80000e1c       86     1                 core::slice::raw::from_raw_parts::precondition_check
80000e38 80000e38        0     1                 .L0 
80000e3c 80000e3c        0     1                 .L0 
80000e3e 80000e3e        0     1                 .L0 
80000e4a 80000e4a        0     1                 .L0 
80000e56 80000e56        0     1                 .L0 
80000e5a 80000e5a        0     1                 .L0 
80000e72 80000e72        0     1                 .L0 
80000e7c 80000e7c        0     1                 .L0 
80000e92 80000e92        0     1                 .L0 
80000e94 80000e94        0     1                 .L0 
80000ea2 80000ea2        0     1                 .L0 
80000ea2 80000ea2       86     2         /home/heng/test/rust_riscv/target/riscv32imac-unknown-none-elf/debug/deps/qemu_virt_rv32-86bec8f0f6b4ba6a.3730pfdbrg4civpjmsilva2vb.09ap7je.rcgu.o:(.text._RNvNvNtNtCsfFZ8ltoTKrO_4core5slice3raw18from_raw_parts_mut18precondition_checkCs3aSoFE4Gk1A_14qemu_virt_rv32)
80000ea2 80000ea2        0     1                 .L0 
80000ea2 80000ea2        0     1                 .L0 
80000ea2 80000ea2        0     1                 $x
80000ea2 80000ea2        0     1                 .L0 
80000ea2 80000ea2       86     1                 core::slice::raw::from_raw_parts_mut::precondition_check
80000ebe 80000ebe        0     1                 .L0 
80000ec2 80000ec2        0     1                 .L0 
80000ec4 80000ec4        0     1                 .L0 
80000ed0 80000ed0        0     1                 .L0 
80000edc 80000edc        0     1                 .L0 
80000ee0 80000ee0        0     1                 .L0 
80000ef8 80000ef8        0     1                 .L0 
80000f02 80000f02        0     1                 .L0 
80000f18 80000f18        0     1                 .L0 
80000f1a 80000f1a        0     1                 .L0 
80000f28 80000f28        0     1                 .L0 
80000f28 80000f28       30     2         /home/heng/test/rust_riscv/target/riscv32imac-unknown-none-elf/debug/deps/qemu_virt_rv32-86bec8f0f6b4ba6a.3claf1setzl02div3n79ru4kn.09ap7je.rcgu.o:(.text._RINvNtCsfFZ8ltoTKrO_4core3ptr13read_volatilehECs3aSoFE4Gk1A_14qemu_virt_rv32)
80000f28 80000f28        0     1                 .L0 
80000f28 80000f28        0     1                 .L0 
80000f28 80000f28        0     1                 $x
80000f28 80000f28        0     1                 .L0 
80000f28 80000f28       30     1                 core::ptr::read_volatile::<u8>
80000f58 80000f58        0     1                 .L0 
80000f58 80000f58       2a     2         /home/heng/test/rust_riscv/target/riscv32imac-unknown-none-elf/debug/deps/qemu_virt_rv32-86bec8f0f6b4ba6a.3claf1setzl02div3n79ru4kn.09ap7je.rcgu.o:(.text._RINvNtCsfFZ8ltoTKrO_4core3ptr13read_volatilemECs3aSoFE4Gk1A_14qemu_virt_rv32)
80000f58 80000f58        0     1                 .L0 
80000f58 80000f58        0     1                 .L0 
80000f58 80000f58        0     1                 $x
80000f58 80000f58        0     1                 .L0 
80000f58 80000f58       2a     1                 core::ptr::read_volatile::<u32>
80000f82 80000f82        0     1                 .L0 
80000f82 80000f82       32     2         /home/heng/test/rust_riscv/target/riscv32imac-unknown-none-elf/debug/deps/qemu_virt_rv32-86bec8f0f6b4ba6a.3claf1setzl02div3n79ru4kn.09ap7je.rcgu.o:(.text._RINvNtCsfFZ8ltoTKrO_4core3ptr14write_volatilehECs3aSoFE4Gk1A_14qemu_virt_rv32)
80000f82 80000f82        0     1                 .L0 
80000f82 80000f82        0     1                 .L0 
80000f82 80000f82        0     1                 $x
80000f82 80000f82        0     1                 .L0 
80000f82 80000f82       32     1                 core::ptr::write_volatile::<u8>
80000fb4 80000fb4        0     1                 .L0 
80000fb4 80000fb4       2c     2         /home/heng/test/rust_riscv/target/riscv32imac-unknown-none-elf/debug/deps/qemu_virt_rv32-86bec8f0f6b4ba6a.3claf1setzl02div3n79ru4kn.09ap7je.rcgu.o:(.text._RINvNtCsfFZ8ltoTKrO_4core3ptr14write_volatilemECs3aSoFE4Gk1A_14qemu_virt_rv32)
80000fb4 80000fb4        0     1                 .L0 
80000fb4 80000fb4        0     1                 .L0 
80000fb4 80000fb4        0     1                 $x
80000fb4 80000fb4        0     1                 .L0 
80000fb4 80000fb4       2c     1                 core::ptr::write_volatile::<u32>
80000fe0 80000fe0        0     1                 .L0 
80000fe0 80000fe0       20     2         /home/heng/test/rust_riscv/target/riscv32imac-unknown-none-elf/debug/deps/qemu_virt_rv32-86bec8f0f6b4ba6a.3l72e9oz9rr4a9mm263pe39nn.09ap7je.rcgu.o:(.text._RINvMNtCsfFZ8ltoTKrO_4core5sliceSINtNtNtB5_3mem12maybe_uninit11MaybeUninitINtNtCsfcx9syjUgWJ_8heapless6string6StringKj40_EE17get_unchecked_mutjECs3aSoFE4Gk1A_14qemu_virt_rv32)
80000fe0 80000fe0        0     1                 .L0 
80000fe0 80000fe0        0     1                 .L0 
80000fe0 80000fe0        0     1                 $x
80000fe0 80000fe0        0     1                 .L0 
80000fe0 80000fe0       20     1                 <[core::mem::maybe_uninit::MaybeUninit<heapless::string::String<64>>]>::get_unchecked_mut::<usize>
80001000 80001000        0     1                 .L0 
80001000 80001000       20     2         /home/heng/test/rust_riscv/target/riscv32imac-unknown-none-elf/debug/deps/qemu_virt_rv32-86bec8f0f6b4ba6a.3l72e9oz9rr4a9mm263pe39nn.09ap7je.rcgu.o:(.text._RINvMNtCsfFZ8ltoTKrO_4core5sliceSINtNtNtB5_3mem12maybe_uninit11MaybeUninitReE17get_unchecked_mutjECs3aSoFE4Gk1A_14qemu_virt_rv32)
80001000 80001000        0     1                 .L0 
80001000 80001000        0     1                 .L0 
80001000 80001000        0     1                 $x
80001000 80001000        0     1                 .L0 
80001000 80001000       20     1                 <[core::mem::maybe_uninit::MaybeUninit<&str>]>::get_unchecked_mut::<usize>
80001020 80001020        0     1                 .L0 
80001020 80001020       20     2         /home/heng/test/rust_riscv/target/riscv32imac-unknown-none-elf/debug/deps/qemu_virt_rv32-86bec8f0f6b4ba6a.3l72e9oz9rr4a9mm263pe39nn.09ap7je.rcgu.o:(.text._RINvMNtCsfFZ8ltoTKrO_4core5sliceSINtNtNtB5_3mem12maybe_uninit11MaybeUninithE17get_unchecked_mutjECs3aSoFE4Gk1A_14qemu_virt_rv32)
80001020 80001020        0     1                 .L0 
80001020 80001020        0     1                 .L0 
80001020 80001020        0     1                 $x
80001020 80001020        0     1                 .L0 
80001020 80001020       20     1                 <[core::mem::maybe_uninit::MaybeUninit<u8>]>::get_unchecked_mut::<usize>
80001040 80001040        0     1                 .L0 
80001040 80001040       16     2         /home/heng/test/rust_riscv/target/riscv32imac-unknown-none-elf/debug/deps/qemu_virt_rv32-86bec8f0f6b4ba6a.3sjy3mg628lq3f5qhxppl7v9x.09ap7je.rcgu.o:(.text._RNvMNtCsfFZ8ltoTKrO_4core5sliceSINtNtCsfcx9syjUgWJ_8heapless6string6StringKj40_E4iterCs3aSoFE4Gk1A_14qemu_virt_rv32)
80001040 80001040        0     1                 .L0 
80001040 80001040        0     1                 .L0 
80001040 80001040        0     1                 $x
80001040 80001040        0     1                 .L0 
80001040 80001040       16     1                 <[heapless::string::String<64>]>::iter
80001056 80001056        0     1                 .L0 
80001056 80001056       28     2         /home/heng/test/rust_riscv/target/riscv32imac-unknown-none-elf/debug/deps/qemu_virt_rv32-86bec8f0f6b4ba6a.3sjy3mg628lq3f5qhxppl7v9x.09ap7je.rcgu.o:(.text._RNvMNtCsfcx9syjUgWJ_8heapless6stringINtB2_6StringKj20_E3newCs3aSoFE4Gk1A_14qemu_virt_rv32)
80001056 80001056       28     1                 <heapless::string::String<32>>::new
80001056 80001056        0     1                 .L0 
80001056 80001056        0     1                 .L0 
80001056 80001056        0     1                 $x
80001056 80001056        0     1                 .L0 
8000107e 8000107e        0     1                 .L0 
8000107e 8000107e       1c     2         /home/heng/test/rust_riscv/target/riscv32imac-unknown-none-elf/debug/deps/qemu_virt_rv32-86bec8f0f6b4ba6a.3sjy3mg628lq3f5qhxppl7v9x.09ap7je.rcgu.o:(.text._RNvMNtCsfcx9syjUgWJ_8heapless6stringINtB2_6StringKj20_E6as_strCs3aSoFE4Gk1A_14qemu_virt_rv32)
8000107e 8000107e        0     1                 .L0 
8000107e 8000107e        0     1                 .L0 
8000107e 8000107e        0     1                 $x
8000107e 8000107e        0     1                 .L0 
8000107e 8000107e       1c     1                 <heapless::string::String<32>>::as_str
8000109a 8000109a        0     1                 .L0 
8000109a 8000109a       1c     2         /home/heng/test/rust_riscv/target/riscv32imac-unknown-none-elf/debug/deps/qemu_virt_rv32-86bec8f0f6b4ba6a.3sjy3mg628lq3f5qhxppl7v9x.09ap7je.rcgu.o:(.text._RNvMNtCsfcx9syjUgWJ_8heapless6stringINtB2_6StringKj20_E8push_strCs3aSoFE4Gk1A_14qemu_virt_rv32)
8000109a 8000109a       1c     1                 <heapless::string::String<32>>::push_str
8000109a 8000109a        0     1                 .L0 
8000109a 8000109a        0     1                 .L0 
8000109a 8000109a        0     1                 $x
8000109a 8000109a        0     1                 .L0 
800010b6 800010b6        0     1                 .L0 
800010b6 800010b6       28     2         /home/heng/test/rust_riscv/target/riscv32imac-unknown-none-elf/debug/deps/qemu_virt_rv32-86bec8f0f6b4ba6a.3sjy3mg628lq3f5qhxppl7v9x.09ap7je.rcgu.o:(.text._RNvMNtCsfcx9syjUgWJ_8heapless6stringINtB2_6StringKj40_E3newCs3aSoFE4Gk1A_14qemu_virt_rv32)
800010b6 800010b6       28     1                 <heapless::string::String<64>>::new
800010b6 800010b6        0     1                 .L0 
800010b6 800010b6        0     1                 .L0 
800010b6 800010b6        0     1                 $x
800010b6 800010b6        0     1                 .L0 
800010de 800010de        0     1                 .L0 
800010de 800010de       1c     2         /home/heng/test/rust_riscv/target/riscv32imac-unknown-none-elf/debug/deps/qemu_virt_rv32-86bec8f0f6b4ba6a.3sjy3mg628lq3f5qhxppl7v9x.09ap7je.rcgu.o:(.text._RNvMNtCsfcx9syjUgWJ_8heapless6stringINtB2_6StringKj40_E6as_strCs3aSoFE4Gk1A_14qemu_virt_rv32)
800010de 800010de        0     1                 .L0 
800010de 800010de        0     1                 .L0 
800010de 800010de        0     1                 $x
800010de 800010de        0     1                 .L0 
800010de 800010de       1c     1                 <heapless::string::String<64>>::as_str
800010fa 800010fa        0     1                 .L0 
800010fa 800010fa       1c     2         /home/heng/test/rust_riscv/target/riscv32imac-unknown-none-elf/debug/deps/qemu_virt_rv32-86bec8f0f6b4ba6a.3sjy3mg628lq3f5qhxppl7v9x.09ap7je.rcgu.o:(.text._RNvMNtCsfcx9syjUgWJ_8heapless6stringINtB2_6StringKj40_E8push_strCs3aSoFE4Gk1A_14qemu_virt_rv32)
800010fa 800010fa       1c     1                 <heapless::string::String<64>>::push_str
800010fa 800010fa        0     1                 .L0 
800010fa 800010fa        0     1                 .L0 
800010fa 800010fa        0     1                 $x
800010fa 800010fa        0     1                 .L0 
80001116 80001116        0     1                 .L0 
80001116 80001116       84     2         /home/heng/test/rust_riscv/target/riscv32imac-unknown-none-elf/debug/deps/qemu_virt_rv32-86bec8f0f6b4ba6a.3sjy3mg628lq3f5qhxppl7v9x.09ap7je.rcgu.o:(.text._RNvXs0_NtCsfcx9syjUgWJ_8heapless6stringINtB5_6StringKj20_EINtNtCsfFZ8ltoTKrO_4core7convert7TryFromReE8try_fromCs3aSoFE4Gk1A_14qemu_virt_rv32)
80001116 80001116        0     1                 .L0 
80001116 80001116        0     1                 .L0 
80001116 80001116        0     1                 $x
80001116 80001116        0     1                 .L0 
80001116 80001116       84     1                 <heapless::string::String<32> as core::convert::TryFrom<&str>>::try_from
80001136 80001136        0     1                 .L0 
8000114c 8000114c        0     1                 .L0 
8000115e 8000115e        0     1                 .L0 
80001174 80001174        0     1                 .L0 
80001192 80001192        0     1                 .L0 
8000119a 8000119a        0     1                 .L0 
8000119a 8000119a       84     2         /home/heng/test/rust_riscv/target/riscv32imac-unknown-none-elf/debug/deps/qemu_virt_rv32-86bec8f0f6b4ba6a.3sjy3mg628lq3f5qhxppl7v9x.09ap7je.rcgu.o:(.text._RNvXs0_NtCsfcx9syjUgWJ_8heapless6stringINtB5_6StringKj40_EINtNtCsfFZ8ltoTKrO_4core7convert7TryFromReE8try_fromCs3aSoFE4Gk1A_14qemu_virt_rv32)
8000119a 8000119a        0     1                 .L0 
8000119a 8000119a        0     1                 .L0 
8000119a 8000119a        0     1                 $x
8000119a 8000119a        0     1                 .L0 
8000119a 8000119a       84     1                 <heapless::string::String<64> as core::convert::TryFrom<&str>>::try_from
800011ba 800011ba        0     1                 .L0 
800011d0 800011d0        0     1                 .L0 
800011e2 800011e2        0     1                 .L0 
800011f8 800011f8        0     1                 .L0 
80001216 80001216        0     1                 .L0 
8000121e 8000121e        0     1                 .L0 
8000121e 8000121e       2a     2         /home/heng/test/rust_riscv/target/riscv32imac-unknown-none-elf/debug/deps/qemu_virt_rv32-86bec8f0f6b4ba6a.3sjy3mg628lq3f5qhxppl7v9x.09ap7je.rcgu.o:(.text._RNvXs5_NtCsfcx9syjUgWJ_8heapless6stringINtB5_6StringKj40_ENtNtCsfFZ8ltoTKrO_4core5clone5Clone5cloneCs3aSoFE4Gk1A_14qemu_virt_rv32)
8000121e 8000121e        0     1                 .L0 
8000121e 8000121e        0     1                 .L0 
8000121e 8000121e        0     1                 $x
8000121e 8000121e        0     1                 .L0 
8000121e 8000121e       2a     1                 <heapless::string::String<64> as core::clone::Clone>::clone
80001248 80001248        0     1                 .L0 
80001248 80001248       3c     2         /home/heng/test/rust_riscv/target/riscv32imac-unknown-none-elf/debug/deps/qemu_virt_rv32-86bec8f0f6b4ba6a.47m4o1g6cx4huhv42pwnlr9js.09ap7je.rcgu.o:(.text._RNvNvNtCsfFZ8ltoTKrO_4core3ptr13read_volatile18precondition_checkCs3aSoFE4Gk1A_14qemu_virt_rv32)
80001248 80001248        0     1                 .L0 
80001248 80001248        0     1                 .L0 
80001248 80001248        0     1                 $x
80001248 80001248        0     1                 .L0 
80001248 80001248       3c     1                 core::ptr::read_volatile::precondition_check
80001252 80001252        0     1                 .L0 
80001276 80001276        0     1                 .L0 
80001284 80001284        0     1                 .L0 
80001284 80001284       3e     2         /home/heng/test/rust_riscv/target/riscv32imac-unknown-none-elf/debug/deps/qemu_virt_rv32-86bec8f0f6b4ba6a.47m4o1g6cx4huhv42pwnlr9js.09ap7je.rcgu.o:(.text._RNvNvNtCsfFZ8ltoTKrO_4core3ptr14write_volatile18precondition_checkCs3aSoFE4Gk1A_14qemu_virt_rv32)
80001284 80001284        0     1                 .L0 
80001284 80001284        0     1                 .L0 
80001284 80001284        0     1                 $x
80001284 80001284        0     1                 .L0 
80001284 80001284       3e     1                 core::ptr::write_volatile::precondition_check
80001290 80001290        0     1                 .L0 
800012b4 800012b4        0     1                 .L0 
800012c2 800012c2        0     1                 .L0 
800012c2 800012c2        8     2         /home/heng/test/rust_riscv/target/riscv32imac-unknown-none-elf/debug/deps/qemu_virt_rv32-86bec8f0f6b4ba6a.4mun85tw37m8wkfb6apg315kf.09ap7je.rcgu.o:(.text._RNvXNtNtCsfFZ8ltoTKrO_4core3ops12control_flowINtB2_11ControlFlowReENtNtB4_9try_trait3Try11from_outputCs3aSoFE4Gk1A_14qemu_virt_rv32)
800012c2 800012c2        0     1                 .L0 
800012c2 800012c2        0     1                 .L0 
800012c2 800012c2        0     1                 $x
800012c2 800012c2        0     1                 .L0 
800012c2 800012c2        8     1                 <core::ops::control_flow::ControlFlow<&str> as core::ops::try_trait::Try>::from_output
800012ca 800012ca        0     1                 .L0 
800012ca 800012ca       28     2         /home/heng/test/rust_riscv/target/riscv32imac-unknown-none-elf/debug/deps/qemu_virt_rv32-86bec8f0f6b4ba6a.4mun85tw37m8wkfb6apg315kf.09ap7je.rcgu.o:(.text._RNvXNtNtCsfFZ8ltoTKrO_4core3ops12control_flowINtB2_11ControlFlowReENtNtB4_9try_trait3Try6branchCs3aSoFE4Gk1A_14qemu_virt_rv32)
800012ca 800012ca        0     1                 .L0 
800012ca 800012ca        0     1                 .L0 
800012ca 800012ca        0     1                 $x
800012ca 800012ca        0     1                 .L0 
800012ca 800012ca       28     1                 <core::ops::control_flow::ControlFlow<&str> as core::ops::try_trait::Try>::branch
800012de 800012de        0     1                 .L0 
800012e6 800012e6        0     1                 .L0 
800012f2 800012f2        0     1                 .L0 
800012f2 800012f2        a     2         /home/heng/test/rust_riscv/target/riscv32imac-unknown-none-elf/debug/deps/qemu_virt_rv32-86bec8f0f6b4ba6a.4mun85tw37m8wkfb6apg315kf.09ap7je.rcgu.o:(.text._RNvXs_NtNtCsfFZ8ltoTKrO_4core3ops12control_flowINtB4_11ControlFlowReEINtNtB6_9try_trait12FromResidualIBK_B12_NtNtB8_7convert10InfallibleEE13from_residualCs3aSoFE4Gk1A_14qemu_virt_rv32)
800012f2 800012f2        0     1                 .L0 
800012f2 800012f2        0     1                 .L0 
800012f2 800012f2        0     1                 $x
800012f2 800012f2        0     1                 .L0 
800012f2 800012f2        a     1                 <core::ops::control_flow::ControlFlow<&str> as core::ops::try_trait::FromResidual<core::ops::control_flow::ControlFlow<&str, core::convert::Infallible>>>::from_residual
800012fc 800012fc        0     1                 .L0 
800012fc 800012fc       90     2         /home/heng/test/rust_riscv/target/riscv32imac-unknown-none-elf/debug/deps/qemu_virt_rv32-86bec8f0f6b4ba6a.64g1kaowttnukqdpdxujizbhp.09ap7je.rcgu.o:(.text._RNvMs4_NtCsfFZ8ltoTKrO_4core3fmtNtB5_9Arguments23as_statically_known_strCs3aSoFE4Gk1A_14qemu_virt_rv32)
800012fc 800012fc        0     1                 .L0 
800012fc 800012fc        0     1                 .L0 
800012fc 800012fc        0     1                 $x
800012fc 800012fc        0     1                 .L0 
800012fc 800012fc       90     1                 <core::fmt::Arguments>::as_statically_known_str
80001304 80001304        0     1                 .L0 
8000130a 8000130a        0     1                 .L0 
80001354 80001354        0     1                 .L0 
80001360 80001360        0     1                 .L0 
8000138c 8000138c       42     2         /home/heng/test/rust_riscv/target/riscv32imac-unknown-none-elf/debug/deps/qemu_virt_rv32-86bec8f0f6b4ba6a.6bglgmqk2cix90xhddol5ti39.09ap7je.rcgu.o:(.text._RNvMNtNtCs3aSoFE4Gk1A_14qemu_virt_rv328hal_impl4plicNtB2_4Plic8read_u32B6_)
8000138c 8000138c       42     1                 <qemu_virt_rv32::hal_impl::plic::Plic>::read_u32
8000138c 8000138c        0     1                 .L0 
8000138c 8000138c        0     1                 .L0 
8000138c 8000138c        0     1                 $x
8000138c 8000138c        0     1                 .L0 
800013ce 800013ce        0     1                 .L0 
800013ce 800013ce       48     2         /home/heng/test/rust_riscv/target/riscv32imac-unknown-none-elf/debug/deps/qemu_virt_rv32-86bec8f0f6b4ba6a.6bglgmqk2cix90xhddol5ti39.09ap7je.rcgu.o:(.text._RNvMNtNtCs3aSoFE4Gk1A_14qemu_virt_rv328hal_impl4plicNtB2_4Plic9write_u32B6_)
800013ce 800013ce       48     1                 <qemu_virt_rv32::hal_impl::plic::Plic>::write_u32
800013ce 800013ce        0     1                 .L0 
800013ce 800013ce        0     1                 .L0 
800013ce 800013ce        0     1                 $x
800013ce 800013ce        0     1                 .L0 
80001416 80001416        0     1                 .L0 
80001416 80001416       98     2         /home/heng/test/rust_riscv/target/riscv32imac-unknown-none-elf/debug/deps/qemu_virt_rv32-86bec8f0f6b4ba6a.6bglgmqk2cix90xhddol5ti39.09ap7je.rcgu.o:(.text._RNvXs_NtNtCs3aSoFE4Gk1A_14qemu_virt_rv328hal_impl4plicNtB4_4PlicNtNtCsgYgmMbkCOzx_3hal9interrupt19InterruptController5claim)
80001416 80001416        0     1                 .L0 
80001416 80001416        0     1                 .L0 
80001416 80001416        0     1                 $x
80001416 80001416        0     1                 .L0 
80001416 80001416       98     1                 <qemu_virt_rv32::hal_impl::plic::Plic as hal::interrupt::InterruptController>::claim
80001472 80001472        0     1                 .L0 
80001480 80001480        0     1                 .L0 
80001484 80001484        0     1                 .L0 
80001496 80001496        0     1                 .L0 
800014a4 800014a4        0     1                 .L0 
800014ae 800014ae        0     1                 .L0 
800014ae 800014ae       80     2         /home/heng/test/rust_riscv/target/riscv32imac-unknown-none-elf/debug/deps/qemu_virt_rv32-86bec8f0f6b4ba6a.6bglgmqk2cix90xhddol5ti39.09ap7je.rcgu.o:(.text._RNvXs_NtNtCs3aSoFE4Gk1A_14qemu_virt_rv328hal_impl4plicNtB4_4PlicNtNtCsgYgmMbkCOzx_3hal9interrupt19InterruptController8complete)
800014ae 800014ae        0     1                 .L0 
800014ae 800014ae        0     1                 .L0 
800014ae 800014ae        0     1                 $x
800014ae 800014ae        0     1                 .L0 
800014ae 800014ae       80     1                 <qemu_virt_rv32::hal_impl::plic::Plic as hal::interrupt::InterruptController>::complete
80001510 80001510        0     1                 .L0 
8000152e 8000152e        0     1                 .L0 
8000152e 8000152e       f4     2         /home/heng/test/rust_riscv/target/riscv32imac-unknown-none-elf/debug/deps/qemu_virt_rv32-86bec8f0f6b4ba6a.6bn0uby9tue3y4j5r328h5dcn.09ap7je.rcgu.o:(.text._RNvXs3_NtNtCsfFZ8ltoTKrO_4core3str4iterNtB5_11CharIndicesNtNtNtNtB9_4iter6traits8iterator8Iterator4nextCs3aSoFE4Gk1A_14qemu_virt_rv32)
8000152e 8000152e        0     1                 .L0 
8000152e 8000152e        0     1                 .L0 
8000152e 8000152e        0     1                 $x
8000152e 8000152e        0     1                 .L0 
8000152e 8000152e       f4     1                 <core::str::iter::CharIndices as core::iter::traits::iterator::Iterator>::next
8000153e 8000153e        0     1                 .L0 
80001540 80001540        0     1                 .L0 
80001546 80001546        0     1                 .L0 
8000154c 8000154c        0     1                 .L0 
80001550 80001550        0     1                 .L0 
80001552 80001552        0     1                 .L0 
80001568 80001568        0     1                 .L0 
8000156c 8000156c        0     1                 .L0 
80001572 80001572        0     1                 .L0 
80001584 80001584        0     1                 .L0 
80001592 80001592        0     1                 .L0 
80001594 80001594        0     1                 .L0 
800015a6 800015a6        0     1                 .L0 
800015b2 800015b2        0     1                 .L0 
800015c4 800015c4        0     1                 .L0 
800015ca 800015ca        0     1                 .L0 
800015d0 800015d0        0     1                 .L0 
800015da 800015da        0     1                 .L0 
800015dc 800015dc        0     1                 .L0 
800015e2 800015e2        0     1                 .L0 
800015e8 800015e8        0     1                 .L0 
800015ec 800015ec        0     1                 .L0 
800015ee 800015ee        0     1                 .L0 
8000160a 8000160a        0     1                 .L0 
8000160e 8000160e        0     1                 .L0 
80001612 80001612        0     1                 .L0 
80001622 80001622        0     1                 .L0 
80001622 80001622        0     1                 .L0 
80001622 80001622       54     2         /home/heng/test/rust_riscv/target/riscv32imac-unknown-none-elf/debug/deps/qemu_virt_rv32-86bec8f0f6b4ba6a.6bn0uby9tue3y4j5r328h5dcn.09ap7je.rcgu.o:(.text._RNvXs7_NtNtCsfFZ8ltoTKrO_4core3str4iterNtB5_5BytesNtNtNtNtB9_4iter6traits8iterator8Iterator4nextCs3aSoFE4Gk1A_14qemu_virt_rv32)
80001622 80001622        0     1                 .L0 
80001622 80001622        0     1                 .L0 
80001622 80001622        0     1                 $x
80001622 80001622        0     1                 .L0 
80001622 80001622       54     1                 <core::str::iter::Bytes as core::iter::traits::iterator::Iterator>::next
80001628 80001628        0     1                 .L0 
80001632 80001632        0     1                 .L0 
80001642 80001642        0     1                 .L0 
80001676 80001676        0     1                 .L0 
80001676 80001676       18     2         /home/heng/test/rust_riscv/target/riscv32imac-unknown-none-elf/debug/deps/qemu_virt_rv32-86bec8f0f6b4ba6a.6bn0uby9tue3y4j5r328h5dcn.09ap7je.rcgu.o:(.text._RNvXsz_NtNtCsfFZ8ltoTKrO_4core3str4iterNtB5_15SplitWhitespaceNtNtNtNtB9_4iter6traits8iterator8Iterator4nextCs3aSoFE4Gk1A_14qemu_virt_rv32)
80001676 80001676        0     1                 .L0 
80001676 80001676        0     1                 .L0 
80001676 80001676        0     1                 $x
80001676 80001676        0     1                 .L0 
80001676 80001676       18     1                 <core::str::iter::SplitWhitespace as core::iter::traits::iterator::Iterator>::next
8000167c 8000167c        0     1                 .L0 
8000168e 8000168e        0     1                 .L0 
8000168e 8000168e       5e     2         /home/heng/test/rust_riscv/target/riscv32imac-unknown-none-elf/debug/deps/qemu_virt_rv32-86bec8f0f6b4ba6a.6jt5mpz17w5w70smf2usxr6to.09ap7je.rcgu.o:(.text._RNvMNtNtCsfFZ8ltoTKrO_4core4char7methodsc13is_whitespaceCs3aSoFE4Gk1A_14qemu_virt_rv32)
8000168e 8000168e        0     1                 .L0 
8000168e 8000168e        0     1                 .L0 
8000168e 8000168e        0     1                 $x
8000168e 8000168e        0     1                 .L0 
8000168e 8000168e       5e     1                 <char>::is_whitespace
800016b8 800016b8        0     1                 .L0 
800016be 800016be        0     1                 .L0 
800016ca 800016ca        0     1                 .L0 
800016e0 800016e0        0     1                 .L0 
800016ec 800016ec        0     1                 .L0 
800016ec 800016ec       9a     2         /home/heng/test/rust_riscv/target/riscv32imac-unknown-none-elf/debug/deps/qemu_virt_rv32-86bec8f0f6b4ba6a.6jt5mpz17w5w70smf2usxr6to.09ap7je.rcgu.o:(.text._RNvNtNtCsfFZ8ltoTKrO_4core4char7methods15encode_utf8_rawCs3aSoFE4Gk1A_14qemu_virt_rv32)
800016ec 800016ec        0     1                 .L0 
800016ec 800016ec        0     1                 .L0 
800016ec 800016ec        0     1                 $x
800016ec 800016ec        0     1                 .L0 
800016ec 800016ec       9a     1                 core::char::methods::encode_utf8_raw
80001700 80001700        0     1                 .L0 
80001730 80001730        0     1                 .L0 
80001748 80001748        0     1                 .L0 
8000174a 8000174a        0     1                 .L0 
8000174c 8000174c        0     1                 .L0 
80001750 80001750        0     1                 .L0 
80001764 80001764        0     1                 .L0 
8000177e 8000177e        0     1                 .L0 
80001780 80001780        0     1                 .L0 
80001786 80001786        0     1                 .L0 
80001786 80001786       f6     2         /home/heng/test/rust_riscv/target/riscv32imac-unknown-none-elf/debug/deps/qemu_virt_rv32-86bec8f0f6b4ba6a.6jt5mpz17w5w70smf2usxr6to.09ap7je.rcgu.o:(.text._RNvNtNtCsfFZ8ltoTKrO_4core4char7methods25encode_utf8_raw_uncheckedCs3aSoFE4Gk1A_14qemu_virt_rv32)
80001786 80001786       f6     1                 core::char::methods::encode_utf8_raw_unchecked
80001786 80001786        0     1                 .L0 
80001786 80001786        0     1                 .L0 
80001786 80001786        0     1                 $x
80001786 80001786        0     1                 .L0 
80001792 80001792        0     1                 .L0 
80001794 80001794        0     1                 .L0 
80001796 80001796        0     1                 .L0 
8000179a 8000179a        0     1                 .L0 
8000179c 8000179c        0     1                 .L0 
800017a0 800017a0        0     1                 .L0 
800017a6 800017a6        0     1                 .L0 
800017bc 800017bc        0     1                 .L0 
800017c2 800017c2        0     1                 .L0 
800017c4 800017c4        0     1                 .L0 
800017dc 800017dc        0     1                 .L0 
800017de 800017de        0     1                 .L0 
800017ec 800017ec        0     1                 .L0 
800017fc 800017fc        0     1                 .L0 
8000180c 8000180c        0     1                 .L0 
80001818 80001818        0     1                 .L0 
80001840 80001840        0     1                 .L0 
8000184a 8000184a        0     1                 .L0 
80001876 80001876        0     1                 .L0 
8000187c 8000187c        0     1                 .L0 
8000187c 8000187c       82     2         /home/heng/test/rust_riscv/target/riscv32imac-unknown-none-elf/debug/deps/qemu_virt_rv32-86bec8f0f6b4ba6a.6jt5mpz17w5w70smf2usxr6to.09ap7je.rcgu.o:(.text._RNvNvNvNtNtCsfFZ8ltoTKrO_4core4char7methods15encode_utf8_raw8do_panic7runtimeCs3aSoFE4Gk1A_14qemu_virt_rv32)
8000187c 8000187c       82     1                 core::char::methods::encode_utf8_raw::do_panic::runtime
8000187c 8000187c        0     1                 .L0 
8000187c 8000187c        0     1                 .L0 
8000187c 8000187c        0     1                 $x
8000187c 8000187c        0     1                 .L0 
80001890 80001890        0     1                 .L0 
8000189c 8000189c        0     1                 .L0 
800018a6 800018a6        0     1                 .L0 
800018ba 800018ba        0     1                 .L0 
800018ce 800018ce        0     1                 .L0 
800018f4 800018f4        0     1                 .L0 
800018f6 800018f6        0     1                 .L0 
800018fe 800018fe        0     1                 .L0 
800018fe 800018fe      1cc     2         /home/heng/test/rust_riscv/target/riscv32imac-unknown-none-elf/debug/deps/qemu_virt_rv32-86bec8f0f6b4ba6a.6mosnvuaxdk7yoyjbrh5p1q5i.09ap7je.rcgu.o:(.text._RINvMNtCsfFZ8ltoTKrO_4core5sliceSNtNtNtCsfngZjer5inL_6kernel5shell5shell7Command16binary_search_byNCNvMBx_INtBx_5ShellINtBB_10PlatformIONtNtCs3aSoFE4Gk1A_14qemu_virt_rv328platform16QemuVirtPlatformEE12find_command0EB2e_)
800018fe 800018fe      1cc     1                 <[kernel::shell::shell::Command]>::binary_search_by::<<kernel::shell::shell::Shell<kernel::PlatformIO<qemu_virt_rv32::platform::QemuVirtPlatform>>>::find_command::{closure#0}>
800018fe 800018fe        0     1                 .L0 
800018fe 800018fe        0     1                 .L0 
800018fe 800018fe        0     1                 $x
800018fe 800018fe        0     1                 .L0 
[...]
    77ac     77ac        0     1                 .Lline_table_start0
    77ac     77ac        0     1                 $d
    7852     7852      213     1         /home/heng/test/rust_riscv/target/riscv32imac-unknown-none-elf/debug/deps/libkernel-3261c66bb8c0e867.rlib(kernel-3261c66bb8c0e867.3ybrkd2wozarlsjcry4129q7p.1czz4is.rcgu.o):(.debug_line)
    7852     7852        0     1                 .Lline_table_start0
    7852     7852        0     1                 $d
    7a65     7a65       a9     1         /home/heng/test/rust_riscv/target/riscv32imac-unknown-none-elf/debug/deps/libkernel-3261c66bb8c0e867.rlib(kernel-3261c66bb8c0e867.b46qbaq4bo0g9qz9u9yxusj7f.1czz4is.rcgu.o):(.debug_line)
    7a65     7a65        0     1                 .Lline_table_start0
    7a65     7a65        0     1                 $d
    7b0e     7b0e      7ac     1         /home/heng/test/rust_riscv/target/riscv32imac-unknown-none-elf/debug/deps/libkernel-3261c66bb8c0e867.rlib(kernel-3261c66bb8c0e867.bcdyzwd9t2jecgeahbeezsjhm.1czz4is.rcgu.o):(.debug_line)
    7b0e     7b0e        0     1                 .Lline_table_start0
    7b0e     7b0e        0     1                 $d
    82ba     82ba      5ea     1         /home/heng/test/rust_riscv/target/riscv32imac-unknown-none-elf/debug/deps/libkernel-3261c66bb8c0e867.rlib(kernel-3261c66bb8c0e867.0w17l22xlblid1upatw9ns1ox.1czz4is.rcgu.o):(.debug_line)
    82ba     82ba        0     1                 .Lline_table_start0
    82ba     82ba        0     1                 $d
    88a4     88a4       dc     1         /home/heng/test/rust_riscv/target/riscv32imac-unknown-none-elf/debug/deps/libkernel-3261c66bb8c0e867.rlib(kernel-3261c66bb8c0e867.3m54irgfhqalr1wuchwk3sj57.1czz4is.rcgu.o):(.debug_line)
    88a4     88a4        0     1                 .Lline_table_start0
    88a4     88a4        0     1                 $d
    8980     8980      139     1         /home/heng/test/rust_riscv/target/riscv32imac-unknown-none-elf/debug/deps/libkernel-3261c66bb8c0e867.rlib(kernel-3261c66bb8c0e867.7hed7lbjrozpmsmul7ovfshl5.1czz4is.rcgu.o):(.debug_line)
    8980     8980        0     1                 .Lline_table_start0
    8980     8980        0     1                 $d
    8ab9     8ab9      13e     1         /home/heng/test/rust_riscv/target/riscv32imac-unknown-none-elf/debug/deps/libkernel-3261c66bb8c0e867.rlib(kernel-3261c66bb8c0e867.0zyirq541amyn13086q1mp99y.1czz4is.rcgu.o):(.debug_line)
    8ab9     8ab9        0     1                 .Lline_table_start0
    8ab9     8ab9        0     1                 $d
    8bf7     8bf7      225     1         /home/heng/test/rust_riscv/target/riscv32imac-unknown-none-elf/debug/deps/libkernel-3261c66bb8c0e867.rlib(kernel-3261c66bb8c0e867.b3ot7fi7c8nzc6if0lyc4g8zg.1czz4is.rcgu.o):(.debug_line)
    8bf7     8bf7        0     1                 .Lline_table_start0
    8bf7     8bf7        0     1                 $d
    8e1c     8e1c       dc     1         /home/heng/test/rust_riscv/target/riscv32imac-unknown-none-elf/debug/deps/libkernel-3261c66bb8c0e867.rlib(kernel-3261c66bb8c0e867.6joqwobyba6r4vp3929l850qa.1czz4is.rcgu.o):(.debug_line)
    8e1c     8e1c        0     1                 .Lline_table_start0
    8e1c     8e1c        0     1                 $d
    8ef8     8ef8       ae     1         /home/heng/test/rust_riscv/target/riscv32imac-unknown-none-elf/debug/deps/libkernel-3261c66bb8c0e867.rlib(kernel-3261c66bb8c0e867.e1lsh4m4e3749kt8ggwoyf3ph.1czz4is.rcgu.o):(.debug_line)
    8ef8     8ef8        0     1                 .Lline_table_start0
    8ef8     8ef8        0     1                 $d
    8fa6     8fa6       c3     1         /home/heng/test/rust_riscv/target/riscv32imac-unknown-none-elf/debug/deps/libkernel-3261c66bb8c0e867.rlib(kernel-3261c66bb8c0e867.eqkhqfddkeyrg0arowiz7mfvr.1czz4is.rcgu.o):(.debug_line)
    8fa6     8fa6        0     1                 .Lline_table_start0
    8fa6     8fa6        0     1                 $d
    9069     9069      163     1         /home/heng/test/rust_riscv/target/riscv32imac-unknown-none-elf/debug/deps/libspin-0eb316b6eedad024.rlib(spin-0eb316b6eedad024.spin.91d5ba071a217ab6-cgu.0.rcgu.o):(.debug_line)
    9069     9069        0     1                 .Lline_table_start0
    9069     9069        0     1                 $d
    91cc     91cc      cbd     1         /home/heng/test/rust_riscv/target/riscv32imac-unknown-none-elf/debug/deps/libhash32-79133c47b6f64199.rlib(hash32-79133c47b6f64199.hash32.1788afbe3cd672df-cgu.0.rcgu.o):(.debug_line)
    91cc     91cc        0     1                 .Lline_table_start0
    91cc     91cc        0     1                 $d
    9e89     9e89    196e5     1         /home/heng/.rustup/toolchains/nightly-x86_64-unknown-linux-gnu/lib/rustlib/riscv32imac-unknown-none-elf/lib/libcore-8e80d016f637306b.rlib(core-8e80d016f637306b.core.b69a1b34f17e36de-cgu.0.rcgu.o):(.debug_line)
    9e89     9e89        0     1                 .Lline_table_start0
    9e89     9e89        0     1                 $d
   2356e    2356e       de     1         /home/heng/.rustup/toolchains/nightly-x86_64-unknown-linux-gnu/lib/rustlib/riscv32imac-unknown-none-elf/lib/libcompiler_builtins-215bdd75743449c7.rlib(compiler_builtins-215bdd75743449c7.compiler_builtins.7380d888c56cdfdd-cgu.107.rcgu.o):(.debug_line)
   2356e    2356e        0     1                 .Lline_table_start0
   2356e    2356e        0     1                 $d
   2364c    2364c      45c     1         /home/heng/.rustup/toolchains/nightly-x86_64-unknown-linux-gnu/lib/rustlib/riscv32imac-unknown-none-elf/lib/libcompiler_builtins-215bdd75743449c7.rlib(compiler_builtins-215bdd75743449c7.compiler_builtins.7380d888c56cdfdd-cgu.166.rcgu.o):(.debug_line)
   2364c    2364c        0     1                 .Lline_table_start0
   2364c    2364c        0     1                 $d
   23976    23976        0     1                 .Lline_table_start1
   23aa8    23aa8       6e     1         /home/heng/.rustup/toolchains/nightly-x86_64-unknown-linux-gnu/lib/rustlib/riscv32imac-unknown-none-elf/lib/libcompiler_builtins-215bdd75743449c7.rlib(compiler_builtins-215bdd75743449c7.compiler_builtins.7380d888c56cdfdd-cgu.167.rcgu.o):(.debug_line)
   23aa8    23aa8        0     1                 .Lline_table_start0
   23aa8    23aa8        0     1                 $d
   23b16    23b16     10af     1         /home/heng/.rustup/toolchains/nightly-x86_64-unknown-linux-gnu/lib/rustlib/riscv32imac-unknown-none-elf/lib/libcompiler_builtins-215bdd75743449c7.rlib(compiler_builtins-215bdd75743449c7.compiler_builtins.7380d888c56cdfdd-cgu.003.rcgu.o):(.debug_line)
   23b16    23b16        0     1                 .Lline_table_start0
   23b16    23b16        0     1                 $d
   24a7e    24a7e        0     1                 .Lline_table_start1
   24add    24add        0     1                 .Lline_table_start2
   24b67    24b67        0     1                 .Lline_table_start3
   24bc5    24bc5      625     1         /home/heng/.rustup/toolchains/nightly-x86_64-unknown-linux-gnu/lib/rustlib/riscv32imac-unknown-none-elf/lib/libcompiler_builtins-215bdd75743449c7.rlib(compiler_builtins-215bdd75743449c7.compiler_builtins.7380d888c56cdfdd-cgu.022.rcgu.o):(.debug_line)
   24bc5    24bc5        0     1                 .Lline_table_start0
   24bc5    24bc5        0     1                 $d
   2518c    2518c        0     1                 .Lline_table_start1
   251ea    251ea      118     1         /home/heng/.rustup/toolchains/nightly-x86_64-unknown-linux-gnu/lib/rustlib/riscv32imac-unknown-none-elf/lib/libcompiler_builtins-215bdd75743449c7.rlib(compiler_builtins-215bdd75743449c7.compiler_builtins.7380d888c56cdfdd-cgu.170.rcgu.o):(.debug_line)
   251ea    251ea        0     1                 .Lline_table_start0
   251ea    251ea        0     1                 $d
   252a7    252a7        0     1                 .Lline_table_start1
   25302    25302      8c8     1         /home/heng/.rustup/toolchains/nightly-x86_64-unknown-linux-gnu/lib/rustlib/riscv32imac-unknown-none-elf/lib/libcompiler_builtins-215bdd75743449c7.rlib(compiler_builtins-215bdd75743449c7.compiler_builtins.7380d888c56cdfdd-cgu.017.rcgu.o):(.debug_line)
   25302    25302        0     1                 .Lline_table_start0
   25302    25302        0     1                 $d
   25bca    25bca       6e     1         /home/heng/.rustup/toolchains/nightly-x86_64-unknown-linux-gnu/lib/rustlib/riscv32imac-unknown-none-elf/lib/libcompiler_builtins-215bdd75743449c7.rlib(compiler_builtins-215bdd75743449c7.compiler_builtins.7380d888c56cdfdd-cgu.184.rcgu.o):(.debug_line)
   25bca    25bca        0     1                 .Lline_table_start0
   25bca    25bca        0     1                 $d
   25c38    25c38     1367     1         /home/heng/.rustup/toolchains/nightly-x86_64-unknown-linux-gnu/lib/rustlib/riscv32imac-unknown-none-elf/lib/libcompiler_builtins-215bdd75743449c7.rlib(compiler_builtins-215bdd75743449c7.compiler_builtins.7380d888c56cdfdd-cgu.000.rcgu.o):(.debug_line)
   25c38    25c38        0     1                 .Lline_table_start0
   25c38    25c38        0     1                 $d
   26f43    26f43        0     1                 .Lline_table_start1
   26f9f    26f9f      2ab     1         /home/heng/.rustup/toolchains/nightly-x86_64-unknown-linux-gnu/lib/rustlib/riscv32imac-unknown-none-elf/lib/libcompiler_builtins-215bdd75743449c7.rlib(compiler_builtins-215bdd75743449c7.compiler_builtins.7380d888c56cdfdd-cgu.196.rcgu.o):(.debug_line)
   26f9f    26f9f        0     1                 .Lline_table_start0
   26f9f    26f9f        0     1                 $d
   27175    27175        0     1                 .Lline_table_start1
   2724a    2724a      231     1         /home/heng/.rustup/toolchains/nightly-x86_64-unknown-linux-gnu/lib/rustlib/riscv32imac-unknown-none-elf/lib/libcompiler_builtins-215bdd75743449c7.rlib(compiler_builtins-215bdd75743449c7.compiler_builtins.7380d888c56cdfdd-cgu.200.rcgu.o):(.debug_line)
   2724a    2724a        0     1                 .Lline_table_start0
   2724a    2724a        0     1                 $d
   273a6    273a6        0     1                 .Lline_table_start1
   2747b    2747b      2e0     1         /home/heng/.rustup/toolchains/nightly-x86_64-unknown-linux-gnu/lib/rustlib/riscv32imac-unknown-none-elf/lib/libcompiler_builtins-215bdd75743449c7.rlib(compiler_builtins-215bdd75743449c7.compiler_builtins.7380d888c56cdfdd-cgu.217.rcgu.o):(.debug_line)
   2747b    2747b        0     1                 .Lline_table_start0
   2747b    2747b        0     1                 $d
   27650    27650        0     1                 .Lline_table_start1
   2775b    2775b      2ab     1         /home/heng/.rustup/toolchains/nightly-x86_64-unknown-linux-gnu/lib/rustlib/riscv32imac-unknown-none-elf/lib/libcompiler_builtins-215bdd75743449c7.rlib(compiler_builtins-215bdd75743449c7.compiler_builtins.7380d888c56cdfdd-cgu.252.rcgu.o):(.debug_line)
   2775b    2775b        0     1                 .Lline_table_start0
   2775b    2775b        0     1                 $d
   27931    27931        0     1                 .Lline_table_start1
   27a06    27a06      118     1         /home/heng/.rustup/toolchains/nightly-x86_64-unknown-linux-gnu/lib/rustlib/riscv32imac-unknown-none-elf/lib/libcompiler_builtins-215bdd75743449c7.rlib(compiler_builtins-215bdd75743449c7.compiler_builtins.7380d888c56cdfdd-cgu.275.rcgu.o):(.debug_line)
   27a06    27a06        0     1                 .Lline_table_start0
   27a06    27a06        0     1                 $d
   27ac3    27ac3        0     1                 .Lline_table_start1
   27b1e    27b1e      399     1         /home/heng/.rustup/toolchains/nightly-x86_64-unknown-linux-gnu/lib/rustlib/riscv32imac-unknown-none-elf/lib/libcompiler_builtins-215bdd75743449c7.rlib(compiler_builtins-215bdd75743449c7.compiler_builtins.7380d888c56cdfdd-cgu.276.rcgu.o):(.debug_line)
   27b1e    27b1e        0     1                 .Lline_table_start0
   27b1e    27b1e        0     1                 $d
   27d84    27d84        0     1                 .Lline_table_start1
   27eb7    27eb7       6e     1         /home/heng/.rustup/toolchains/nightly-x86_64-unknown-linux-gnu/lib/rustlib/riscv32imac-unknown-none-elf/lib/libcompiler_builtins-215bdd75743449c7.rlib(compiler_builtins-215bdd75743449c7.compiler_builtins.7380d888c56cdfdd-cgu.283.rcgu.o):(.debug_line)
   27eb7    27eb7        0     1                 .Lline_table_start0
   27eb7    27eb7        0     1                 $d
   27f25    27f25      876     1         /home/heng/.rustup/toolchains/nightly-x86_64-unknown-linux-gnu/lib/rustlib/riscv32imac-unknown-none-elf/lib/libcompiler_builtins-215bdd75743449c7.rlib(compiler_builtins-215bdd75743449c7.compiler_builtins.7380d888c56cdfdd-cgu.013.rcgu.o):(.debug_line)
   27f25    27f25        0     1                 .Lline_table_start0
   27f25    27f25        0     1                 $d
   2879b    2879b      2ad     1         /home/heng/.rustup/toolchains/nightly-x86_64-unknown-linux-gnu/lib/rustlib/riscv32imac-unknown-none-elf/lib/libcompiler_builtins-215bdd75743449c7.rlib(compiler_builtins-215bdd75743449c7.compiler_builtins.7380d888c56cdfdd-cgu.292.rcgu.o):(.debug_line)
   2879b    2879b        0     1                 .Lline_table_start0
   2879b    2879b        0     1                 $d
   2893c    2893c        0     1                 .Lline_table_start1
   289ed    289ed        0     1                 .Lline_table_start2
   28a48    28a48       6e     1         /home/heng/.rustup/toolchains/nightly-x86_64-unknown-linux-gnu/lib/rustlib/riscv32imac-unknown-none-elf/lib/libcompiler_builtins-215bdd75743449c7.rlib(compiler_builtins-215bdd75743449c7.compiler_builtins.7380d888c56cdfdd-cgu.304.rcgu.o):(.debug_line)
   28a48    28a48        0     1                 .Lline_table_start0
   28a48    28a48        0     1                 $d
   28ab6    28ab6       6e     1         /home/heng/.rustup/toolchains/nightly-x86_64-unknown-linux-gnu/lib/rustlib/riscv32imac-unknown-none-elf/lib/libcompiler_builtins-215bdd75743449c7.rlib(compiler_builtins-215bdd75743449c7.compiler_builtins.7380d888c56cdfdd-cgu.305.rcgu.o):(.debug_line)
   28ab6    28ab6        0     1                 .Lline_table_start0
   28ab6    28ab6        0     1                 $d
   28b24    28b24      21e     1         /home/heng/.rustup/toolchains/nightly-x86_64-unknown-linux-gnu/lib/rustlib/riscv32imac-unknown-none-elf/lib/libcompiler_builtins-215bdd75743449c7.rlib(compiler_builtins-215bdd75743449c7.compiler_builtins.7380d888c56cdfdd-cgu.318.rcgu.o):(.debug_line)
   28b24    28b24        0     1                 .Lline_table_start0
   28b24    28b24        0     1                 $d
   28c6d    28c6d        0     1                 .Lline_table_start1
   28d42    28d42      2b0     1         /home/heng/.rustup/toolchains/nightly-x86_64-unknown-linux-gnu/lib/rustlib/riscv32imac-unknown-none-elf/lib/libcompiler_builtins-215bdd75743449c7.rlib(compiler_builtins-215bdd75743449c7.compiler_builtins.7380d888c56cdfdd-cgu.332.rcgu.o):(.debug_line)
   28d42    28d42        0     1                 .Lline_table_start0
   28d42    28d42        0     1                 $d
   28ee6    28ee6        0     1                 .Lline_table_start1
   28f97    28f97        0     1                 .Lline_table_start2
   28ff2    28ff2      295     1         /home/heng/.rustup/toolchains/nightly-x86_64-unknown-linux-gnu/lib/rustlib/riscv32imac-unknown-none-elf/lib/libcompiler_builtins-215bdd75743449c7.rlib(compiler_builtins-215bdd75743449c7.compiler_builtins.7380d888c56cdfdd-cgu.348.rcgu.o):(.debug_line)
   28ff2    28ff2        0     1                 .Lline_table_start0
   28ff2    28ff2        0     1                 $d
   291b2    291b2        0     1                 .Lline_table_start1
   29287    29287      231     1         /home/heng/.rustup/toolchains/nightly-x86_64-unknown-linux-gnu/lib/rustlib/riscv32imac-unknown-none-elf/lib/libcompiler_builtins-215bdd75743449c7.rlib(compiler_builtins-215bdd75743449c7.compiler_builtins.7380d888c56cdfdd-cgu.357.rcgu.o):(.debug_line)
   29287    29287        0     1                 .Lline_table_start0
   29287    29287        0     1                 $d
   293e3    293e3        0     1                 .Lline_table_start1
   294b8    294b8       6d     1         /home/heng/test/rust_riscv/target/riscv32imac-unknown-none-elf/debug/deps/libriscv_common-a2b7f42a82deaf32.rlib(riscv_common-a2b7f42a82deaf32.6fmakz2r0l92v9k3sypl1e6k6.1tilvfy.rcgu.o):(.debug_line)
   294b8    294b8        0     1                 .Lline_table_start0
   294b8    294b8        0     1                 $d
       0        0      228     1 .debug_loc
       0        0       1d     1         /home/heng/test/rust_riscv/target/riscv32imac-unknown-none-elf/debug/deps/qemu_virt_rv32-86bec8f0f6b4ba6a.062y7k4iomazonu54n1men6t3.09ap7je.rcgu.o:(.debug_loc)
       0        0        0     1                 .L0 
       0        0        0     1                 $d
      1d       1d       a4     1         /home/heng/test/rust_riscv/target/riscv32imac-unknown-none-elf/debug/deps/qemu_virt_rv32-86bec8f0f6b4ba6a.0jt5r92wi3lxsun1hso8cfuzs.09ap7je.rcgu.o:(.debug_loc)
      1d       1d        0     1                 .L0 
      1d       1d        0     1                 $d
      46       46        0     1                 .L0 
      6f       6f        0     1                 .L0 
      98       98        0     1                 .L0 
      c1       c1       4e     1         /home/heng/test/rust_riscv/target/riscv32imac-unknown-none-elf/debug/deps/qemu_virt_rv32-86bec8f0f6b4ba6a.6bn0uby9tue3y4j5r328h5dcn.09ap7je.rcgu.o:(.debug_loc)
      c1       c1        0     1                 .L0 
      c1       c1        0     1                 $d
      f4       f4        0     1                 .L0 
     10f      10f       29     1         /home/heng/test/rust_riscv/target/riscv32imac-unknown-none-elf/debug/deps/qemu_virt_rv32-86bec8f0f6b4ba6a.ai5etkz7t99wa0wedn6bczb34.09ap7je.rcgu.o:(.debug_loc)
     10f      10f        0     1                 .L0 
     10f      10f        0     1                 $d
     138      138       52     1         /home/heng/test/rust_riscv/target/riscv32imac-unknown-none-elf/debug/deps/qemu_virt_rv32-86bec8f0f6b4ba6a.cpdqf3ci0amgcz1jgz8evy845.09ap7je.rcgu.o:(.debug_loc)
     138      138        0     1                 .L0 
     138      138        0     1                 $d
     161      161        0     1                 .L0 
     18a      18a       29     1         /home/heng/test/rust_riscv/target/riscv32imac-unknown-none-elf/debug/deps/qemu_virt_rv32-86bec8f0f6b4ba6a.dan3tzx3lnzgiho248n3f9j1a.09ap7je.rcgu.o:(.debug_loc)
     18a      18a        0     1                 .L0 
     18a      18a        0     1                 $d
     1b3      1b3       29     1         /home/heng/test/rust_riscv/target/riscv32imac-unknown-none-elf/debug/deps/libkernel-3261c66bb8c0e867.rlib(kernel-3261c66bb8c0e867.3ybrkd2wozarlsjcry4129q7p.1czz4is.rcgu.o):(.debug_loc)
     1b3      1b3        0     1                 .L0 
     1b3      1b3        0     1                 $d
     1dc      1dc       4c     1         /home/heng/test/rust_riscv/target/riscv32imac-unknown-none-elf/debug/deps/libkernel-3261c66bb8c0e867.rlib(kernel-3261c66bb8c0e867.0w17l22xlblid1upatw9ns1ox.1czz4is.rcgu.o):(.debug_loc)
     1dc      1dc        0     1                 .L0 
     1dc      1dc        0     1                 $d
       0        0    16f80     4 .symtab
       0        0    16f80     4         <internal>:(.symtab)
       0        0       b3     1 .shstrtab
       0        0       b3     1         <internal>:(.shstrtab)
       0        0    11af0     1 .strtab
       0        0    11af0     1         <internal>:(.strtab)
