     VMA      LMA     Size Align Out     In      Symbol
80000000 80000000     1654     2 .text
80000000 80000000       28     1         /home/heng/test/rust_xv6/target/riscv32imac-unknown-none-elf/debug/deps/kernel-0b19a0fdbad40890.29z9ednysirixk0iymbk47xo2.1n2hcun.rcgu.o:(.text.start)
80000000 80000000        0     1                 .Lpcrel_hi0
80000000 80000000        0     1                 $x
80000000 80000000        0     1                 _start
80000008 80000008        0     1                 .Lpcrel_hi1
80000010 80000010        0     1                 .Lpcrel_hi2
80000028 80000028       9a     2         /home/heng/test/rust_xv6/target/riscv32imac-unknown-none-elf/debug/deps/kernel-0b19a0fdbad40890.0smgbymmcljy047vchaxo2oaz.1n2hcun.rcgu.o:(.text._ZN4core4char7methods15encode_utf8_raw17h93b3c87f5e78a5a9E)
80000028 80000028        0     1                 .L0 
80000028 80000028        0     1                 .L0 
80000028 80000028        0     1                 $x
80000028 80000028        0     1                 .L0 
80000028 80000028       9a     1                 core::char::methods::encode_utf8_raw::h93b3c87f5e78a5a9
8000003c 8000003c        0     1                 .L0 
8000003c 8000003c        0     1                 .L0 
80000042 80000042        0     1                 .L0 
80000044 80000044        0     1                 .L0 
8000004a 8000004a        0     1                 .L0 
8000004c 8000004c        0     1                 .L0 
80000050 80000050        0     1                 .L0 
80000052 80000052        0     1                 .L0 
80000058 80000058        0     1                 .L0 
8000005a 8000005a        0     1                 .L0 
8000005e 8000005e        0     1                 .L0 
80000060 80000060        0     1                 .L0 
80000064 80000064        0     1                 .L0 
80000066 80000066        0     1                 .L0 
8000006a 8000006a        0     1                 .L0 
8000006c 8000006c        0     1                 .L0 
80000070 80000070        0     1                 .L0 
80000076 80000076        0     1                 .L0 
80000084 80000084        0     1                 .L0 
80000086 80000086        0     1                 .L0 
80000086 80000086        0     1                 .L0 
80000088 80000088        0     1                 .L0 
80000088 80000088        0     1                 .L0 
8000008c 8000008c        0     1                 .L0 
800000a0 800000a0        0     1                 .L0 
800000b6 800000b6        0     1                 .L0 
800000b8 800000b8        0     1                 .L0 
800000ba 800000ba        0     1                 .L0 
800000bc 800000bc        0     1                 .L0 
800000c2 800000c2        0     1                 .L0 
800000c2 800000c2       f6     2         /home/heng/test/rust_xv6/target/riscv32imac-unknown-none-elf/debug/deps/kernel-0b19a0fdbad40890.0smgbymmcljy047vchaxo2oaz.1n2hcun.rcgu.o:(.text._ZN4core4char7methods25encode_utf8_raw_unchecked17h2b417d569c5a7a9cE)
800000c2 800000c2       f6     1                 core::char::methods::encode_utf8_raw_unchecked::h2b417d569c5a7a9c
800000c2 800000c2        0     1                 .L0 
800000c2 800000c2        0     1                 .L0 
800000c2 800000c2        0     1                 $x
800000c2 800000c2        0     1                 .L0 
800000ce 800000ce        0     1                 .L0 
800000d0 800000d0        0     1                 .L0 
800000d2 800000d2        0     1                 .L0 
800000d6 800000d6        0     1                 .L0 
800000d8 800000d8        0     1                 .L0 
800000dc 800000dc        0     1                 .L0 
800000e2 800000e2        0     1                 .L0 
800000e2 800000e2        0     1                 .L0 
800000e8 800000e8        0     1                 .L0 
800000ea 800000ea        0     1                 .L0 
800000f0 800000f0        0     1                 .L0 
800000f8 800000f8        0     1                 .L0 
800000fc 800000fc        0     1                 .L0 
800000fe 800000fe        0     1                 .L0 
80000100 80000100        0     1                 .L0 
80000100 80000100        0     1                 .L0 
80000106 80000106        0     1                 .L0 
8000010a 8000010a        0     1                 .L0 
8000010a 8000010a        0     1                 .L0 
8000010c 8000010c        0     1                 .L0 
8000010c 8000010c        0     1                 .L0 
8000010e 8000010e        0     1                 .L0 
80000110 80000110        0     1                 .L0 
80000110 80000110        0     1                 .L0 
80000112 80000112        0     1                 .L0 
80000112 80000112        0     1                 .L0 
80000114 80000114        0     1                 .L0 
80000116 80000116        0     1                 .L0 
80000116 80000116        0     1                 .L0 
80000118 80000118        0     1                 .L0 
80000128 80000128        0     1                 .L0 
80000138 80000138        0     1                 .L0 
80000148 80000148        0     1                 .L0 
80000154 80000154        0     1                 .L0 
80000154 80000154        0     1                 .L0 
8000015e 8000015e        0     1                 .L0 
80000170 80000170        0     1                 .L0 
80000172 80000172        0     1                 .L0 
8000017c 8000017c        0     1                 .L0 
8000017c 8000017c        0     1                 .L0 
8000017e 8000017e        0     1                 .L0 
80000186 80000186        0     1                 .L0 
80000196 80000196        0     1                 .L0 
800001a2 800001a2        0     1                 .L0 
800001b2 800001b2        0     1                 .L0 
800001b2 800001b2        0     1                 .L0 
800001b4 800001b4        0     1                 .L0 
800001b8 800001b8        0     1                 .L0 
800001b8 800001b8      162     2         /home/heng/test/rust_xv6/target/riscv32imac-unknown-none-elf/debug/deps/kernel-0b19a0fdbad40890.3gh1a8zi3nmbswewc9ddzk7nm.1n2hcun.rcgu.o:(.text._ZN4core5slice3raw18from_raw_parts_mut18precondition_check17h0c4aba6d47eb8482E)
800001b8 800001b8        0     1                 .L0 
800001b8 800001b8        0     1                 .L0 
800001b8 800001b8        0     1                 $x
800001b8 800001b8        0     1                 .L0 
800001b8 800001b8      162     1                 core::slice::raw::from_raw_parts_mut::precondition_check::h0c4aba6d47eb8482
800001ee 800001ee        0     1                 .L0 
80000236 80000236        0     1                 .L0 
8000023c 8000023c        0     1                 .L0 
80000240 80000240        0     1                 .L0 
80000248 80000248        0     1                 .L0 
8000024c 8000024c        0     1                 .L0 
80000288 80000288        0     1                 .L0 
8000028c 8000028c        0     1                 .L0 
8000028e 8000028e        0     1                 .L0 
80000292 80000292        0     1                 .L0 
8000029c 8000029c        0     1                 .L0 
800002a0 800002a0        0     1                 .L0 
800002a2 800002a2        0     1                 .L0 
800002a4 800002a4        0     1                 .L0 
800002aa 800002aa        0     1                 .L0 
800002ac 800002ac        0     1                 .L0 
800002ae 800002ae        0     1                 .L0 
800002b4 800002b4        0     1                 .L0 
800002c2 800002c2        0     1                 .L0 
800002c4 800002c4        0     1                 .L0 
800002d4 800002d4        0     1                 .L0 
800002d6 800002d6        0     1                 .L0 
800002f0 800002f0        0     1                 .L0 
8000031a 8000031a       22     2         /home/heng/test/rust_xv6/target/riscv32imac-unknown-none-elf/debug/deps/kernel-0b19a0fdbad40890.57oml2z2t8pokdj6slww9wxkh.1n2hcun.rcgu.o:(.text._ZN4core3fmt2rt8Argument11new_display17h5820496e0cc20dc0E)
8000031a 8000031a        0     1                 .L0 
8000031a 8000031a        0     1                 .L0 
8000031a 8000031a        0     1                 $x
8000031a 8000031a        0     1                 .L0 
8000031a 8000031a       22     1                 core::fmt::rt::Argument::new_display::h5820496e0cc20dc0
8000033c 8000033c        0     1                 .L0 
8000033c 8000033c       22     2         /home/heng/test/rust_xv6/target/riscv32imac-unknown-none-elf/debug/deps/kernel-0b19a0fdbad40890.57oml2z2t8pokdj6slww9wxkh.1n2hcun.rcgu.o:(.text._ZN4core3fmt2rt8Argument11new_display17h89907c91886cff94E)
8000033c 8000033c        0     1                 .L0 
8000033c 8000033c        0     1                 .L0 
8000033c 8000033c        0     1                 $x
8000033c 8000033c        0     1                 .L0 
8000033c 8000033c       22     1                 core::fmt::rt::Argument::new_display::h89907c91886cff94
8000035e 8000035e        0     1                 .L0 
8000035e 8000035e       d0     2         /home/heng/test/rust_xv6/target/riscv32imac-unknown-none-elf/debug/deps/kernel-0b19a0fdbad40890.6itcjp17g805mgszkci92d6en.1n2hcun.rcgu.o:(.text._RNvCsiGVaDesi5rv_7___rustc17rust_begin_unwind)
8000035e 8000035e        0     1                 .L0 
8000035e 8000035e        0     1                 .L0 
8000035e 8000035e        0     1                 $x
8000035e 8000035e        0     1                 .L0 
8000035e 8000035e       d0     1                 __rustc::rust_begin_unwind
80000386 80000386        0     1                 .L0 
80000392 80000392        0     1                 .L0 
80000396 80000396        0     1                 .L0 
800003c2 800003c2        0     1                 .L0 
800003e6 800003e6        0     1                 .L0 
800003fe 800003fe        0     1                 .L0 
80000408 80000408        0     1                 .L0 
8000041e 8000041e        0     1                 .L0 
80000428 80000428        0     1                 .L0 
8000042e 8000042e        0     1                 .L0 
8000042e 8000042e       66     2         /home/heng/test/rust_xv6/target/riscv32imac-unknown-none-elf/debug/deps/kernel-0b19a0fdbad40890.6itcjp17g805mgszkci92d6en.1n2hcun.rcgu.o:(.text.kernel_main)
8000042e 8000042e        0     1                 .L0 
8000042e 8000042e        0     1                 .L0 
8000042e 8000042e        0     1                 $x
8000042e 8000042e        0     1                 .L0 
8000042e 8000042e       66     1                 kernel_main
80000484 80000484        0     1                 .L0 
8000048e 8000048e        0     1                 .L0 
80000494 80000494        0     1                 .L0 
80000494 80000494       1a     2         /home/heng/test/rust_xv6/target/riscv32imac-unknown-none-elf/debug/deps/kernel-0b19a0fdbad40890.7nuwazzsbqt643i91j6yogoxn.1n2hcun.rcgu.o:(.text._ZN55_$LT$kernel..uart..Uart$u20$as$u20$core..fmt..Write$GT$9write_str17h256da70ade6bbad5E)
80000494 80000494        0     1                 .L0 
80000494 80000494        0     1                 .L0 
80000494 80000494        0     1                 $x
80000494 80000494        0     1                 .L0 
80000494 80000494       1a     1                 _$LT$kernel..uart..Uart$u20$as$u20$core..fmt..Write$GT$::write_str::h256da70ade6bbad5
800004ae 800004ae        0     1                 .L0 
800004ae 800004ae        8     2         /home/heng/test/rust_xv6/target/riscv32imac-unknown-none-elf/debug/deps/kernel-0b19a0fdbad40890.7nuwazzsbqt643i91j6yogoxn.1n2hcun.rcgu.o:(.text._ZN6kernel4uart4Uart3new17h03f058049a15f946E)
800004ae 800004ae        0     1                 .L0 
800004ae 800004ae        0     1                 .L0 
800004ae 800004ae        0     1                 $x
800004ae 800004ae        0     1                 .L0 
800004ae 800004ae        8     1                 kernel::uart::Uart::new::h03f058049a15f946
800004b6 800004b6        0     1                 .L0 
800004b6 800004b6       78     2         /home/heng/test/rust_xv6/target/riscv32imac-unknown-none-elf/debug/deps/kernel-0b19a0fdbad40890.7nuwazzsbqt643i91j6yogoxn.1n2hcun.rcgu.o:(.text._ZN6kernel4uart4Uart4init17h045a7402739e398cE)
800004b6 800004b6        0     1                 .L0 
800004b6 800004b6        0     1                 .L0 
800004b6 800004b6        0     1                 $x
800004b6 800004b6        0     1                 .L0 
800004b6 800004b6       78     1                 kernel::uart::Uart::init::h045a7402739e398c
8000052e 8000052e        0     1                 .L0 
8000052e 8000052e       3e     2         /home/heng/test/rust_xv6/target/riscv32imac-unknown-none-elf/debug/deps/kernel-0b19a0fdbad40890.7nuwazzsbqt643i91j6yogoxn.1n2hcun.rcgu.o:(.text._ZN6kernel4uart4Uart4putc17h9beddf3a7a7f4efaE)
8000052e 8000052e       3e     1                 kernel::uart::Uart::putc::h9beddf3a7a7f4efa
8000052e 8000052e        0     1                 .L0 
8000052e 8000052e        0     1                 .L0 
8000052e 8000052e        0     1                 $x
8000052e 8000052e        0     1                 .L0 
8000053e 8000053e        0     1                 .L0 
80000540 80000540        0     1                 .L0 
8000054c 8000054c        0     1                 .L0 
80000554 80000554        0     1                 .L0 
8000056c 8000056c        0     1                 .L0 
8000056c 8000056c       66     2         /home/heng/test/rust_xv6/target/riscv32imac-unknown-none-elf/debug/deps/kernel-0b19a0fdbad40890.7nuwazzsbqt643i91j6yogoxn.1n2hcun.rcgu.o:(.text._ZN6kernel4uart4Uart4puts17hf4704991fc582075E)
8000056c 8000056c       66     1                 kernel::uart::Uart::puts::hf4704991fc582075
8000056c 8000056c        0     1                 .L0 
8000056c 8000056c        0     1                 .L0 
8000056c 8000056c        0     1                 $x
8000056c 8000056c        0     1                 .L0 
80000598 80000598        0     1                 .L0 
80000598 80000598        0     1                 .L0 
8000059a 8000059a        0     1                 .L0 
8000059c 8000059c        0     1                 .L0 
800005b8 800005b8        0     1                 .L0 
800005c2 800005c2        0     1                 .L0 
800005c2 800005c2        0     1                 .L0 
800005cc 800005cc        0     1                 .L0 
800005d2 800005d2        0     1                 .L0 
800005d2 800005d2       42     2         /home/heng/test/rust_xv6/target/riscv32imac-unknown-none-elf/debug/deps/kernel-0b19a0fdbad40890.7nuwazzsbqt643i91j6yogoxn.1n2hcun.rcgu.o:(.text._ZN6kernel4uart4Uart4read17h1f6110a2290be47dE)
800005d2 800005d2       42     1                 kernel::uart::Uart::read::h1f6110a2290be47d
800005d2 800005d2        0     1                 .L0 
800005d2 800005d2        0     1                 .L0 
800005d2 800005d2        0     1                 $x
800005d2 800005d2        0     1                 .L0 
800005e2 800005e2        0     1                 .L0 
800005ec 800005ec        0     1                 .L0 
80000614 80000614        0     1                 .L0 
80000614 80000614       50     2         /home/heng/test/rust_xv6/target/riscv32imac-unknown-none-elf/debug/deps/kernel-0b19a0fdbad40890.7nuwazzsbqt643i91j6yogoxn.1n2hcun.rcgu.o:(.text._ZN6kernel4uart4Uart5write17ha1fb2b32194b84f3E)
80000614 80000614       50     1                 kernel::uart::Uart::write::ha1fb2b32194b84f3
80000614 80000614        0     1                 .L0 
80000614 80000614        0     1                 .L0 
80000614 80000614        0     1                 $x
80000614 80000614        0     1                 .L0 
8000062c 8000062c        0     1                 .L0 
80000636 80000636        0     1                 .L0 
80000664 80000664        0     1                 .L0 
80000664 80000664       4a     2         /home/heng/test/rust_xv6/target/riscv32imac-unknown-none-elf/debug/deps/kernel-0b19a0fdbad40890.7nuwazzsbqt643i91j6yogoxn.1n2hcun.rcgu.o:(.text._ZN6kernel4uart5print17h359f89103565661dE)
80000664 80000664        0     1                 .L0 
80000664 80000664        0     1                 .L0 
80000664 80000664        0     1                 $x
80000664 80000664        0     1                 .L0 
80000664 80000664       4a     1                 kernel::uart::print::h359f89103565661d
800006ae 800006ae        0     1                 .L0 
800006ae 800006ae       34     2         /home/heng/test/rust_xv6/target/riscv32imac-unknown-none-elf/debug/deps/kernel-0b19a0fdbad40890.8j5y4eoyt7593tw0d59tzsb2k.1n2hcun.rcgu.o:(.text._ZN4core6result19Result$LT$T$C$E$GT$2ok17he04f5e2258a473daE)
800006ae 800006ae        0     1                 .L0 
800006ae 800006ae        0     1                 .L0 
800006ae 800006ae        0     1                 $x
800006ae 800006ae        0     1                 .L0 
800006ae 800006ae       34     1                 core::result::Result$LT$T$C$E$GT$::ok::he04f5e2258a473da
800006ba 800006ba        0     1                 .L0 
800006be 800006be        0     1                 .L0 
800006c0 800006c0        0     1                 .L0 
800006c6 800006c6        0     1                 .L0 
800006c8 800006c8        0     1                 .L0 
800006cc 800006cc        0     1                 .L0 
800006ce 800006ce        0     1                 .L0 
800006da 800006da        0     1                 .L0 
800006e2 800006e2        e     2         /home/heng/test/rust_xv6/target/riscv32imac-unknown-none-elf/debug/deps/kernel-0b19a0fdbad40890.93f8jgy7ie8nhvazxjhbh0in8.1n2hcun.rcgu.o:(.text._ZN4core5panic8location8Location4file17h32970829da4a9242E)
800006e2 800006e2        0     1                 .L0 
800006e2 800006e2        0     1                 .L0 
800006e2 800006e2        0     1                 $x
800006e2 800006e2        0     1                 .L0 
800006e2 800006e2        e     1                 core::panic::location::Location::file::h32970829da4a9242
800006e8 800006e8        0     1                 .L0 
800006f0 800006f0        0     1                 .L0 
800006f0 800006f0        a     2         /home/heng/test/rust_xv6/target/riscv32imac-unknown-none-elf/debug/deps/kernel-0b19a0fdbad40890.93f8jgy7ie8nhvazxjhbh0in8.1n2hcun.rcgu.o:(.text._ZN4core5panic8location8Location4line17hb9f3aaf5a2f92b6bE)
800006f0 800006f0        0     1                 .L0 
800006f0 800006f0        0     1                 .L0 
800006f0 800006f0        0     1                 $x
800006f0 800006f0        0     1                 .L0 
800006f0 800006f0        a     1                 core::panic::location::Location::line::hb9f3aaf5a2f92b6b
800006fa 800006fa        0     1                 .L0 
800006fa 800006fa       54     2         /home/heng/test/rust_xv6/target/riscv32imac-unknown-none-elf/debug/deps/kernel-0b19a0fdbad40890.94ml1t0pegiakzk20unsc1w33.1n2hcun.rcgu.o:(.text._ZN81_$LT$core..str..iter..Bytes$u20$as$u20$core..iter..traits..iterator..Iterator$GT$4next17hcb3e082ffc98920eE)
800006fa 800006fa        0     1                 .L0 
800006fa 800006fa        0     1                 .L0 
800006fa 800006fa        0     1                 $x
800006fa 800006fa        0     1                 .L0 
800006fa 800006fa       54     1                 _$LT$core..str..iter..Bytes$u20$as$u20$core..iter..traits..iterator..Iterator$GT$::next::hcb3e082ffc98920e
80000700 80000700        0     1                 .L0 
8000070a 8000070a        0     1                 .L0 
8000070c 8000070c        0     1                 .L0 
80000710 80000710        0     1                 .L0 
8000071a 8000071a        0     1                 .L0 
80000724 80000724        0     1                 .L0 
80000726 80000726        0     1                 .L0 
80000740 80000740        0     1                 .L0 
8000074e 8000074e       fc     2         /home/heng/test/rust_xv6/target/riscv32imac-unknown-none-elf/debug/deps/kernel-0b19a0fdbad40890.aabz52r36qcjy9s179frfo0m9.1n2hcun.rcgu.o:(.text._ZN4core3ptr13read_volatile18precondition_check17hf8617fd0d81c1785E)
8000074e 8000074e        0     1                 .L0 
8000074e 8000074e        0     1                 .L0 
8000074e 8000074e        0     1                 $x
8000074e 8000074e        0     1                 .L0 
8000074e 8000074e       fc     1                 core::ptr::read_volatile::precondition_check::hf8617fd0d81c1785
8000075a 8000075a        0     1                 .L0 
8000076a 8000076a        0     1                 .L0 
80000774 80000774        0     1                 .L0 
800007ba 800007ba        0     1                 .L0 
800007c0 800007c0        0     1                 .L0 
800007c8 800007c8        0     1                 .L0 
800007c8 800007c8        0     1                 .L0 
800007cc 800007cc        0     1                 .L0 
800007cc 800007cc        0     1                 .L0 
800007f4 800007f4        0     1                 .L0 
80000806 80000806        0     1                 .L0 
8000080c 8000080c        0     1                 .L0 
80000820 80000820        0     1                 .L0 
8000084a 8000084a        0     1                 .L0 
8000084a 8000084a        0     1                 .L0 
8000084a 8000084a       fe     2         /home/heng/test/rust_xv6/target/riscv32imac-unknown-none-elf/debug/deps/kernel-0b19a0fdbad40890.aabz52r36qcjy9s179frfo0m9.1n2hcun.rcgu.o:(.text._ZN4core3ptr14write_volatile18precondition_check17h6f9cc157411524a3E)
8000084a 8000084a        0     1                 .L0 
8000084a 8000084a        0     1                 .L0 
8000084a 8000084a        0     1                 $x
8000084a 8000084a        0     1                 .L0 
8000084a 8000084a       fe     1                 core::ptr::write_volatile::precondition_check::h6f9cc157411524a3
80000856 80000856        0     1                 .L0 
80000866 80000866        0     1                 .L0 
80000870 80000870        0     1                 .L0 
80000872 80000872        0     1                 .L0 
800008b8 800008b8        0     1                 .L0 
800008be 800008be        0     1                 .L0 
800008c6 800008c6        0     1                 .L0 
800008c6 800008c6        0     1                 .L0 
800008ca 800008ca        0     1                 .L0 
800008ca 800008ca        0     1                 .L0 
800008f2 800008f2        0     1                 .L0 
80000904 80000904        0     1                 .L0 
8000090a 8000090a        0     1                 .L0 
8000091e 8000091e        0     1                 .L0 
80000948 80000948        0     1                 .L0 
80000948 80000948        0     1                 .L0 
80000948 80000948       40     2         /home/heng/test/rust_xv6/target/riscv32imac-unknown-none-elf/debug/deps/kernel-0b19a0fdbad40890.cb9jdhe0t49bb3sf5hw7f896f.1n2hcun.rcgu.o:(.text._ZN4core3fmt5Write10write_char17hd33aa1a70a823e40E)
80000948 80000948       40     1                 core::fmt::Write::write_char::hd33aa1a70a823e40
80000948 80000948        0     1                 .L0 
80000948 80000948        0     1                 .L0 
80000948 80000948        0     1                 $x
80000948 80000948        0     1                 .L0 
80000964 80000964        0     1                 .L0 
80000988 80000988        0     1                 .L0 
80000988 80000988       14     2         /home/heng/test/rust_xv6/target/riscv32imac-unknown-none-elf/debug/deps/kernel-0b19a0fdbad40890.cb9jdhe0t49bb3sf5hw7f896f.1n2hcun.rcgu.o:(.text._ZN4core3fmt5Write9write_fmt17h35151069adf97933E)
80000988 80000988        0     1                 .L0 
80000988 80000988        0     1                 .L0 
80000988 80000988        0     1                 $x
80000988 80000988        0     1                 .L0 
80000988 80000988       14     1                 core::fmt::Write::write_fmt::h35151069adf97933
8000099c 8000099c        0     1                 .L0 
8000099c 8000099c       c0     2         /home/heng/test/rust_xv6/target/riscv32imac-unknown-none-elf/debug/deps/kernel-0b19a0fdbad40890.cb9jdhe0t49bb3sf5hw7f896f.1n2hcun.rcgu.o:(.text._ZN75_$LT$$RF$mut$u20$W$u20$as$u20$core..fmt..Write..write_fmt..SpecWriteFmt$GT$14spec_write_fmt17h534e3534390af13bE)
8000099c 8000099c       c0     1                 _$LT$$RF$mut$u20$W$u20$as$u20$core..fmt..Write..write_fmt..SpecWriteFmt$GT$::spec_write_fmt::h534e3534390af13b
8000099c 8000099c        0     1                 .L0 
8000099c 8000099c        0     1                 .L0 
8000099c 8000099c        0     1                 $x
8000099c 8000099c        0     1                 .L0 
800009a6 800009a6        0     1                 .L0 
800009b2 800009b2        0     1                 .L0 
800009b6 800009b6        0     1                 .L0 
800009b8 800009b8        0     1                 .L0 
800009bc 800009bc        0     1                 .L0 
800009c0 800009c0        0     1                 .L0 
800009c6 800009c6        0     1                 .L0 
800009ce 800009ce        0     1                 .L0 
800009d0 800009d0        0     1                 .L0 
800009e4 800009e4        0     1                 .L0 
800009e4 800009e4        0     1                 .L0 
800009e6 800009e6        0     1                 .L0 
800009e6 800009e6        0     1                 .L0 
800009f4 800009f4        0     1                 .L0 
800009f4 800009f4        0     1                 .L0 
800009f6 800009f6        0     1                 .L0 
800009f6 800009f6        0     1                 .L0 
800009fa 800009fa        0     1                 .L0 
800009fc 800009fc        0     1                 .L0 
80000a04 80000a04        0     1                 .L0 
80000a06 80000a06        0     1                 .L0 
80000a06 80000a06        0     1                 .L0 
80000a18 80000a18        0     1                 .L0 
80000a18 80000a18        0     1                 .L0 
80000a1a 80000a1a        0     1                 .L0 
80000a1c 80000a1c        0     1                 .L0 
80000a20 80000a20        0     1                 .L0 
80000a20 80000a20        0     1                 .L0 
80000a38 80000a38        0     1                 .L0 
80000a3a 80000a3a        0     1                 .L0 
80000a3c 80000a3c        0     1                 .L0 
80000a50 80000a50        0     1                 .L0 
80000a50 80000a50        0     1                 .L0 
80000a52 80000a52        0     1                 .L0 
80000a5c 80000a5c        0     1                 .L0 
80000a5c 80000a5c        a     2         /home/heng/test/rust_xv6/target/riscv32imac-unknown-none-elf/debug/deps/kernel-0b19a0fdbad40890.crver7j73l359n0l9u5k7j4ha.1n2hcun.rcgu.o:(.text._ZN63_$LT$I$u20$as$u20$core..iter..traits..collect..IntoIterator$GT$9into_iter17h81722d6b8ace917cE)
80000a5c 80000a5c        0     1                 .L0 
80000a5c 80000a5c        0     1                 .L0 
80000a5c 80000a5c        0     1                 $x
80000a5c 80000a5c        0     1                 .L0 
80000a5c 80000a5c        a     1                 _$LT$I$u20$as$u20$core..iter..traits..collect..IntoIterator$GT$::into_iter::h81722d6b8ace917c
80000a66 80000a66       1e     2         /home/heng/test/rust_xv6/target/riscv32imac-unknown-none-elf/debug/deps/kernel-0b19a0fdbad40890.dhuqa1608uybyofvb6mwduxet.1n2hcun.rcgu.o:(.text._ZN44_$LT$$RF$T$u20$as$u20$core..fmt..Display$GT$3fmt17h035641d4bf7315fbE)
80000a66 80000a66        0     1                 .L0 
80000a66 80000a66        0     1                 .L0 
80000a66 80000a66        0     1                 $x
80000a66 80000a66        0     1                 .L0 
80000a66 80000a66       1e     1                 _$LT$$RF$T$u20$as$u20$core..fmt..Display$GT$::fmt::h035641d4bf7315fb
80000a84 80000a84        0     1                 .L0 
80000a84 80000a84       2e     2         /home/heng/test/rust_xv6/target/riscv32imac-unknown-none-elf/debug/deps/kernel-0b19a0fdbad40890.dhuqa1608uybyofvb6mwduxet.1n2hcun.rcgu.o:(.text._ZN4core3fmt2rt38_$LT$impl$u20$core..fmt..Arguments$GT$6new_v117h2b78f3dd4e105dcaE)
80000a84 80000a84        0     1                 .L0 
80000a84 80000a84        0     1                 .L0 
80000a84 80000a84        0     1                 $x
80000a84 80000a84        0     1                 .L0 
80000a84 80000a84       2e     1                 core::fmt::rt::_$LT$impl$u20$core..fmt..Arguments$GT$::new_v1::h2b78f3dd4e105dca
80000ab2 80000ab2        0     1                 .L0 
80000ab2 80000ab2       2c     2         /home/heng/test/rust_xv6/target/riscv32imac-unknown-none-elf/debug/deps/kernel-0b19a0fdbad40890.dhuqa1608uybyofvb6mwduxet.1n2hcun.rcgu.o:(.text._ZN4core3fmt2rt38_$LT$impl$u20$core..fmt..Arguments$GT$6new_v117ha28bbfbbb8ac03b6E)
80000ab2 80000ab2        0     1                 .L0 
80000ab2 80000ab2        0     1                 .L0 
80000ab2 80000ab2        0     1                 $x
80000ab2 80000ab2        0     1                 .L0 
80000ab2 80000ab2       2c     1                 core::fmt::rt::_$LT$impl$u20$core..fmt..Arguments$GT$::new_v1::ha28bbfbbb8ac03b6
80000ade 80000ade        0     1                 .L0 
80000ade 80000ade       2e     2         /home/heng/test/rust_xv6/target/riscv32imac-unknown-none-elf/debug/deps/kernel-0b19a0fdbad40890.dhuqa1608uybyofvb6mwduxet.1n2hcun.rcgu.o:(.text._ZN4core3fmt2rt38_$LT$impl$u20$core..fmt..Arguments$GT$9new_const17he78f7a0200b6b849E)
80000ade 80000ade        0     1                 .L0 
80000ade 80000ade        0     1                 .L0 
80000ade 80000ade        0     1                 $x
80000ade 80000ade        0     1                 .L0 
80000ade 80000ade       2e     1                 core::fmt::rt::_$LT$impl$u20$core..fmt..Arguments$GT$::new_const::he78f7a0200b6b849
80000b0c 80000b0c        0     1                 .L0 
80000b0c 80000b0c       30     2         /home/heng/test/rust_xv6/target/riscv32imac-unknown-none-elf/debug/deps/kernel-0b19a0fdbad40890.drs4kotumxn9a7vjzrvyl06cs.1n2hcun.rcgu.o:(.text._ZN4core3ptr13read_volatile17h6deab629127a6a9cE)
80000b0c 80000b0c        0     1                 .L0 
80000b0c 80000b0c        0     1                 .L0 
80000b0c 80000b0c        0     1                 $x
80000b0c 80000b0c        0     1                 .L0 
80000b0c 80000b0c       30     1                 core::ptr::read_volatile::h6deab629127a6a9c
80000b16 80000b16        0     1                 .L0 
80000b18 80000b18        0     1                 .L0 
80000b26 80000b26        0     1                 .L0 
80000b28 80000b28        0     1                 .L0 
80000b3c 80000b3c        0     1                 .L0 
80000b3c 80000b3c       32     2         /home/heng/test/rust_xv6/target/riscv32imac-unknown-none-elf/debug/deps/kernel-0b19a0fdbad40890.drs4kotumxn9a7vjzrvyl06cs.1n2hcun.rcgu.o:(.text._ZN4core3ptr14write_volatile17ha2d27cc049bef09cE)
80000b3c 80000b3c        0     1                 .L0 
80000b3c 80000b3c        0     1                 .L0 
80000b3c 80000b3c        0     1                 $x
80000b3c 80000b3c        0     1                 .L0 
80000b3c 80000b3c       32     1                 core::ptr::write_volatile::ha2d27cc049bef09c
80000b4e 80000b4e        0     1                 .L0 
80000b50 80000b50        0     1                 .L0 
80000b5e 80000b5e        0     1                 .L0 
80000b60 80000b60        0     1                 .L0 
80000b6e 80000b6e        0     1                 .L0 
80000b6e 80000b6e        c     2         /home/heng/test/rust_xv6/target/riscv32imac-unknown-none-elf/debug/deps/kernel-0b19a0fdbad40890.dxjjeod4si3ajcqh1c7uqsbhb.1n2hcun.rcgu.o:(.text._ZN4core3str21_$LT$impl$u20$str$GT$5bytes17hbe7704e4aa0ecbd5E)
80000b6e 80000b6e        0     1                 .L0 
80000b6e 80000b6e        0     1                 .L0 
80000b6e 80000b6e        0     1                 $x
80000b6e 80000b6e        0     1                 .L0 
80000b6e 80000b6e        c     1                 core::str::_$LT$impl$u20$str$GT$::bytes::hbe7704e4aa0ecbd5
80000b74 80000b74        0     1                 .L0 
80000b7a 80000b7a       42     2         /home/heng/test/rust_xv6/target/riscv32imac-unknown-none-elf/debug/deps/kernel-0b19a0fdbad40890.e9wvwqg9ewq5u40p2w2jqplqk.1n2hcun.rcgu.o:(.text._ZN91_$LT$core..slice..iter..Iter$LT$T$GT$$u20$as$u20$core..iter..traits..iterator..Iterator$GT$4next17h48deca55c446319cE)
80000b7a 80000b7a        0     1                 .L0 
80000b7a 80000b7a        0     1                 .L0 
80000b7a 80000b7a        0     1                 $x
80000b7a 80000b7a        0     1                 .L0 
80000b7a 80000b7a       42     1                 _$LT$core..slice..iter..Iter$LT$T$GT$$u20$as$u20$core..iter..traits..iterator..Iterator$GT$::next::h48deca55c446319c
80000b82 80000b82        0     1                 .L0 
80000b92 80000b92        0     1                 .L0 
80000b94 80000b94        0     1                 .L0 
80000b98 80000b98        0     1                 .L0 
80000b9e 80000b9e        0     1                 .L0 
80000ba6 80000ba6        0     1                 .L0 
80000ba8 80000ba8        0     1                 .L0 
80000bac 80000bac        0     1                 .L0 
80000bb0 80000bb0        0     1                 .L0 
80000bb2 80000bb2        0     1                 .L0 
80000bb6 80000bb6        0     1                 .L0 
80000bba 80000bba        0     1                 .L0 
80000bbc 80000bbc        0     1                 .L0 
80000bbc 80000bbc        a     2         /home/heng/test/rust_xv6/target/riscv32imac-unknown-none-elf/debug/deps/kernel-0b19a0fdbad40890.eu30gzeigymvbw3a4bjz2pjss.1n2hcun.rcgu.o:(.text._ZN4core5panic10panic_info9PanicInfo8location17h71310bb87c1e18b8E)
80000bbc 80000bbc        0     1                 .L0 
80000bbc 80000bbc        0     1                 .L0 
80000bbc 80000bbc        0     1                 $x
80000bbc 80000bbc        0     1                 .L0 
80000bbc 80000bbc        a     1                 core::panic::panic_info::PanicInfo::location::h71310bb87c1e18b8
80000bc6 80000bc6       10     2         /home/heng/.rustup/toolchains/stable-x86_64-unknown-linux-gnu/lib/rustlib/riscv32imac-unknown-none-elf/lib/libcore-77d68843c659ba41.rlib(core-77d68843c659ba41.core.80a87c20f2f0c8ad-cgu.0.rcgu.o):(.text._ZN42_$LT$str$u20$as$u20$core..fmt..Display$GT$3fmt17h1a460d4704c157bdE)
80000bc6 80000bc6        0     1                 .L0 
80000bc6 80000bc6        0     1                 .L0 
80000bc6 80000bc6        0     1                 $x
80000bc6 80000bc6        0     1                 .L0 
80000bc6 80000bc6       10     1                 _$LT$str$u20$as$u20$core..fmt..Display$GT$::fmt::h1a460d4704c157bd
80000bd6 80000bd6        0     1                 .L0 
80000bd6 80000bd6      132     2         /home/heng/.rustup/toolchains/stable-x86_64-unknown-linux-gnu/lib/rustlib/riscv32imac-unknown-none-elf/lib/libcore-77d68843c659ba41.rlib(core-77d68843c659ba41.core.80a87c20f2f0c8ad-cgu.0.rcgu.o):(.text._ZN4core3fmt3num3imp52_$LT$impl$u20$core..fmt..Display$u20$for$u20$u32$GT$3fmt17h2534f78d21df1a55E)
80000bd6 80000bd6        0     1                 .L0 
80000bd6 80000bd6        0     1                 .L0 
80000bd6 80000bd6        0     1                 $x
80000bd6 80000bd6        0     1                 .L0 
80000bd6 80000bd6      132     1                 core::fmt::num::imp::_$LT$impl$u20$core..fmt..Display$u20$for$u20$u32$GT$::fmt::h2534f78d21df1a55
80000bd6 80000bd6      132     1                 core::fmt::num::imp::_$LT$impl$u20$core..fmt..Display$u20$for$u20$usize$GT$::fmt::h4def07fcdeca05e3
80000bf4 80000bf4        0     1                 .L0 
80000bf4 80000bf4        0     1                 .L0 
80000c1e 80000c1e        0     1                 .L0 
80000c62 80000c62        0     1                 .L0 
80000c66 80000c66        0     1                 .L0 
80000c6a 80000c6a        0     1                 .L0 
80000c6e 80000c6e        0     1                 .L0 
80000c72 80000c72        0     1                 .L0 
80000c78 80000c78        0     1                 .L0 
80000c7a 80000c7a        0     1                 .L0 
80000c7e 80000c7e        0     1                 .L0 
80000cb4 80000cb4        0     1                 .L0 
80000cb8 80000cb8        0     1                 .L0 
80000cbe 80000cbe        0     1                 .L0 
80000cc4 80000cc4        0     1                 .L0 
80000cd4 80000cd4        0     1                 .L0 
80000cd8 80000cd8        0     1                 .L0 
80000cde 80000cde        0     1                 .L0 
80000ce2 80000ce2        0     1                 .L0 
80000ce4 80000ce4        0     1                 .L0 
80000d02 80000d02        0     1                 .L0 
80000d02 80000d02        0     1                 .L0 
80000d08 80000d08        0     1                 .L0 
80000d08 80000d08        0     1                 .L0 
80000d08 80000d08       58     2         /home/heng/.rustup/toolchains/stable-x86_64-unknown-linux-gnu/lib/rustlib/riscv32imac-unknown-none-elf/lib/libcore-77d68843c659ba41.rlib(core-77d68843c659ba41.core.80a87c20f2f0c8ad-cgu.0.rcgu.o):(.text._ZN4core3fmt3num53_$LT$impl$u20$core..fmt..UpperHex$u20$for$u20$u32$GT$3fmt17hc37df16cb9df57a4E)
80000d08 80000d08        0     1                 .L0 
80000d08 80000d08        0     1                 .L0 
80000d08 80000d08        0     1                 $x
80000d08 80000d08        0     1                 .L0 
80000d08 80000d08       58     1                 core::fmt::num::_$LT$impl$u20$core..fmt..UpperHex$u20$for$u20$u32$GT$::fmt::hc37df16cb9df57a4
80000d08 80000d08       58     1                 core::fmt::num::_$LT$impl$u20$core..fmt..UpperHex$u20$for$u20$usize$GT$::fmt::h32556d4e5498ecd1
80000d30 80000d30        0     1                 .L0 
80000d34 80000d34        0     1                 .L0 
80000d38 80000d38        0     1                 .L0 
80000d60 80000d60        0     1                 .L0 
80000d60 80000d60      19c     2         /home/heng/.rustup/toolchains/stable-x86_64-unknown-linux-gnu/lib/rustlib/riscv32imac-unknown-none-elf/lib/libcore-77d68843c659ba41.rlib(core-77d68843c659ba41.core.80a87c20f2f0c8ad-cgu.0.rcgu.o):(.text._ZN4core3fmt5write17h675b1c1cee1d55ebE)
80000d60 80000d60        0     1                 .L0 
80000d60 80000d60        0     1                 .L0 
80000d60 80000d60        0     1                 $x
80000d60 80000d60        0     1                 .L0 
80000d60 80000d60      19c     1                 core::fmt::write::h675b1c1cee1d55eb
80000d86 80000d86        0     1                 .L0 
80000d96 80000d96        0     1                 .L0 
80000d98 80000d98        0     1                 .L0 
80000d9c 80000d9c        0     1                 .L0 
80000d9c 80000d9c        0     1                 .L0 
80000da0 80000da0        0     1                 .L0 
80000dc6 80000dc6        0     1                 .L0 
80000dc6 80000dc6        0     1                 .L0 
80000dcc 80000dcc        0     1                 .L0 
80000dda 80000dda        0     1                 .L0 
80000de0 80000de0        0     1                 .L0 
80000de0 80000de0        0     1                 .L0 
80000de4 80000de4        0     1                 .L0 
80000dea 80000dea        0     1                 .L0 
80000dee 80000dee        0     1                 .L0 
80000df2 80000df2        0     1                 .L0 
80000df6 80000df6        0     1                 .L0 
80000dfa 80000dfa        0     1                 .L0 
80000e02 80000e02        0     1                 .L0 
80000e06 80000e06        0     1                 .L0 
80000e0a 80000e0a        0     1                 .L0 
80000e0a 80000e0a        0     1                 .L0 
80000e10 80000e10        0     1                 .L0 
80000e10 80000e10        0     1                 .L0 
80000e14 80000e14        0     1                 .L0 
80000e18 80000e18        0     1                 .L0 
80000e1c 80000e1c        0     1                 .L0 
80000e1e 80000e1e        0     1                 .L0 
80000e20 80000e20        0     1                 .L0 
80000e26 80000e26        0     1                 .L0 
80000e2c 80000e2c        0     1                 .L0 
80000e30 80000e30        0     1                 .L0 
80000e38 80000e38        0     1                 .L0 
80000e3e 80000e3e        0     1                 .L0 
80000e42 80000e42        0     1                 .L0 
80000e4e 80000e4e        0     1                 .L0 
80000e54 80000e54        0     1                 .L0 
80000e54 80000e54        0     1                 .L0 
80000e56 80000e56        0     1                 .L0 
80000e56 80000e56        0     1                 .L0 
80000e5c 80000e5c        0     1                 .L0 
80000e62 80000e62        0     1                 .L0 
80000e62 80000e62        0     1                 .L0 
80000e66 80000e66        0     1                 .L0 
80000e66 80000e66        0     1                 .L0 
80000e68 80000e68        0     1                 .L0 
80000e82 80000e82        0     1                 .L0 
80000e82 80000e82        0     1                 .L0 
80000e88 80000e88        0     1                 .L0 
80000e98 80000e98        0     1                 .L0 
80000e9a 80000e9a        0     1                 .L0 
80000e9a 80000e9a        0     1                 .L0 
80000ea4 80000ea4        0     1                 .L0 
80000ea6 80000ea6        0     1                 .L0 
80000ea6 80000ea6        0     1                 .L0 
80000eaa 80000eaa        0     1                 .L0 
80000eae 80000eae        0     1                 .L0 
80000eae 80000eae        0     1                 .L0 
80000eb2 80000eb2        0     1                 .L0 
80000eb8 80000eb8        0     1                 .L0 
80000ebe 80000ebe        0     1                 .L0 
80000ec0 80000ec0        0     1                 .L0 
80000ec0 80000ec0        0     1                 .L0 
80000ec6 80000ec6        0     1                 .L0 
80000ece 80000ece        0     1                 .L0 
80000ed0 80000ed0        0     1                 .L0 
80000eda 80000eda        0     1                 .L0 
80000ede 80000ede        0     1                 .L0 
80000ee4 80000ee4        0     1                 .L0 
80000efc 80000efc        0     1                 .L0 
80000efc 80000efc       60     2         /home/heng/.rustup/toolchains/stable-x86_64-unknown-linux-gnu/lib/rustlib/riscv32imac-unknown-none-elf/lib/libcore-77d68843c659ba41.rlib(core-77d68843c659ba41.core.80a87c20f2f0c8ad-cgu.0.rcgu.o):(.text._ZN4core3fmt9Formatter12pad_integral12write_prefix17h0faa7d47d0d6d1e3E)
80000efc 80000efc       60     1                 core::fmt::Formatter::pad_integral::write_prefix::h0faa7d47d0d6d1e3
80000efc 80000efc        0     1                 .L0 
80000efc 80000efc        0     1                 .L0 
80000efc 80000efc        0     1                 $x
80000efc 80000efc        0     1                 .L0 
80000f16 80000f16        0     1                 .L0 
80000f1a 80000f1a        0     1                 .L0 
80000f28 80000f28        0     1                 .L0 
80000f28 80000f28        0     1                 .L0 
80000f2a 80000f2a        0     1                 .L0 
80000f2c 80000f2c        0     1                 .L0 
80000f2e 80000f2e        0     1                 .L0 
80000f32 80000f32        0     1                 .L0 
80000f5c 80000f5c        0     1                 .L0 
80000f5c 80000f5c      25e     2         /home/heng/.rustup/toolchains/stable-x86_64-unknown-linux-gnu/lib/rustlib/riscv32imac-unknown-none-elf/lib/libcore-77d68843c659ba41.rlib(core-77d68843c659ba41.core.80a87c20f2f0c8ad-cgu.0.rcgu.o):(.text._ZN4core3fmt9Formatter12pad_integral17h7165b0996d9b3f1dE)
80000f5c 80000f5c        0     1                 .L0 
80000f5c 80000f5c        0     1                 .L0 
80000f5c 80000f5c        0     1                 $x
80000f5c 80000f5c        0     1                 .L0 
80000f5c 80000f5c      25e     1                 core::fmt::Formatter::pad_integral::h7165b0996d9b3f1d
80000f84 80000f84        0     1                 .L0 
80000f86 80000f86        0     1                 .L0 
80000f86 80000f86        0     1                 .L0 
80000f94 80000f94        0     1                 .L0 
80000f96 80000f96        0     1                 .L0 
80000fa0 80000fa0        0     1                 .L0 
80000fa8 80000fa8        0     1                 .L0 
80000faa 80000faa        0     1                 .L0 
80000faa 80000faa        0     1                 .L0 
80000fae 80000fae        0     1                 .L0 
80000fb0 80000fb0        0     1                 .L0 
80000fb0 80000fb0        0     1                 .L0 
80000fb4 80000fb4        0     1                 .L0 
80000fc0 80000fc0        0     1                 .L0 
80000fc8 80000fc8        0     1                 .L0 
80000fca 80000fca        0     1                 .L0 
80000fce 80000fce        0     1                 .L0 
80000fce 80000fce        0     1                 .L0 
80000fd4 80000fd4        0     1                 .L0 
80000fd8 80000fd8        0     1                 .L0 
80000fe4 80000fe4        0     1                 .L0 
80000fe8 80000fe8        0     1                 .L0 
80000ff0 80000ff0        0     1                 .L0 
80000ff2 80000ff2        0     1                 .L0 
80000ff2 80000ff2        0     1                 .L0 
80000ffa 80000ffa        0     1                 .L0 
80000ffc 80000ffc        0     1                 .L0 
80000ffe 80000ffe        0     1                 .L0 
80000ffe 80000ffe        0     1                 .L0 
8000100a 8000100a        0     1                 .L0 
80001012 80001012        0     1                 .L0 
80001018 80001018        0     1                 .L0 
8000101c 8000101c        0     1                 .L0 
80001036 80001036        0     1                 .L0 
80001036 80001036        0     1                 .L0 
8000103a 8000103a        0     1                 .L0 
80001060 80001060        0     1                 .L0 
8000106c 8000106c        0     1                 .L0 
80001072 80001072        0     1                 .L0 
80001078 80001078        0     1                 .L0 
80001090 80001090        0     1                 .L0 
80001098 80001098        0     1                 .L0 
8000109e 8000109e        0     1                 .L0 
800010b4 800010b4        0     1                 .L0 
800010c6 800010c6        0     1                 .L0 
800010c6 800010c6        0     1                 .L0 
800010ce 800010ce        0     1                 .L0 
800010ce 800010ce        0     1                 .L0 
800010d2 800010d2        0     1                 .L0 
800010d4 800010d4        0     1                 .L0 
800010dc 800010dc        0     1                 .L0 
800010dc 800010dc        0     1                 .L0 
800010e0 800010e0        0     1                 .L0 
800010e4 800010e4        0     1                 .L0 
800010e4 800010e4        0     1                 .L0 
800010e8 800010e8        0     1                 .L0 
800010e8 800010e8        0     1                 .L0 
800010f2 800010f2        0     1                 .L0 
800010f2 800010f2        0     1                 .L0 
80001100 80001100        0     1                 .L0 
80001102 80001102        0     1                 .L0 
80001104 80001104        0     1                 .L0 
80001112 80001112        0     1                 .L0 
8000112e 8000112e        0     1                 .L0 
80001132 80001132        0     1                 .L0 
80001136 80001136        0     1                 .L0 
80001136 80001136        0     1                 .L0 
8000113a 8000113a        0     1                 .L0 
8000113c 8000113c        0     1                 .L0 
80001142 80001142        0     1                 .L0 
80001142 80001142        0     1                 .L0 
80001144 80001144        0     1                 .L0 
80001144 80001144        0     1                 .L0 
80001166 80001166        0     1                 .L0 
8000117c 8000117c        0     1                 .L0 
8000118a 8000118a        0     1                 .L0 
8000118c 8000118c        0     1                 .L0 
8000119e 8000119e        0     1                 .L0 
800011a6 800011a6        0     1                 .L0 
800011aa 800011aa        0     1                 .L0 
800011aa 800011aa        0     1                 .L0 
800011ae 800011ae        0     1                 .L0 
800011b0 800011b0        0     1                 .L0 
800011b6 800011b6        0     1                 .L0 
800011b6 800011b6        0     1                 .L0 
800011ba 800011ba        0     1                 .L0 
800011ba 800011ba      1c0     2         /home/heng/.rustup/toolchains/stable-x86_64-unknown-linux-gnu/lib/rustlib/riscv32imac-unknown-none-elf/lib/libcore-77d68843c659ba41.rlib(core-77d68843c659ba41.core.80a87c20f2f0c8ad-cgu.0.rcgu.o):(.text._ZN4core3fmt9Formatter3pad17h2b9b54e5c1e53ef3E)
800011ba 800011ba        0     1                 .L0 
800011ba 800011ba        0     1                 .L0 
800011ba 800011ba        0     1                 $x
800011ba 800011ba        0     1                 .L0 
800011ba 800011ba      1c0     1                 core::fmt::Formatter::pad::h2b9b54e5c1e53ef3
800011d8 800011d8        0     1                 .L0 
800011e4 800011e4        0     1                 .L0 
800011e4 800011e4        0     1                 .L0 
800011ec 800011ec        0     1                 .L0 
800011ec 800011ec        0     1                 .L0 
800011ee 800011ee        0     1                 .L0 
800011ee 800011ee        0     1                 .L0 
800011f2 800011f2        0     1                 .L0 
800011f4 800011f4        0     1                 .L0 
800011f4 800011f4        0     1                 .L0 
800011f8 800011f8        0     1                 .L0 
80001204 80001204        0     1                 .L0 
8000120c 8000120c        0     1                 .L0 
8000120e 8000120e        0     1                 .L0 
80001212 80001212        0     1                 .L0 
80001212 80001212        0     1                 .L0 
8000121a 8000121a        0     1                 .L0 
80001220 80001220        0     1                 .L0 
80001228 80001228        0     1                 .L0 
8000122c 8000122c        0     1                 .L0 
8000122c 8000122c        0     1                 .L0 
80001232 80001232        0     1                 .L0 
80001232 80001232        0     1                 .L0 
80001234 80001234        0     1                 .L0 
80001236 80001236        0     1                 .L0 
80001236 80001236        0     1                 .L0 
8000123a 8000123a        0     1                 .L0 
8000123a 8000123a        0     1                 .L0 
8000123e 8000123e        0     1                 .L0 
80001252 80001252        0     1                 .L0 
80001256 80001256        0     1                 .L0 
80001256 80001256        0     1                 .L0 
8000125a 8000125a        0     1                 .L0 
8000125c 8000125c        0     1                 .L0 
80001262 80001262        0     1                 .L0 
80001262 80001262        0     1                 .L0 
80001264 80001264        0     1                 .L0 
80001264 80001264        0     1                 .L0 
80001268 80001268        0     1                 .L0 
8000126c 8000126c        0     1                 .L0 
80001270 80001270        0     1                 .L0 
80001274 80001274        0     1                 .L0 
80001278 80001278        0     1                 .L0 
8000127c 8000127c        0     1                 .L0 
8000127c 8000127c        0     1                 .L0 
80001282 80001282        0     1                 .L0 
80001286 80001286        0     1                 .L0 
80001288 80001288        0     1                 .L0 
8000128c 8000128c        0     1                 .L0 
8000128e 8000128e        0     1                 .L0 
8000128e 8000128e        0     1                 .L0 
80001290 80001290        0     1                 .L0 
80001298 80001298        0     1                 .L0 
800012c0 800012c0        0     1                 .L0 
800012d0 800012d0        0     1                 .L0 
800012d0 800012d0        0     1                 .L0 
800012da 800012da        0     1                 .L0 
800012dc 800012dc        0     1                 .L0 
800012dc 800012dc        0     1                 .L0 
800012e0 800012e0        0     1                 .L0 
800012e0 800012e0        0     1                 .L0 
800012fe 800012fe        0     1                 .L0 
80001302 80001302        0     1                 .L0 
80001306 80001306        0     1                 .L0 
80001306 80001306        0     1                 .L0 
8000130a 8000130a        0     1                 .L0 
8000130c 8000130c        0     1                 .L0 
80001312 80001312        0     1                 .L0 
80001312 80001312        0     1                 .L0 
80001316 80001316        0     1                 .L0 
80001316 80001316        0     1                 .L0 
80001322 80001322        0     1                 .L0 
80001324 80001324        0     1                 .L0 
80001346 80001346        0     1                 .L0 
80001350 80001350        0     1                 .L0 
8000135e 8000135e        0     1                 .L0 
8000135e 8000135e        0     1                 .L0 
8000136a 8000136a        0     1                 .L0 
8000136a 8000136a        0     1                 .L0 
8000136e 8000136e        0     1                 .L0 
80001370 80001370        0     1                 .L0 
80001370 80001370        0     1                 .L0 
8000137a 8000137a        0     1                 .L0 
8000137a 8000137a      178     2         /home/heng/.rustup/toolchains/stable-x86_64-unknown-linux-gnu/lib/rustlib/riscv32imac-unknown-none-elf/lib/libcore-77d68843c659ba41.rlib(core-77d68843c659ba41.core.80a87c20f2f0c8ad-cgu.0.rcgu.o):(.text._ZN4core3str5count14do_count_chars17h0c36da5efc2aa07bE)
8000137a 8000137a        0     1                 .L0 
8000137a 8000137a        0     1                 .L0 
8000137a 8000137a        0     1                 $x
8000137a 8000137a        0     1                 .L0 
8000137a 8000137a      178     1                 core::str::count::do_count_chars::h0c36da5efc2aa07b
80001380 80001380        0     1                 .L0 
80001388 80001388        0     1                 .L0 
8000138c 8000138c        0     1                 .L0 
8000138c 8000138c        0     1                 .L0 
8000138e 8000138e        0     1                 .L0 
8000138e 8000138e        0     1                 .L0 
80001390 80001390        0     1                 .L0 
80001398 80001398        0     1                 .L0 
800013a0 800013a0        0     1                 .L0 
800013a2 800013a2        0     1                 .L0 
800013a6 800013a6        0     1                 .L0 
800013ac 800013ac        0     1                 .L0 
800013b0 800013b0        0     1                 .L0 
800013b4 800013b4        0     1                 .L0 
800013b4 800013b4        0     1                 .L0 
800013b8 800013b8        0     1                 .L0 
800013c2 800013c2        0     1                 .L0 
800013c2 800013c2        0     1                 .L0 
800013c6 800013c6        0     1                 .L0 
800013cc 800013cc        0     1                 .L0 
800013d4 800013d4        0     1                 .L0 
800013d6 800013d6        0     1                 .L0 
800013da 800013da        0     1                 .L0 
800013dc 800013dc        0     1                 .L0 
800013dc 800013dc        0     1                 .L0 
800013de 800013de        0     1                 .L0 
800013ea 800013ea        0     1                 .L0 
800013f2 800013f2        0     1                 .L0 
800013f4 800013f4        0     1                 .L0 
800013f8 800013f8        0     1                 .L0 
80001408 80001408        0     1                 .L0 
8000140c 8000140c        0     1                 .L0 
80001416 80001416        0     1                 .L0 
80001424 80001424        0     1                 .L0 
8000142c 8000142c        0     1                 .L0 
80001430 80001430        0     1                 .L0 
80001444 80001444        0     1                 .L0 
80001444 80001444        0     1                 .L0 
8000144a 8000144a        0     1                 .L0 
8000144a 8000144a        0     1                 .L0 
80001450 80001450        0     1                 .L0 
8000145e 8000145e        0     1                 .L0 
80001490 80001490        0     1                 .L0 
80001492 80001492        0     1                 .L0 
80001494 80001494        0     1                 .L0 
800014a0 800014a0        0     1                 .L0 
800014a8 800014a8        0     1                 .L0 
800014a8 800014a8        0     1                 .L0 
800014ae 800014ae        0     1                 .L0 
800014ae 800014ae        0     1                 .L0 
800014b8 800014b8        0     1                 .L0 
800014c0 800014c0        0     1                 .L0 
800014c2 800014c2        0     1                 .L0 
800014d0 800014d0        0     1                 .L0 
800014d2 800014d2        0     1                 .L0 
800014d2 800014d2        0     1                 .L0 
800014d6 800014d6        0     1                 .L0 
800014d6 800014d6        0     1                 .L0 
800014e2 800014e2        0     1                 .L0 
800014f2 800014f2        0     1                 .L0 
800014f2 800014f2       84     2         /home/heng/.rustup/toolchains/stable-x86_64-unknown-linux-gnu/lib/rustlib/riscv32imac-unknown-none-elf/lib/libcore-77d68843c659ba41.rlib(core-77d68843c659ba41.core.80a87c20f2f0c8ad-cgu.0.rcgu.o):(.text.unlikely._ZN4core4char7methods15encode_utf8_raw8do_panic7runtime17hc1133a7300e34e63E)
800014f2 800014f2        0     1                 .L0 
800014f2 800014f2        0     1                 .L0 
800014f2 800014f2        0     1                 $x
800014f2 800014f2        0     1                 .L0 
800014f2 800014f2       84     1                 core::char::methods::encode_utf8_raw::do_panic::runtime::hc1133a7300e34e63
80001522 80001522        0     1                 .L0 
8000152c 8000152c        0     1                 .L0 
8000153c 8000153c        0     1                 .L0 
80001544 80001544        0     1                 .L0 
80001550 80001550        0     1                 .L0 
80001568 80001568        0     1                 .L0 
80001576 80001576        0     1                 .L0 
80001576 80001576       36     2         /home/heng/.rustup/toolchains/stable-x86_64-unknown-linux-gnu/lib/rustlib/riscv32imac-unknown-none-elf/lib/libcore-77d68843c659ba41.rlib(core-77d68843c659ba41.core.80a87c20f2f0c8ad-cgu.0.rcgu.o):(.text.unlikely._ZN4core9panicking11panic_const23panic_const_div_by_zero17he178634afd84f4acE)
80001576 80001576        0     1                 .L0 
80001576 80001576        0     1                 .L0 
80001576 80001576        0     1                 $x
80001576 80001576        0     1                 .L0 
80001576 80001576       36     1                 core::panicking::panic_const::panic_const_div_by_zero::he178634afd84f4ac
80001580 80001580        0     1                 .L0 
800015ac 800015ac        0     1                 .L0 
800015ac 800015ac       36     2         /home/heng/.rustup/toolchains/stable-x86_64-unknown-linux-gnu/lib/rustlib/riscv32imac-unknown-none-elf/lib/libcore-77d68843c659ba41.rlib(core-77d68843c659ba41.core.80a87c20f2f0c8ad-cgu.0.rcgu.o):(.text.unlikely._ZN4core9panicking11panic_const24panic_const_add_overflow17h2229acc8a46077dfE)
800015ac 800015ac        0     1                 .L0 
800015ac 800015ac        0     1                 .L0 
800015ac 800015ac        0     1                 $x
800015ac 800015ac        0     1                 .L0 
800015ac 800015ac       36     1                 core::panicking::panic_const::panic_const_add_overflow::h2229acc8a46077df
800015b6 800015b6        0     1                 .L0 
800015e2 800015e2        0     1                 .L0 
800015e2 800015e2       50     2         /home/heng/.rustup/toolchains/stable-x86_64-unknown-linux-gnu/lib/rustlib/riscv32imac-unknown-none-elf/lib/libcore-77d68843c659ba41.rlib(core-77d68843c659ba41.core.80a87c20f2f0c8ad-cgu.0.rcgu.o):(.text.unlikely._ZN4core9panicking18panic_nounwind_fmt17h7276a583f4a01e38E)
800015e2 800015e2        0     1                 .L0 
800015e2 800015e2        0     1                 .L0 
800015e2 800015e2        0     1                 $x
800015e2 800015e2        0     1                 .L0 
800015e2 800015e2       50     1                 core::panicking::panic_nounwind_fmt::h7276a583f4a01e38
80001616 80001616        0     1                 .L0 
80001632 80001632        0     1                 .L0 
80001632 80001632       22     2         /home/heng/.rustup/toolchains/stable-x86_64-unknown-linux-gnu/lib/rustlib/riscv32imac-unknown-none-elf/lib/libcore-77d68843c659ba41.rlib(core-77d68843c659ba41.core.80a87c20f2f0c8ad-cgu.0.rcgu.o):(.text.unlikely._ZN4core9panicking9panic_fmt17hd0621219b237cf4dE)
80001632 80001632        0     1                 .L0 
80001632 80001632        0     1                 .L0 
80001632 80001632        0     1                 $x
80001632 80001632        0     1                 .L0 
80001632 80001632       22     1                 core::panicking::panic_fmt::hd0621219b237cf4d
8000163c 8000163c        0     1                 .L0 
80001654 80001654        0     1                 .L0 
80001658 80001658      790     4 .rodata
80001658 80001658      166     1         <internal>:(.rodata.str1.1)
800017c0 800017c0       10     4         /home/heng/test/rust_xv6/target/riscv32imac-unknown-none-elf/debug/deps/kernel-0b19a0fdbad40890.0smgbymmcljy047vchaxo2oaz.1n2hcun.rcgu.o:(.rodata..Lanon.a53bc17486f051b7a85e0bb0e323da2f.1)
800017c0 800017c0       10     1                 .Lanon.a53bc17486f051b7a85e0bb0e323da2f.1
800017c0 800017c0        0     1                 $d
800017d0 800017d0       10     4         /home/heng/test/rust_xv6/target/riscv32imac-unknown-none-elf/debug/deps/kernel-0b19a0fdbad40890.0smgbymmcljy047vchaxo2oaz.1n2hcun.rcgu.o:(.rodata..Lanon.a53bc17486f051b7a85e0bb0e323da2f.2)
800017d0 800017d0       10     1                 .Lanon.a53bc17486f051b7a85e0bb0e323da2f.2
800017d0 800017d0        0     1                 $d
800017e0 800017e0      11b     1         /home/heng/test/rust_xv6/target/riscv32imac-unknown-none-elf/debug/deps/kernel-0b19a0fdbad40890.3gh1a8zi3nmbswewc9ddzk7nm.1n2hcun.rcgu.o:(.rodata..Lanon.5eec4bfd8aa2a124c3998005364e91e3.0)
800017e0 800017e0      11b     1                 .Lanon.5eec4bfd8aa2a124c3998005364e91e3.0
800017e0 800017e0        0     1                 $d
800018fb 800018fb       2a     1         /home/heng/test/rust_xv6/target/riscv32imac-unknown-none-elf/debug/deps/kernel-0b19a0fdbad40890.3gh1a8zi3nmbswewc9ddzk7nm.1n2hcun.rcgu.o:(.rodata..Lanon.5eec4bfd8aa2a124c3998005364e91e3.1)
800018fb 800018fb       2a     1                 .Lanon.5eec4bfd8aa2a124c3998005364e91e3.1
800018fb 800018fb        0     1                 $d
80001928 80001928        8     4         /home/heng/test/rust_xv6/target/riscv32imac-unknown-none-elf/debug/deps/kernel-0b19a0fdbad40890.3gh1a8zi3nmbswewc9ddzk7nm.1n2hcun.rcgu.o:(.rodata..Lanon.5eec4bfd8aa2a124c3998005364e91e3.2)
80001928 80001928        8     1                 .Lanon.5eec4bfd8aa2a124c3998005364e91e3.2
80001928 80001928        0     1                 $d
80001930 80001930       10     4         /home/heng/test/rust_xv6/target/riscv32imac-unknown-none-elf/debug/deps/kernel-0b19a0fdbad40890.3gh1a8zi3nmbswewc9ddzk7nm.1n2hcun.rcgu.o:(.rodata..Lanon.5eec4bfd8aa2a124c3998005364e91e3.4)
80001930 80001930       10     1                 .Lanon.5eec4bfd8aa2a124c3998005364e91e3.4
80001930 80001930        0     1                 $d
80001940 80001940        8     4         <internal>:(.rodata.cst8)
80001948 80001948       10     4         /home/heng/test/rust_xv6/target/riscv32imac-unknown-none-elf/debug/deps/kernel-0b19a0fdbad40890.3gh1a8zi3nmbswewc9ddzk7nm.1n2hcun.rcgu.o:(.rodata..Lanon.5eec4bfd8aa2a124c3998005364e91e3.7)
80001948 80001948       10     1                 .Lanon.5eec4bfd8aa2a124c3998005364e91e3.7
80001948 80001948        0     1                 $d
80001958 80001958        9     1         /home/heng/test/rust_xv6/target/riscv32imac-unknown-none-elf/debug/deps/kernel-0b19a0fdbad40890.6itcjp17g805mgszkci92d6en.1n2hcun.rcgu.o:(.rodata..Lanon.4743a52035d6d8100c85e8d81f82b9ec.0)
80001958 80001958        9     1                 .Lanon.4743a52035d6d8100c85e8d81f82b9ec.0
80001958 80001958        0     1                 $d
80001964 80001964        8     4         /home/heng/test/rust_xv6/target/riscv32imac-unknown-none-elf/debug/deps/kernel-0b19a0fdbad40890.6itcjp17g805mgszkci92d6en.1n2hcun.rcgu.o:(.rodata..Lanon.4743a52035d6d8100c85e8d81f82b9ec.1)
80001964 80001964        8     1                 .Lanon.4743a52035d6d8100c85e8d81f82b9ec.1
80001964 80001964        0     1                 $d
8000196c 8000196c        1     1         /home/heng/test/rust_xv6/target/riscv32imac-unknown-none-elf/debug/deps/kernel-0b19a0fdbad40890.6itcjp17g805mgszkci92d6en.1n2hcun.rcgu.o:(.rodata..Lanon.4743a52035d6d8100c85e8d81f82b9ec.2)
8000196c 8000196c        1     1                 .Lanon.4743a52035d6d8100c85e8d81f82b9ec.2
8000196c 8000196c        0     1                 $d
8000196d 8000196d        1     1         /home/heng/test/rust_xv6/target/riscv32imac-unknown-none-elf/debug/deps/kernel-0b19a0fdbad40890.6itcjp17g805mgszkci92d6en.1n2hcun.rcgu.o:(.rodata..Lanon.4743a52035d6d8100c85e8d81f82b9ec.3)
8000196d 8000196d        1     1                 .Lanon.4743a52035d6d8100c85e8d81f82b9ec.3
8000196d 8000196d        0     1                 $d
80001970 80001970       10     4         /home/heng/test/rust_xv6/target/riscv32imac-unknown-none-elf/debug/deps/kernel-0b19a0fdbad40890.6itcjp17g805mgszkci92d6en.1n2hcun.rcgu.o:(.rodata..Lanon.4743a52035d6d8100c85e8d81f82b9ec.4)
80001970 80001970       10     1                 .Lanon.4743a52035d6d8100c85e8d81f82b9ec.4
80001970 80001970        0     1                 $d
80001980 80001980        2     1         /home/heng/test/rust_xv6/target/riscv32imac-unknown-none-elf/debug/deps/kernel-0b19a0fdbad40890.6itcjp17g805mgszkci92d6en.1n2hcun.rcgu.o:(.rodata..Lanon.4743a52035d6d8100c85e8d81f82b9ec.5)
80001980 80001980        2     1                 .Lanon.4743a52035d6d8100c85e8d81f82b9ec.5
80001980 80001980        0     1                 $d
80001984 80001984        8     4         /home/heng/test/rust_xv6/target/riscv32imac-unknown-none-elf/debug/deps/kernel-0b19a0fdbad40890.6itcjp17g805mgszkci92d6en.1n2hcun.rcgu.o:(.rodata..Lanon.4743a52035d6d8100c85e8d81f82b9ec.6)
80001984 80001984        8     1                 .Lanon.4743a52035d6d8100c85e8d81f82b9ec.6
80001984 80001984        0     1                 $d
8000198c 8000198c        f     1         /home/heng/test/rust_xv6/target/riscv32imac-unknown-none-elf/debug/deps/kernel-0b19a0fdbad40890.6itcjp17g805mgszkci92d6en.1n2hcun.rcgu.o:(.rodata..Lanon.4743a52035d6d8100c85e8d81f82b9ec.7)
8000198c 8000198c        f     1                 .Lanon.4743a52035d6d8100c85e8d81f82b9ec.7
8000198c 8000198c        0     1                 $d
8000199c 8000199c        8     4         /home/heng/test/rust_xv6/target/riscv32imac-unknown-none-elf/debug/deps/kernel-0b19a0fdbad40890.6itcjp17g805mgszkci92d6en.1n2hcun.rcgu.o:(.rodata..Lanon.4743a52035d6d8100c85e8d81f82b9ec.8)
8000199c 8000199c        8     1                 .Lanon.4743a52035d6d8100c85e8d81f82b9ec.8
8000199c 8000199c        0     1                 $d
800019a4 800019a4       2f     1         /home/heng/test/rust_xv6/target/riscv32imac-unknown-none-elf/debug/deps/kernel-0b19a0fdbad40890.6itcjp17g805mgszkci92d6en.1n2hcun.rcgu.o:(.rodata..Lanon.4743a52035d6d8100c85e8d81f82b9ec.9)
800019a4 800019a4       2f     1                 .Lanon.4743a52035d6d8100c85e8d81f82b9ec.9
800019a4 800019a4        0     1                 $d
800019d4 800019d4        8     4         /home/heng/test/rust_xv6/target/riscv32imac-unknown-none-elf/debug/deps/kernel-0b19a0fdbad40890.6itcjp17g805mgszkci92d6en.1n2hcun.rcgu.o:(.rodata..Lanon.4743a52035d6d8100c85e8d81f82b9ec.10)
800019d4 800019d4        8     1                 .Lanon.4743a52035d6d8100c85e8d81f82b9ec.10
800019d4 800019d4        0     1                 $d
800019dc 800019dc       10     4         /home/heng/test/rust_xv6/target/riscv32imac-unknown-none-elf/debug/deps/kernel-0b19a0fdbad40890.7nuwazzsbqt643i91j6yogoxn.1n2hcun.rcgu.o:(.rodata..Lanon.e48b562c8b946e8bf673a5bfcad4371f.1)
800019dc 800019dc       10     1                 .Lanon.e48b562c8b946e8bf673a5bfcad4371f.1
800019dc 800019dc        0     1                 $d
800019ec 800019ec       10     4         /home/heng/test/rust_xv6/target/riscv32imac-unknown-none-elf/debug/deps/kernel-0b19a0fdbad40890.7nuwazzsbqt643i91j6yogoxn.1n2hcun.rcgu.o:(.rodata..Lanon.e48b562c8b946e8bf673a5bfcad4371f.2)
800019ec 800019ec       10     1                 .Lanon.e48b562c8b946e8bf673a5bfcad4371f.2
800019ec 800019ec        0     1                 $d
800019fc 800019fc       10     4         /home/heng/test/rust_xv6/target/riscv32imac-unknown-none-elf/debug/deps/kernel-0b19a0fdbad40890.7nuwazzsbqt643i91j6yogoxn.1n2hcun.rcgu.o:(.rodata..Lanon.e48b562c8b946e8bf673a5bfcad4371f.3)
800019fc 800019fc       10     1                 .Lanon.e48b562c8b946e8bf673a5bfcad4371f.3
800019fc 800019fc        0     1                 $d
80001a0c 80001a0c       10     4         /home/heng/test/rust_xv6/target/riscv32imac-unknown-none-elf/debug/deps/kernel-0b19a0fdbad40890.7nuwazzsbqt643i91j6yogoxn.1n2hcun.rcgu.o:(.rodata..Lanon.e48b562c8b946e8bf673a5bfcad4371f.4)
80001a0c 80001a0c       10     1                 .Lanon.e48b562c8b946e8bf673a5bfcad4371f.4
80001a0c 80001a0c        0     1                 $d
80001a1c 80001a1c        2     1         /home/heng/test/rust_xv6/target/riscv32imac-unknown-none-elf/debug/deps/kernel-0b19a0fdbad40890.94ml1t0pegiakzk20unsc1w33.1n2hcun.rcgu.o:(.rodata..Lanon.c3ae320750cb421c553bc5a9372fd8fe.0)
80001a1c 80001a1c        2     1                 .Lanon.c3ae320750cb421c553bc5a9372fd8fe.0
80001a1c 80001a1c        0     1                 $d
80001a1e 80001a1e       d6     1         /home/heng/test/rust_xv6/target/riscv32imac-unknown-none-elf/debug/deps/kernel-0b19a0fdbad40890.aabz52r36qcjy9s179frfo0m9.1n2hcun.rcgu.o:(.rodata..Lanon.f4a7a31be699e60f675dea76205c0c4a.0)
80001a1e 80001a1e       d6     1                 .Lanon.f4a7a31be699e60f675dea76205c0c4a.0
80001a1e 80001a1e        0     1                 $d
80001af4 80001af4       2a     1         /home/heng/test/rust_xv6/target/riscv32imac-unknown-none-elf/debug/deps/kernel-0b19a0fdbad40890.aabz52r36qcjy9s179frfo0m9.1n2hcun.rcgu.o:(.rodata..Lanon.f4a7a31be699e60f675dea76205c0c4a.1)
80001af4 80001af4       2a     1                 .Lanon.f4a7a31be699e60f675dea76205c0c4a.1
80001af4 80001af4        0     1                 $d
80001b20 80001b20        8     4         /home/heng/test/rust_xv6/target/riscv32imac-unknown-none-elf/debug/deps/kernel-0b19a0fdbad40890.aabz52r36qcjy9s179frfo0m9.1n2hcun.rcgu.o:(.rodata..Lanon.f4a7a31be699e60f675dea76205c0c4a.2)
80001b20 80001b20        8     1                 .Lanon.f4a7a31be699e60f675dea76205c0c4a.2
80001b20 80001b20        0     1                 $d
80001b28 80001b28       10     4         /home/heng/test/rust_xv6/target/riscv32imac-unknown-none-elf/debug/deps/kernel-0b19a0fdbad40890.aabz52r36qcjy9s179frfo0m9.1n2hcun.rcgu.o:(.rodata..Lanon.f4a7a31be699e60f675dea76205c0c4a.5)
80001b28 80001b28       10     1                 .Lanon.f4a7a31be699e60f675dea76205c0c4a.5
80001b28 80001b28        0     1                 $d
80001b38 80001b38       d7     1         /home/heng/test/rust_xv6/target/riscv32imac-unknown-none-elf/debug/deps/kernel-0b19a0fdbad40890.aabz52r36qcjy9s179frfo0m9.1n2hcun.rcgu.o:(.rodata..Lanon.f4a7a31be699e60f675dea76205c0c4a.6)
80001b38 80001b38       d7     1                 .Lanon.f4a7a31be699e60f675dea76205c0c4a.6
80001b38 80001b38        0     1                 $d
80001c10 80001c10       18     4         /home/heng/test/rust_xv6/target/riscv32imac-unknown-none-elf/debug/deps/kernel-0b19a0fdbad40890.cb9jdhe0t49bb3sf5hw7f896f.1n2hcun.rcgu.o:(.rodata..Lanon.58055bb653bde085f160555826298201.1)
80001c10 80001c10       18     1                 .Lanon.58055bb653bde085f160555826298201.1
80001c10 80001c10        0     1                 $d
80001c28 80001c28        2     1         /home/heng/.rustup/toolchains/stable-x86_64-unknown-linux-gnu/lib/rustlib/riscv32imac-unknown-none-elf/lib/libcore-77d68843c659ba41.rlib(core-77d68843c659ba41.core.80a87c20f2f0c8ad-cgu.0.rcgu.o):(.rodata..Lanon.588449e1fa29594d8fe47d2cad876ec1.2)
80001c28 80001c28        2     1                 .Lanon.588449e1fa29594d8fe47d2cad876ec1.2
80001c28 80001c28        0     1                 $d
80001c2a 80001c2a       c8     1         /home/heng/.rustup/toolchains/stable-x86_64-unknown-linux-gnu/lib/rustlib/riscv32imac-unknown-none-elf/lib/libcore-77d68843c659ba41.rlib(core-77d68843c659ba41.core.80a87c20f2f0c8ad-cgu.0.rcgu.o):(.rodata..Lanon.588449e1fa29594d8fe47d2cad876ec1.20)
80001c2a 80001c2a       c8     1                 .Lanon.588449e1fa29594d8fe47d2cad876ec1.20
80001c2a 80001c2a        0     1                 $d
80001cf4 80001cf4       10     4         <internal>:(.rodata.cst16)
80001d04 80001d04       1c     1         /home/heng/.rustup/toolchains/stable-x86_64-unknown-linux-gnu/lib/rustlib/riscv32imac-unknown-none-elf/lib/libcore-77d68843c659ba41.rlib(core-77d68843c659ba41.core.80a87c20f2f0c8ad-cgu.0.rcgu.o):(.rodata..Lanon.588449e1fa29594d8fe47d2cad876ec1.91)
80001d04 80001d04       1c     1                 .Lanon.588449e1fa29594d8fe47d2cad876ec1.91
80001d04 80001d04        0     1                 $d
80001d20 80001d20        8     4         /home/heng/.rustup/toolchains/stable-x86_64-unknown-linux-gnu/lib/rustlib/riscv32imac-unknown-none-elf/lib/libcore-77d68843c659ba41.rlib(core-77d68843c659ba41.core.80a87c20f2f0c8ad-cgu.0.rcgu.o):(.rodata..Lanon.588449e1fa29594d8fe47d2cad876ec1.92)
80001d20 80001d20        8     1                 .Lanon.588449e1fa29594d8fe47d2cad876ec1.92
80001d20 80001d20        0     1                 $d
80001d28 80001d28       12     1         /home/heng/.rustup/toolchains/stable-x86_64-unknown-linux-gnu/lib/rustlib/riscv32imac-unknown-none-elf/lib/libcore-77d68843c659ba41.rlib(core-77d68843c659ba41.core.80a87c20f2f0c8ad-cgu.0.rcgu.o):(.rodata..Lanon.588449e1fa29594d8fe47d2cad876ec1.252)
80001d28 80001d28       12     1                 .Lanon.588449e1fa29594d8fe47d2cad876ec1.252
80001d28 80001d28        0     1                 $d
80001d3a 80001d3a       13     1         /home/heng/.rustup/toolchains/stable-x86_64-unknown-linux-gnu/lib/rustlib/riscv32imac-unknown-none-elf/lib/libcore-77d68843c659ba41.rlib(core-77d68843c659ba41.core.80a87c20f2f0c8ad-cgu.0.rcgu.o):(.rodata..Lanon.588449e1fa29594d8fe47d2cad876ec1.253)
80001d3a 80001d3a       13     1                 .Lanon.588449e1fa29594d8fe47d2cad876ec1.253
80001d3a 80001d3a        0     1                 $d
80001d4d 80001d4d       15     1         /home/heng/.rustup/toolchains/stable-x86_64-unknown-linux-gnu/lib/rustlib/riscv32imac-unknown-none-elf/lib/libcore-77d68843c659ba41.rlib(core-77d68843c659ba41.core.80a87c20f2f0c8ad-cgu.0.rcgu.o):(.rodata..Lanon.588449e1fa29594d8fe47d2cad876ec1.254)
80001d4d 80001d4d       15     1                 .Lanon.588449e1fa29594d8fe47d2cad876ec1.254
80001d4d 80001d4d        0     1                 $d
80001d64 80001d64       18     4         /home/heng/.rustup/toolchains/stable-x86_64-unknown-linux-gnu/lib/rustlib/riscv32imac-unknown-none-elf/lib/libcore-77d68843c659ba41.rlib(core-77d68843c659ba41.core.80a87c20f2f0c8ad-cgu.0.rcgu.o):(.rodata..Lanon.588449e1fa29594d8fe47d2cad876ec1.255)
80001d64 80001d64       18     1                 .Lanon.588449e1fa29594d8fe47d2cad876ec1.255
80001d64 80001d64        0     1                 $d
80001d7c 80001d7c       48     4         /home/heng/.rustup/toolchains/stable-x86_64-unknown-linux-gnu/lib/rustlib/riscv32imac-unknown-none-elf/lib/libcore-77d68843c659ba41.rlib(core-77d68843c659ba41.core.80a87c20f2f0c8ad-cgu.0.rcgu.o):(.rodata..Lanon.588449e1fa29594d8fe47d2cad876ec1.256)
80001d7c 80001d7c       48     1                 .Lanon.588449e1fa29594d8fe47d2cad876ec1.256
80001d7c 80001d7c        0     1                 $d
80001dc4 80001dc4       19     1         /home/heng/.rustup/toolchains/stable-x86_64-unknown-linux-gnu/lib/rustlib/riscv32imac-unknown-none-elf/lib/libcore-77d68843c659ba41.rlib(core-77d68843c659ba41.core.80a87c20f2f0c8ad-cgu.0.rcgu.o):(.rodata..Lanon.588449e1fa29594d8fe47d2cad876ec1.316)
80001dc4 80001dc4       19     1                 .Lanon.588449e1fa29594d8fe47d2cad876ec1.316
80001dc4 80001dc4        0     1                 $d
80001de0 80001de0        8     4         /home/heng/.rustup/toolchains/stable-x86_64-unknown-linux-gnu/lib/rustlib/riscv32imac-unknown-none-elf/lib/libcore-77d68843c659ba41.rlib(core-77d68843c659ba41.core.80a87c20f2f0c8ad-cgu.0.rcgu.o):(.rodata..Lanon.588449e1fa29594d8fe47d2cad876ec1.317)
80001de0 80001de0        8     1                 .Lanon.588449e1fa29594d8fe47d2cad876ec1.317
80001de0 80001de0        0     1                 $d
80001de8 80001de8        0     1 _sidata = .
80001de8 80001de8        0     1 .data
80001de8 80001de8        0     1         _sdata = .
80001de8 80001de8        0     1         . = ALIGN(4)
80001de8 80001de8        0     1         _edata = .
80001de8 80001de8        0     1 .bss
80001de8 80001de8        0     1         _sbss = .
80001de8 80001de8        0     1         . = ALIGN(4)
80001de8 80001de8        0     1         _ebss = .
80001df0 80001df0    10000     1 .stack
80001df0 80001df0        0     1         _stack_bottom = .
80001df0 80001df0    10000     1         . += 0x10000
80011df0 80011df0        0     1         _stack_top = .
80011df0 80011df0        0     1 _heap_start = _stack_top
80011df0 80011df0        0     1 _heap_end = ORIGIN(RAM) + LENGTH(RAM)
       0        0     27be     1 .debug_abbrev
       0        0      168     1         /home/heng/test/rust_xv6/target/riscv32imac-unknown-none-elf/debug/deps/kernel-0b19a0fdbad40890.0smgbymmcljy047vchaxo2oaz.1n2hcun.rcgu.o:(.debug_abbrev)
       0        0        0     1                 $d
     168      168      1e4     1         /home/heng/test/rust_xv6/target/riscv32imac-unknown-none-elf/debug/deps/kernel-0b19a0fdbad40890.3gh1a8zi3nmbswewc9ddzk7nm.1n2hcun.rcgu.o:(.debug_abbrev)
     168      168        0     1                 $d
     34c      34c      10e     1         /home/heng/test/rust_xv6/target/riscv32imac-unknown-none-elf/debug/deps/kernel-0b19a0fdbad40890.57oml2z2t8pokdj6slww9wxkh.1n2hcun.rcgu.o:(.debug_abbrev)
     34c      34c        0     1                 $d
     45a      45a      137     1         /home/heng/test/rust_xv6/target/riscv32imac-unknown-none-elf/debug/deps/kernel-0b19a0fdbad40890.6itcjp17g805mgszkci92d6en.1n2hcun.rcgu.o:(.debug_abbrev)
     45a      45a        0     1                 $d
     591      591      16f     1         /home/heng/test/rust_xv6/target/riscv32imac-unknown-none-elf/debug/deps/kernel-0b19a0fdbad40890.7nuwazzsbqt643i91j6yogoxn.1n2hcun.rcgu.o:(.debug_abbrev)
     591      591        0     1                 $d
     700      700       53     1         /home/heng/test/rust_xv6/target/riscv32imac-unknown-none-elf/debug/deps/kernel-0b19a0fdbad40890.7ri45ahcjqs8vuu5jn8kev7fk.1n2hcun.rcgu.o:(.debug_abbrev)
     700      700        0     1                 $d
     753      753       d4     1         /home/heng/test/rust_xv6/target/riscv32imac-unknown-none-elf/debug/deps/kernel-0b19a0fdbad40890.8j5y4eoyt7593tw0d59tzsb2k.1n2hcun.rcgu.o:(.debug_abbrev)
     753      753        0     1                 $d
[...]
     4c4      4c4        0     1                 .L0 
     4c4      4c4        0     1                 $d
       0        0    26069     1 .debug_line
       0        0      4a6     1         /home/heng/test/rust_xv6/target/riscv32imac-unknown-none-elf/debug/deps/kernel-0b19a0fdbad40890.0smgbymmcljy047vchaxo2oaz.1n2hcun.rcgu.o:(.debug_line)
       0        0        0     1                 .Lline_table_start0
       0        0        0     1                 $d
     4a6      4a6      416     1         /home/heng/test/rust_xv6/target/riscv32imac-unknown-none-elf/debug/deps/kernel-0b19a0fdbad40890.3gh1a8zi3nmbswewc9ddzk7nm.1n2hcun.rcgu.o:(.debug_line)
     4a6      4a6        0     1                 .Lline_table_start0
     4a6      4a6        0     1                 $d
     8bc      8bc       cd     1         /home/heng/test/rust_xv6/target/riscv32imac-unknown-none-elf/debug/deps/kernel-0b19a0fdbad40890.57oml2z2t8pokdj6slww9wxkh.1n2hcun.rcgu.o:(.debug_line)
     8bc      8bc        0     1                 .Lline_table_start0
     8bc      8bc        0     1                 $d
     989      989       be     1         /home/heng/test/rust_xv6/target/riscv32imac-unknown-none-elf/debug/deps/kernel-0b19a0fdbad40890.6itcjp17g805mgszkci92d6en.1n2hcun.rcgu.o:(.debug_line)
     989      989        0     1                 .Lline_table_start0
     989      989        0     1                 $d
     a47      a47      174     1         /home/heng/test/rust_xv6/target/riscv32imac-unknown-none-elf/debug/deps/kernel-0b19a0fdbad40890.7nuwazzsbqt643i91j6yogoxn.1n2hcun.rcgu.o:(.debug_line)
     a47      a47        0     1                 .Lline_table_start0
     a47      a47        0     1                 $d
     bbb      bbb       ac     1         /home/heng/test/rust_xv6/target/riscv32imac-unknown-none-elf/debug/deps/kernel-0b19a0fdbad40890.7ri45ahcjqs8vuu5jn8kev7fk.1n2hcun.rcgu.o:(.debug_line)
     bbb      bbb        0     1                 .Lline_table_start0
     bbb      bbb        0     1                 $d
     c67      c67       dc     1         /home/heng/test/rust_xv6/target/riscv32imac-unknown-none-elf/debug/deps/kernel-0b19a0fdbad40890.8j5y4eoyt7593tw0d59tzsb2k.1n2hcun.rcgu.o:(.debug_line)
     c67      c67        0     1                 .Lline_table_start0
     c67      c67        0     1                 $d
     d43      d43      148     1         /home/heng/test/rust_xv6/target/riscv32imac-unknown-none-elf/debug/deps/kernel-0b19a0fdbad40890.93f8jgy7ie8nhvazxjhbh0in8.1n2hcun.rcgu.o:(.debug_line)
     d43      d43        0     1                 .Lline_table_start0
     d43      d43        0     1                 $d
     e8b      e8b      1cd     1         /home/heng/test/rust_xv6/target/riscv32imac-unknown-none-elf/debug/deps/kernel-0b19a0fdbad40890.94ml1t0pegiakzk20unsc1w33.1n2hcun.rcgu.o:(.debug_line)
     e8b      e8b        0     1                 .Lline_table_start0
     e8b      e8b        0     1                 $d
    1058     1058      39a     1         /home/heng/test/rust_xv6/target/riscv32imac-unknown-none-elf/debug/deps/kernel-0b19a0fdbad40890.aabz52r36qcjy9s179frfo0m9.1n2hcun.rcgu.o:(.debug_line)
    1058     1058        0     1                 .Lline_table_start0
    1058     1058        0     1                 $d
    13f2     13f2      22e     1         /home/heng/test/rust_xv6/target/riscv32imac-unknown-none-elf/debug/deps/kernel-0b19a0fdbad40890.cb9jdhe0t49bb3sf5hw7f896f.1n2hcun.rcgu.o:(.debug_line)
    13f2     13f2        0     1                 .Lline_table_start0
    13f2     13f2        0     1                 $d
    1620     1620       b1     1         /home/heng/test/rust_xv6/target/riscv32imac-unknown-none-elf/debug/deps/kernel-0b19a0fdbad40890.crver7j73l359n0l9u5k7j4ha.1n2hcun.rcgu.o:(.debug_line)
    1620     1620        0     1                 .Lline_table_start0
    1620     1620        0     1                 $d
    16d1     16d1      106     1         /home/heng/test/rust_xv6/target/riscv32imac-unknown-none-elf/debug/deps/kernel-0b19a0fdbad40890.dhuqa1608uybyofvb6mwduxet.1n2hcun.rcgu.o:(.debug_line)
    16d1     16d1        0     1                 .Lline_table_start0
    16d1     16d1        0     1                 $d
    17d7     17d7      187     1         /home/heng/test/rust_xv6/target/riscv32imac-unknown-none-elf/debug/deps/kernel-0b19a0fdbad40890.drs4kotumxn9a7vjzrvyl06cs.1n2hcun.rcgu.o:(.debug_line)
    17d7     17d7        0     1                 .Lline_table_start0
    17d7     17d7        0     1                 $d
    195e     195e      1a7     1         /home/heng/test/rust_xv6/target/riscv32imac-unknown-none-elf/debug/deps/kernel-0b19a0fdbad40890.dxjjeod4si3ajcqh1c7uqsbhb.1n2hcun.rcgu.o:(.debug_line)
    195e     195e        0     1                 .Lline_table_start0
    195e     195e        0     1                 $d
    1b05     1b05      228     1         /home/heng/test/rust_xv6/target/riscv32imac-unknown-none-elf/debug/deps/kernel-0b19a0fdbad40890.e9wvwqg9ewq5u40p2w2jqplqk.1n2hcun.rcgu.o:(.debug_line)
    1b05     1b05        0     1                 .Lline_table_start0
    1b05     1b05        0     1                 $d
    1d2d     1d2d       b1     1         /home/heng/test/rust_xv6/target/riscv32imac-unknown-none-elf/debug/deps/kernel-0b19a0fdbad40890.eu30gzeigymvbw3a4bjz2pjss.1n2hcun.rcgu.o:(.debug_line)
    1d2d     1d2d        0     1                 .Lline_table_start0
    1d2d     1d2d        0     1                 $d
    1dde     1dde    1d8f2     1         /home/heng/.rustup/toolchains/stable-x86_64-unknown-linux-gnu/lib/rustlib/riscv32imac-unknown-none-elf/lib/libcore-77d68843c659ba41.rlib(core-77d68843c659ba41.core.80a87c20f2f0c8ad-cgu.0.rcgu.o):(.debug_line)
    1dde     1dde        0     1                 .Lline_table_start0
    1dde     1dde        0     1                 $d
   1f6d0    1f6d0       eb     1         /home/heng/.rustup/toolchains/stable-x86_64-unknown-linux-gnu/lib/rustlib/riscv32imac-unknown-none-elf/lib/libcompiler_builtins-64f6262a41c305b9.rlib(compiler_builtins-64f6262a41c305b9.compiler_builtins.35375b1fd3674e3b-cgu.105.rcgu.o):(.debug_line)
   1f6d0    1f6d0        0     1                 .Lline_table_start0
   1f6d0    1f6d0        0     1                 $d
   1f7bb    1f7bb      3a2     1         /home/heng/.rustup/toolchains/stable-x86_64-unknown-linux-gnu/lib/rustlib/riscv32imac-unknown-none-elf/lib/libcompiler_builtins-64f6262a41c305b9.rlib(compiler_builtins-64f6262a41c305b9.compiler_builtins.35375b1fd3674e3b-cgu.156.rcgu.o):(.debug_line)
   1f7bb    1f7bb        0     1                 .Lline_table_start0
   1f7bb    1f7bb        0     1                 $d
   1fa2a    1fa2a        0     1                 .Lline_table_start1
   1fb5d    1fb5d      2c0     1         /home/heng/.rustup/toolchains/stable-x86_64-unknown-linux-gnu/lib/rustlib/riscv32imac-unknown-none-elf/lib/libcompiler_builtins-64f6262a41c305b9.rlib(compiler_builtins-64f6262a41c305b9.compiler_builtins.35375b1fd3674e3b-cgu.158.rcgu.o):(.debug_line)
   1fb5d    1fb5d        0     1                 .Lline_table_start0
   1fb5d    1fb5d        0     1                 $d
   1fd11    1fd11        0     1                 .Lline_table_start1
   1fdc2    1fdc2        0     1                 .Lline_table_start2
   1fe1d    1fe1d      2bc     1         /home/heng/.rustup/toolchains/stable-x86_64-unknown-linux-gnu/lib/rustlib/riscv32imac-unknown-none-elf/lib/libcompiler_builtins-64f6262a41c305b9.rlib(compiler_builtins-64f6262a41c305b9.compiler_builtins.35375b1fd3674e3b-cgu.166.rcgu.o):(.debug_line)
   1fe1d    1fe1d        0     1                 .Lline_table_start0
   1fe1d    1fe1d        0     1                 $d
   20004    20004        0     1                 .Lline_table_start1
   200d9    200d9      2f6     1         /home/heng/.rustup/toolchains/stable-x86_64-unknown-linux-gnu/lib/rustlib/riscv32imac-unknown-none-elf/lib/libcompiler_builtins-64f6262a41c305b9.rlib(compiler_builtins-64f6262a41c305b9.compiler_builtins.35375b1fd3674e3b-cgu.184.rcgu.o):(.debug_line)
   200d9    200d9        0     1                 .Lline_table_start0
   200d9    200d9        0     1                 $d
   202c4    202c4        0     1                 .Lline_table_start1
   203cf    203cf      118     1         /home/heng/.rustup/toolchains/stable-x86_64-unknown-linux-gnu/lib/rustlib/riscv32imac-unknown-none-elf/lib/libcompiler_builtins-64f6262a41c305b9.rlib(compiler_builtins-64f6262a41c305b9.compiler_builtins.35375b1fd3674e3b-cgu.185.rcgu.o):(.debug_line)
   203cf    203cf        0     1                 .Lline_table_start0
   203cf    203cf        0     1                 $d
   2048c    2048c        0     1                 .Lline_table_start1
   204e7    204e7      a08     1         /home/heng/.rustup/toolchains/stable-x86_64-unknown-linux-gnu/lib/rustlib/riscv32imac-unknown-none-elf/lib/libcompiler_builtins-64f6262a41c305b9.rlib(compiler_builtins-64f6262a41c305b9.compiler_builtins.35375b1fd3674e3b-cgu.006.rcgu.o):(.debug_line)
   204e7    204e7        0     1                 .Lline_table_start0
   204e7    204e7        0     1                 $d
   20eef    20eef       6e     1         /home/heng/.rustup/toolchains/stable-x86_64-unknown-linux-gnu/lib/rustlib/riscv32imac-unknown-none-elf/lib/libcompiler_builtins-64f6262a41c305b9.rlib(compiler_builtins-64f6262a41c305b9.compiler_builtins.35375b1fd3674e3b-cgu.207.rcgu.o):(.debug_line)
   20eef    20eef        0     1                 .Lline_table_start0
   20eef    20eef        0     1                 $d
   20f5d    20f5d      971     1         /home/heng/.rustup/toolchains/stable-x86_64-unknown-linux-gnu/lib/rustlib/riscv32imac-unknown-none-elf/lib/libcompiler_builtins-64f6262a41c305b9.rlib(compiler_builtins-64f6262a41c305b9.compiler_builtins.35375b1fd3674e3b-cgu.012.rcgu.o):(.debug_line)
   20f5d    20f5d        0     1                 .Lline_table_start0
   20f5d    20f5d        0     1                 $d
   218ce    218ce       6e     1         /home/heng/.rustup/toolchains/stable-x86_64-unknown-linux-gnu/lib/rustlib/riscv32imac-unknown-none-elf/lib/libcompiler_builtins-64f6262a41c305b9.rlib(compiler_builtins-64f6262a41c305b9.compiler_builtins.35375b1fd3674e3b-cgu.212.rcgu.o):(.debug_line)
   218ce    218ce        0     1                 .Lline_table_start0
   218ce    218ce        0     1                 $d
   2193c    2193c     119b     1         /home/heng/.rustup/toolchains/stable-x86_64-unknown-linux-gnu/lib/rustlib/riscv32imac-unknown-none-elf/lib/libcompiler_builtins-64f6262a41c305b9.rlib(compiler_builtins-64f6262a41c305b9.compiler_builtins.35375b1fd3674e3b-cgu.003.rcgu.o):(.debug_line)
   2193c    2193c        0     1                 .Lline_table_start0
   2193c    2193c        0     1                 $d
   22a0f    22a0f        0     1                 .Lline_table_start1
   22a78    22a78        0     1                 .Lline_table_start2
   22ad7    22ad7      650     1         /home/heng/.rustup/toolchains/stable-x86_64-unknown-linux-gnu/lib/rustlib/riscv32imac-unknown-none-elf/lib/libcompiler_builtins-64f6262a41c305b9.rlib(compiler_builtins-64f6262a41c305b9.compiler_builtins.35375b1fd3674e3b-cgu.017.rcgu.o):(.debug_line)
   22ad7    22ad7        0     1                 .Lline_table_start0
   22ad7    22ad7        0     1                 $d
   23127    23127      11d     1         /home/heng/.rustup/toolchains/stable-x86_64-unknown-linux-gnu/lib/rustlib/riscv32imac-unknown-none-elf/lib/libcompiler_builtins-64f6262a41c305b9.rlib(compiler_builtins-64f6262a41c305b9.compiler_builtins.35375b1fd3674e3b-cgu.224.rcgu.o):(.debug_line)
   23127    23127        0     1                 .Lline_table_start0
   23127    23127        0     1                 $d
   231e9    231e9        0     1                 .Lline_table_start1
   23244    23244      46b     1         /home/heng/.rustup/toolchains/stable-x86_64-unknown-linux-gnu/lib/rustlib/riscv32imac-unknown-none-elf/lib/libcompiler_builtins-64f6262a41c305b9.rlib(compiler_builtins-64f6262a41c305b9.compiler_builtins.35375b1fd3674e3b-cgu.242.rcgu.o):(.debug_line)
   23244    23244        0     1                 .Lline_table_start0
   23244    23244        0     1                 $d
   2357d    2357d        0     1                 .Lline_table_start1
   236af    236af      118     1         /home/heng/.rustup/toolchains/stable-x86_64-unknown-linux-gnu/lib/rustlib/riscv32imac-unknown-none-elf/lib/libcompiler_builtins-64f6262a41c305b9.rlib(compiler_builtins-64f6262a41c305b9.compiler_builtins.35375b1fd3674e3b-cgu.268.rcgu.o):(.debug_line)
   236af    236af        0     1                 .Lline_table_start0
   236af    236af        0     1                 $d
   2376c    2376c        0     1                 .Lline_table_start1
   237c7    237c7      230     1         /home/heng/.rustup/toolchains/stable-x86_64-unknown-linux-gnu/lib/rustlib/riscv32imac-unknown-none-elf/lib/libcompiler_builtins-64f6262a41c305b9.rlib(compiler_builtins-64f6262a41c305b9.compiler_builtins.35375b1fd3674e3b-cgu.270.rcgu.o):(.debug_line)
   237c7    237c7        0     1                 .Lline_table_start0
   237c7    237c7        0     1                 $d
   23922    23922        0     1                 .Lline_table_start1
   239f7    239f7      2d2     1         /home/heng/.rustup/toolchains/stable-x86_64-unknown-linux-gnu/lib/rustlib/riscv32imac-unknown-none-elf/lib/libcompiler_builtins-64f6262a41c305b9.rlib(compiler_builtins-64f6262a41c305b9.compiler_builtins.35375b1fd3674e3b-cgu.274.rcgu.o):(.debug_line)
   239f7    239f7        0     1                 .Lline_table_start0
   239f7    239f7        0     1                 $d
   23bf4    23bf4        0     1                 .Lline_table_start1
   23cc9    23cc9      2d2     1         /home/heng/.rustup/toolchains/stable-x86_64-unknown-linux-gnu/lib/rustlib/riscv32imac-unknown-none-elf/lib/libcompiler_builtins-64f6262a41c305b9.rlib(compiler_builtins-64f6262a41c305b9.compiler_builtins.35375b1fd3674e3b-cgu.275.rcgu.o):(.debug_line)
   23cc9    23cc9        0     1                 .Lline_table_start0
   23cc9    23cc9        0     1                 $d
   23ec6    23ec6        0     1                 .Lline_table_start1
   23f9b    23f9b      2b9     1         /home/heng/.rustup/toolchains/stable-x86_64-unknown-linux-gnu/lib/rustlib/riscv32imac-unknown-none-elf/lib/libcompiler_builtins-64f6262a41c305b9.rlib(compiler_builtins-64f6262a41c305b9.compiler_builtins.35375b1fd3674e3b-cgu.290.rcgu.o):(.debug_line)
   23f9b    23f9b        0     1                 .Lline_table_start0
   23f9b    23f9b        0     1                 $d
   24148    24148        0     1                 .Lline_table_start1
   241f9    241f9        0     1                 .Lline_table_start2
   24254    24254       6e     1         /home/heng/.rustup/toolchains/stable-x86_64-unknown-linux-gnu/lib/rustlib/riscv32imac-unknown-none-elf/lib/libcompiler_builtins-64f6262a41c305b9.rlib(compiler_builtins-64f6262a41c305b9.compiler_builtins.35375b1fd3674e3b-cgu.299.rcgu.o):(.debug_line)
   24254    24254        0     1                 .Lline_table_start0
   24254    24254        0     1                 $d
   242c2    242c2     14df     1         /home/heng/.rustup/toolchains/stable-x86_64-unknown-linux-gnu/lib/rustlib/riscv32imac-unknown-none-elf/lib/libcompiler_builtins-64f6262a41c305b9.rlib(compiler_builtins-64f6262a41c305b9.compiler_builtins.35375b1fd3674e3b-cgu.000.rcgu.o):(.debug_line)
   242c2    242c2        0     1                 .Lline_table_start0
   242c2    242c2        0     1                 $d
   25745    25745        0     1                 .Lline_table_start1
   257a1    257a1      11d     1         /home/heng/.rustup/toolchains/stable-x86_64-unknown-linux-gnu/lib/rustlib/riscv32imac-unknown-none-elf/lib/libcompiler_builtins-64f6262a41c305b9.rlib(compiler_builtins-64f6262a41c305b9.compiler_builtins.35375b1fd3674e3b-cgu.303.rcgu.o):(.debug_line)
   257a1    257a1        0     1                 .Lline_table_start0
   257a1    257a1        0     1                 $d
   25863    25863        0     1                 .Lline_table_start1
   258be    258be      245     1         /home/heng/.rustup/toolchains/stable-x86_64-unknown-linux-gnu/lib/rustlib/riscv32imac-unknown-none-elf/lib/libcompiler_builtins-64f6262a41c305b9.rlib(compiler_builtins-64f6262a41c305b9.compiler_builtins.35375b1fd3674e3b-cgu.314.rcgu.o):(.debug_line)
   258be    258be        0     1                 .Lline_table_start0
   258be    258be        0     1                 $d
   25a2e    25a2e        0     1                 .Lline_table_start1
   25b03    25b03      245     1         /home/heng/.rustup/toolchains/stable-x86_64-unknown-linux-gnu/lib/rustlib/riscv32imac-unknown-none-elf/lib/libcompiler_builtins-64f6262a41c305b9.rlib(compiler_builtins-64f6262a41c305b9.compiler_builtins.35375b1fd3674e3b-cgu.318.rcgu.o):(.debug_line)
   25b03    25b03        0     1                 .Lline_table_start0
   25b03    25b03        0     1                 $d
   25c73    25c73        0     1                 .Lline_table_start1
   25d48    25d48       6e     1         /home/heng/.rustup/toolchains/stable-x86_64-unknown-linux-gnu/lib/rustlib/riscv32imac-unknown-none-elf/lib/libcompiler_builtins-64f6262a41c305b9.rlib(compiler_builtins-64f6262a41c305b9.compiler_builtins.35375b1fd3674e3b-cgu.323.rcgu.o):(.debug_line)
   25d48    25d48        0     1                 .Lline_table_start0
   25d48    25d48        0     1                 $d
   25db6    25db6      245     1         /home/heng/.rustup/toolchains/stable-x86_64-unknown-linux-gnu/lib/rustlib/riscv32imac-unknown-none-elf/lib/libcompiler_builtins-64f6262a41c305b9.rlib(compiler_builtins-64f6262a41c305b9.compiler_builtins.35375b1fd3674e3b-cgu.342.rcgu.o):(.debug_line)
   25db6    25db6        0     1                 .Lline_table_start0
   25db6    25db6        0     1                 $d
   25f26    25f26        0     1                 .Lline_table_start1
   25ffb    25ffb       6e     1         /home/heng/.rustup/toolchains/stable-x86_64-unknown-linux-gnu/lib/rustlib/riscv32imac-unknown-none-elf/lib/libcompiler_builtins-64f6262a41c305b9.rlib(compiler_builtins-64f6262a41c305b9.compiler_builtins.35375b1fd3674e3b-cgu.348.rcgu.o):(.debug_line)
   25ffb    25ffb        0     1                 .Lline_table_start0
   25ffb    25ffb        0     1                 $d
       0        0       db     1 .debug_loc
       0        0       29     1         /home/heng/test/rust_xv6/target/riscv32imac-unknown-none-elf/debug/deps/kernel-0b19a0fdbad40890.7nuwazzsbqt643i91j6yogoxn.1n2hcun.rcgu.o:(.debug_loc)
       0        0        0     1                 .L0 
       0        0        0     1                 $d
      29       29       13     1         /home/heng/test/rust_xv6/target/riscv32imac-unknown-none-elf/debug/deps/kernel-0b19a0fdbad40890.94ml1t0pegiakzk20unsc1w33.1n2hcun.rcgu.o:(.debug_loc)
      29       29        0     1                 .L0 
      29       29        0     1                 $d
      3c       3c       9f     1         /home/heng/test/rust_xv6/target/riscv32imac-unknown-none-elf/debug/deps/kernel-0b19a0fdbad40890.cb9jdhe0t49bb3sf5hw7f896f.1n2hcun.rcgu.o:(.debug_loc)
      3c       3c        0     1                 .L0 
      3c       3c        0     1                 $d
      58       58        0     1                 .L0 
      81       81        0     1                 .L0 
      b4       b4        0     1                 .L0 
       0        0     c2a0     4 .symtab
       0        0     c2a0     4         <internal>:(.symtab)
       0        0       b3     1 .shstrtab
       0        0       b3     1         <internal>:(.shstrtab)
       0        0     54b4     1 .strtab
       0        0     54b4     1         <internal>:(.strtab)
